<html>
<body>
<pre>
<h1>µVision Build Log</h1>
<h2>Tool Versions:</h2>
IDE-Version: µVision V5.38.0.0
Copyright (C) 2022 ARM Ltd and ARM Germany GmbH. All rights reserved.
License Information: Kurt Donnerwetter, freelancer, LIC=50D7S-LUZZR-BX4UY-IWJ2K-HGE9I-C075C
 
Tool Versions:
Toolchain:       MDK-ARM Professional  Version: 5.38.0.0
Toolchain Path:  C:\Keil_v535\ARM\ARMCC\Bin
C Compiler:      Armcc.exe V5.06 update 7 (build 960)
Assembler:       Armasm.exe V5.06 update 7 (build 960)
Linker/Locator:  ArmLink.exe V5.06 update 7 (build 960)
Library Manager: ArmAr.exe V5.06 update 7 (build 960)
Hex Converter:   FromElf.exe V5.06 update 7 (build 960)
CPU DLL:         SARMCM3.DLL V5.38.0.0
Dialog DLL:      DARMCM1.DLL V1.19.6.0
Target DLL:      Segger\JL2CM3.dll V2.99.42.0
Dialog DLL:      TARMCM1.DLL V1.14.6.0
 
<h2>Project:</h2>
D:\misc\old_work\RFUART-master\FW\HC32_china\zzz.uvprojx
Project File Date:  05/05/2023

<h2>Output:</h2>
*** Using Compiler 'V5.06 update 7 (build 960)', folder: 'C:\Keil_v535\ARM\ARMCC\Bin'
Rebuild target 'hc32l130f8ua'
compiling mygpio.c...
compiling myspi.c...
compiling myuart.c...
compiling main.c...
compiling myeeprom.c...
compiling mytimers.c...
compiling aes.c...
compiling testmode.c...
compiling uart_commands.c...
compiling RFM69.c...
compiling adc.c...
compiling adt.c...
compiling bgr.c...
compiling ddl.c...
compiling crc.c...
compiling debug.c...
compiling bt.c...
compiling flash.c...
compiling dmac.c...
compiling hdiv.c...
compiling gpio.c...
compiling i2c.c...
compiling lcd.c...
compiling lpm.c...
compiling lpt.c...
compiling lvd.c...
compiling opa.c...
compiling lpuart.c...
compiling reset.c...
compiling pcnt.c...
compiling rng.c...
compiling pca.c...
compiling spi.c...
compiling rtc.c...
compiling trim.c...
compiling sysctrl.c...
compiling uart.c...
compiling vc.c...
compiling wdt.c...
compiling timer3.c...
assembling startup_hc32l136.s...
compiling system_hc32l136.c...
compiling interrupts_hc32l136.c...
linking...
Program Size: Code=12208 RO-data=284 RW-data=240 ZI-data=1528  
FromELF: creating hex file...
".\Objects\zzz.axf" - 0 Error(s), 0 Warning(s).

<h2>Software Packages used:</h2>

Package Vendor: ARM
                http://www.keil.com/pack/ARM.CMSIS.5.9.0.pack
                ARM.CMSIS.5.9.0
                CMSIS (Common Microcontroller Software Interface Standard)
   * Component: CORE Version: 5.6.0

Package Vendor: HDSC
                https://raw.githubusercontent.com/hdscmcu/pack/master/HDSC.HC32L130.1.0.1.pack
                HDSC.HC32L130.1.0.1
                HC32L130 ARM Cortex-M0+ Device Family Pack

<h2>Collection of Component include folders:</h2>
  ./RTE/_hc32l130f8ua
  C:/Users/Admin/AppData/Local/Arm/Packs/ARM/CMSIS/5.9.0/CMSIS/Core/Include
  C:/Users/Admin/AppData/Local/Arm/Packs/HDSC/HC32L130/1.0.1/Device/Include

<h2>Collection of Component Files used:</h2>

   * Component: ARM::CMSIS:CORE:5.6.0
Build Time Elapsed:  00:00:03
</pre>
</body>
</html>
