Component: ARM Compiler 5.06 update 7 (build 960) Tool: armlink [4d3601]

==============================================================================

Section Cross References

    main.o(i.UART_senddata) refers to mygpio.o(i.Green_On) for Green_On
    main.o(i.UART_senddata) refers to main.o(i.convert8) for convert8
    main.o(i.UART_senddata) refers to myuart.o(i.USART_SendBlock) for USART_SendBlock
    main.o(i.UART_senddata) refers to mytimers.o(i.delay_ms) for delay_ms
    main.o(i.UART_senddata) refers to mygpio.o(i.Green_Off) for Green_Off
    main.o(i.UART_senddata) refers to main.o(.data) for .data
    main.o(i.UART_senddata) refers to rfm69.o(.bss) for RF69_RXbuffer
    main.o(i.UART_senddata) refers to myuart.o(.bss) for TXbuffer
    main.o(i.convert) refers to uidiv.o(.text) for __aeabi_uidivmod
    main.o(i.convert) refers to main.o(.data) for .data
    main.o(i.convert8) refers to uidiv.o(.text) for __aeabi_uidivmod
    main.o(i.convert8) refers to main.o(.data) for .data
    main.o(i.main) refers to sysctrl.o(i.Sysctrl_SetRCHTrim) for Sysctrl_SetRCHTrim
    main.o(i.main) refers to sysctrl.o(i.Sysctrl_ClkInit) for Sysctrl_ClkInit
    main.o(i.main) refers to sysctrl.o(i.Sysctrl_SetRCLTrim) for Sysctrl_SetRCLTrim
    main.o(i.main) refers to sysctrl.o(i.Sysctrl_ClkSourceEnable) for Sysctrl_ClkSourceEnable
    main.o(i.main) refers to sysctrl.o(i.Sysctrl_SysClkSwitch) for Sysctrl_SysClkSwitch
    main.o(i.main) refers to myeeprom.o(i.EEPROM_init) for EEPROM_init
    main.o(i.main) refers to myeeprom.o(i.EEPROM_readparameters) for EEPROM_readparameters
    main.o(i.main) refers to mygpio.o(i.initIO) for initIO
    main.o(i.main) refers to mygpio.o(i.Green_On) for Green_On
    main.o(i.main) refers to myuart.o(i.USART_init) for USART_init
    main.o(i.main) refers to myspi.o(i.initSPI) for initSPI
    main.o(i.main) refers to mytimers.o(i.initTIM0) for initTIM0
    main.o(i.main) refers to mygpio.o(i.Green_Off) for Green_Off
    main.o(i.main) refers to mygpio.o(i.Red_On) for Red_On
    main.o(i.main) refers to mytimers.o(i.delay_ms) for delay_ms
    main.o(i.main) refers to rfm69.o(i.RF69_init) for RF69_init
    main.o(i.main) refers to mygpio.o(i.Red_Off) for Red_Off
    main.o(i.main) refers to rfm69.o(i.RF69_setchannel) for RF69_setchannel
    main.o(i.main) refers to gpio.o(i.Gpio_GetInputIO) for Gpio_GetInputIO
    main.o(i.main) refers to main.o(i.user_loop) for user_loop
    main.o(i.main) refers to testmode.o(i.test_loop) for test_loop
    main.o(i.main) refers to myeeprom.o(.data) for Channel
    main.o(i.main) refers to main.o(.data) for .data
    main.o(i.sendanswerpacket) refers to main.o(i.switch_to_tx) for switch_to_tx
    main.o(i.sendanswerpacket) refers to mygpio.o(i.Red_On) for Red_On
    main.o(i.sendanswerpacket) refers to mytimers.o(i.delay_ms) for delay_ms
    main.o(i.sendanswerpacket) refers to main.o(i.convert8) for convert8
    main.o(i.sendanswerpacket) refers to rfm69.o(i.RF69_sendpacket) for RF69_sendpacket
    main.o(i.sendanswerpacket) refers to rfm69.o(i.RF69_setopmode) for RF69_setopmode
    main.o(i.sendanswerpacket) refers to main.o(i.switch_to_rx) for switch_to_rx
    main.o(i.sendanswerpacket) refers to mygpio.o(i.Red_Off) for Red_Off
    main.o(i.sendanswerpacket) refers to main.o(.data) for .data
    main.o(i.sendanswerpacket) refers to rfm69.o(.bss) for RF69_RXbuffer
    main.o(i.sendanswerpacket) refers to myeeprom.o(.data) for PkLen
    main.o(i.sendanswerpacket) refers to rfm69.o(.data) for NodeAddr
    main.o(i.sendtestpacket) refers to main.o(i.switch_to_tx) for switch_to_tx
    main.o(i.sendtestpacket) refers to mygpio.o(i.Red_On) for Red_On
    main.o(i.sendtestpacket) refers to main.o(i.convert) for convert
    main.o(i.sendtestpacket) refers to mytimers.o(i.delay_ms) for delay_ms
    main.o(i.sendtestpacket) refers to rfm69.o(i.RF69_sendpacket) for RF69_sendpacket
    main.o(i.sendtestpacket) refers to rfm69.o(i.RF69_setopmode) for RF69_setopmode
    main.o(i.sendtestpacket) refers to main.o(i.switch_to_rx) for switch_to_rx
    main.o(i.sendtestpacket) refers to mygpio.o(i.Red_Off) for Red_Off
    main.o(i.sendtestpacket) refers to main.o(.data) for .data
    main.o(i.sendtestpacket) refers to rfm69.o(.bss) for RF69_TXbuffer
    main.o(i.sendtestpacket) refers to myeeprom.o(.data) for PkLen
    main.o(i.sendtestpacket) refers to rfm69.o(.data) for NodeAddr
    main.o(i.switch_to_rx) refers to mygpio.o(i.DIO0_enableIRQ) for DIO0_enableIRQ
    main.o(i.switch_to_rx) refers to rfm69.o(i.RF69_setopmode) for RF69_setopmode
    main.o(i.switch_to_rx) refers to rfm69.o(i.RF69_writereg) for RF69_writereg
    main.o(i.switch_to_rx) refers to mygpio.o(i.Red_Off) for Red_Off
    main.o(i.switch_to_rx) refers to main.o(.data) for .data
    main.o(i.switch_to_tx) refers to mygpio.o(i.DIO0_disableIRQ) for DIO0_disableIRQ
    main.o(i.switch_to_tx) refers to rfm69.o(i.RF69_setopmode) for RF69_setopmode
[...]
    Removing wdt.o(.rev16_text), (4 bytes).
    Removing wdt.o(.revsh_text), (4 bytes).
    Removing wdt.o(i.Wdt_Feed), (16 bytes).
    Removing wdt.o(i.Wdt_IRQHandler), (36 bytes).
    Removing wdt.o(i.Wdt_Init), (64 bytes).
    Removing wdt.o(i.Wdt_ReadWdtValue), (16 bytes).
    Removing wdt.o(i.Wdt_ReadwdtStatus), (16 bytes).
    Removing wdt.o(i.Wdt_Start), (20 bytes).
    Removing wdt.o(i.Wdt_WriteWdtLoad), (24 bytes).
    Removing wdt.o(.data), (4 bytes).
    Removing interrupts_hc32l136.o(.rev16_text), (4 bytes).
    Removing interrupts_hc32l136.o(.revsh_text), (4 bytes).
    Removing system_hc32l136.o(.rev16_text), (4 bytes).
    Removing system_hc32l136.o(.revsh_text), (4 bytes).
    Removing startup_hc32l136.o(HEAP), (512 bytes).

649 unused section(s) (total 31918 bytes) removed from the image.

==============================================================================

Image Symbol Table

    Local Symbols

    Symbol Name                              Value     Ov Type        Size  Object(Section)

    RESET                                    0x00000000   Section      192  startup_hc32l136.o(RESET)
    ../clib/microlib/division.c              0x00000000   Number         0  uidiv.o ABSOLUTE
    ../clib/microlib/division.c              0x00000000   Number         0  idiv.o ABSOLUTE
    ../clib/microlib/init/entry.s            0x00000000   Number         0  entry10a.o ABSOLUTE
    ../clib/microlib/init/entry.s            0x00000000   Number         0  entry8b.o ABSOLUTE
    ../clib/microlib/init/entry.s            0x00000000   Number         0  entry2.o ABSOLUTE
    ../clib/microlib/init/entry.s            0x00000000   Number         0  entry5.o ABSOLUTE
    ../clib/microlib/init/entry.s            0x00000000   Number         0  entry8a.o ABSOLUTE
    ../clib/microlib/init/entry.s            0x00000000   Number         0  entry7a.o ABSOLUTE
    ../clib/microlib/init/entry.s            0x00000000   Number         0  entry.o ABSOLUTE
    ../clib/microlib/init/entry.s            0x00000000   Number         0  entry12b.o ABSOLUTE
    ../clib/microlib/init/entry.s            0x00000000   Number         0  entry12a.o ABSOLUTE
    ../clib/microlib/init/entry.s            0x00000000   Number         0  entry11b.o ABSOLUTE
    ../clib/microlib/init/entry.s            0x00000000   Number         0  entry9b.o ABSOLUTE
    ../clib/microlib/init/entry.s            0x00000000   Number         0  entry11a.o ABSOLUTE
    ../clib/microlib/init/entry.s            0x00000000   Number         0  entry10b.o ABSOLUTE
    ../clib/microlib/init/entry.s            0x00000000   Number         0  entry7b.o ABSOLUTE
    ../clib/microlib/init/entry.s            0x00000000   Number         0  entry9a.o ABSOLUTE
    ../clib/microlib/string/memcpy.c         0x00000000   Number         0  memcpya.o ABSOLUTE
    ../clib/microlib/string/memcpy.c         0x00000000   Number         0  memcpyb.o ABSOLUTE
    ../clib/microlib/stubs.s                 0x00000000   Number         0  useno.o ABSOLUTE
    common\\system_hc32l136.c                0x00000000   Number         0  system_hc32l136.o ABSOLUTE
    common\startup_hc32l136.s                0x00000000   Number         0  startup_hc32l136.o ABSOLUTE
    common\system_hc32l136.c                 0x00000000   Number         0  system_hc32l136.o ABSOLUTE
    dc.s                                     0x00000000   Number         0  dc.o ABSOLUTE
    handlers.s                               0x00000000   Number         0  handlers.o ABSOLUTE
    init.s                                   0x00000000   Number         0  init.o ABSOLUTE
    lib\\src\\adc.c                          0x00000000   Number         0  adc.o ABSOLUTE
    lib\\src\\adt.c                          0x00000000   Number         0  adt.o ABSOLUTE
    lib\\src\\aes.c                          0x00000000   Number         0  aes.o ABSOLUTE
    lib\\src\\bgr.c                          0x00000000   Number         0  bgr.o ABSOLUTE
    lib\\src\\bt.c                           0x00000000   Number         0  bt.o ABSOLUTE
    lib\\src\\crc.c                          0x00000000   Number         0  crc.o ABSOLUTE
    lib\\src\\ddl.c                          0x00000000   Number         0  ddl.o ABSOLUTE
    lib\\src\\debug.c                        0x00000000   Number         0  debug.o ABSOLUTE
    lib\\src\\dmac.c                         0x00000000   Number         0  dmac.o ABSOLUTE
    lib\\src\\flash.c                        0x00000000   Number         0  flash.o ABSOLUTE
    lib\\src\\gpio.c                         0x00000000   Number         0  gpio.o ABSOLUTE
    lib\\src\\hdiv.c                         0x00000000   Number         0  hdiv.o ABSOLUTE
    lib\\src\\i2c.c                          0x00000000   Number         0  i2c.o ABSOLUTE
    lib\\src\\interrupts_hc32l136.c          0x00000000   Number         0  interrupts_hc32l136.o ABSOLUTE
    lib\\src\\lcd.c                          0x00000000   Number         0  lcd.o ABSOLUTE
    lib\\src\\lpm.c                          0x00000000   Number         0  lpm.o ABSOLUTE
    lib\\src\\lpt.c                          0x00000000   Number         0  lpt.o ABSOLUTE
    lib\\src\\lpuart.c                       0x00000000   Number         0  lpuart.o ABSOLUTE
    lib\\src\\lvd.c                          0x00000000   Number         0  lvd.o ABSOLUTE
    lib\\src\\opa.c                          0x00000000   Number         0  opa.o ABSOLUTE
    lib\\src\\pca.c                          0x00000000   Number         0  pca.o ABSOLUTE
    lib\\src\\pcnt.c                         0x00000000   Number         0  pcnt.o ABSOLUTE
    lib\\src\\reset.c                        0x00000000   Number         0  reset.o ABSOLUTE
    lib\\src\\rng.c                          0x00000000   Number         0  rng.o ABSOLUTE
    lib\\src\\rtc.c                          0x00000000   Number         0  rtc.o ABSOLUTE
    lib\\src\\spi.c                          0x00000000   Number         0  spi.o ABSOLUTE
    lib\\src\\sysctrl.c                      0x00000000   Number         0  sysctrl.o ABSOLUTE
    lib\\src\\timer3.c                       0x00000000   Number         0  timer3.o ABSOLUTE
    lib\\src\\trim.c                         0x00000000   Number         0  trim.o ABSOLUTE
    lib\\src\\uart.c                         0x00000000   Number         0  uart.o ABSOLUTE
    lib\\src\\vc.c                           0x00000000   Number         0  vc.o ABSOLUTE
    lib\\src\\wdt.c                          0x00000000   Number         0  wdt.o ABSOLUTE
    lib\src\adc.c                            0x00000000   Number         0  adc.o ABSOLUTE
    lib\src\adt.c                            0x00000000   Number         0  adt.o ABSOLUTE
    lib\src\aes.c                            0x00000000   Number         0  aes.o ABSOLUTE
    lib\src\bgr.c                            0x00000000   Number         0  bgr.o ABSOLUTE
    lib\src\bt.c                             0x00000000   Number         0  bt.o ABSOLUTE
    lib\src\crc.c                            0x00000000   Number         0  crc.o ABSOLUTE
    lib\src\ddl.c                            0x00000000   Number         0  ddl.o ABSOLUTE
    lib\src\debug.c                          0x00000000   Number         0  debug.o ABSOLUTE
    lib\src\dmac.c                           0x00000000   Number         0  dmac.o ABSOLUTE
    lib\src\flash.c                          0x00000000   Number         0  flash.o ABSOLUTE
    lib\src\gpio.c                           0x00000000   Number         0  gpio.o ABSOLUTE
    lib\src\hdiv.c                           0x00000000   Number         0  hdiv.o ABSOLUTE
    lib\src\i2c.c                            0x00000000   Number         0  i2c.o ABSOLUTE
    lib\src\interrupts_hc32l136.c            0x00000000   Number         0  interrupts_hc32l136.o ABSOLUTE
    lib\src\lcd.c                            0x00000000   Number         0  lcd.o ABSOLUTE
    lib\src\lpm.c                            0x00000000   Number         0  lpm.o ABSOLUTE
    lib\src\lpt.c                            0x00000000   Number         0  lpt.o ABSOLUTE
    lib\src\lpuart.c                         0x00000000   Number         0  lpuart.o ABSOLUTE
    lib\src\lvd.c                            0x00000000   Number         0  lvd.o ABSOLUTE
    lib\src\opa.c                            0x00000000   Number         0  opa.o ABSOLUTE
    lib\src\pca.c                            0x00000000   Number         0  pca.o ABSOLUTE
    lib\src\pcnt.c                           0x00000000   Number         0  pcnt.o ABSOLUTE
    lib\src\reset.c                          0x00000000   Number         0  reset.o ABSOLUTE
    lib\src\rng.c                            0x00000000   Number         0  rng.o ABSOLUTE
    lib\src\rtc.c                            0x00000000   Number         0  rtc.o ABSOLUTE
    lib\src\spi.c                            0x00000000   Number         0  spi.o ABSOLUTE
    lib\src\sysctrl.c                        0x00000000   Number         0  sysctrl.o ABSOLUTE
    lib\src\timer3.c                         0x00000000   Number         0  timer3.o ABSOLUTE
    lib\src\trim.c                           0x00000000   Number         0  trim.o ABSOLUTE
    lib\src\uart.c                           0x00000000   Number         0  uart.o ABSOLUTE
    lib\src\vc.c                             0x00000000   Number         0  vc.o ABSOLUTE
    lib\src\wdt.c                            0x00000000   Number         0  wdt.o ABSOLUTE
    source\RFM69.c                           0x00000000   Number         0  rfm69.o ABSOLUTE
    source\\RFM69.c                          0x00000000   Number         0  rfm69.o ABSOLUTE
    source\\main.c                           0x00000000   Number         0  main.o ABSOLUTE
    source\\myeeprom.c                       0x00000000   Number         0  myeeprom.o ABSOLUTE
    source\\mygpio.c                         0x00000000   Number         0  mygpio.o ABSOLUTE
    source\\myspi.c                          0x00000000   Number         0  myspi.o ABSOLUTE
    source\\mytimers.c                       0x00000000   Number         0  mytimers.o ABSOLUTE
    source\\myuart.c                         0x00000000   Number         0  myuart.o ABSOLUTE
    source\\testmode.c                       0x00000000   Number         0  testmode.o ABSOLUTE
    source\\uart_commands.c                  0x00000000   Number         0  uart_commands.o ABSOLUTE
    source\main.c                            0x00000000   Number         0  main.o ABSOLUTE
    source\myeeprom.c                        0x00000000   Number         0  myeeprom.o ABSOLUTE
    source\mygpio.c                          0x00000000   Number         0  mygpio.o ABSOLUTE
    source\myspi.c                           0x00000000   Number         0  myspi.o ABSOLUTE
    source\mytimers.c                        0x00000000   Number         0  mytimers.o ABSOLUTE
    source\myuart.c                          0x00000000   Number         0  myuart.o ABSOLUTE
    source\testmode.c                        0x00000000   Number         0  testmode.o ABSOLUTE
    source\uart_commands.c                   0x00000000   Number         0  uart_commands.o ABSOLUTE
    .ARM.Collect$$$$00000000                 0x000000c0   Section        0  entry.o(.ARM.Collect$$$$00000000)
    .ARM.Collect$$$$00000001                 0x000000c0   Section        4  entry2.o(.ARM.Collect$$$$00000001)
    .ARM.Collect$$$$00000004                 0x000000c4   Section        4  entry5.o(.ARM.Collect$$$$00000004)
    .ARM.Collect$$$$00000008                 0x000000c8   Section        0  entry7b.o(.ARM.Collect$$$$00000008)
    .ARM.Collect$$$$0000000A                 0x000000c8   Section        0  entry8b.o(.ARM.Collect$$$$0000000A)
    .ARM.Collect$$$$0000000B                 0x000000c8   Section        8  entry9a.o(.ARM.Collect$$$$0000000B)
    .ARM.Collect$$$$0000000E                 0x000000d0   Section        4  entry12b.o(.ARM.Collect$$$$0000000E)
    .ARM.Collect$$$$0000000F                 0x000000d4   Section        0  entry10a.o(.ARM.Collect$$$$0000000F)
    .ARM.Collect$$$$00000011                 0x000000d4   Section        0  entry11a.o(.ARM.Collect$$$$00000011)
    .ARM.Collect$$$$00002712                 0x000000d4   Section        4  entry2.o(.ARM.Collect$$$$00002712)
    __lit__00000000                          0x000000d4   Data           4  entry2.o(.ARM.Collect$$$$00002712)
    .text                                    0x000000d8   Section       60  startup_hc32l136.o(.text)
    .text                                    0x00000114   Section        0  uidiv.o(.text)
    .text                                    0x00000140   Section        0  idiv.o(.text)
    .text                                    0x00000168   Section        0  memcpya.o(.text)
    .text                                    0x0000018c   Section       36  init.o(.text)
    i.Bt_ClearIntFlag                        0x000001b0   Section        0  bt.o(i.Bt_ClearIntFlag)
    i.Bt_GetIntFlag                          0x000001c8   Section        0  bt.o(i.Bt_GetIntFlag)
    i.Bt_M0_ARRSet                           0x000001dc   Section        0  bt.o(i.Bt_M0_ARRSet)
    i.Bt_M0_Cnt16Set                         0x00000214   Section        0  bt.o(i.Bt_M0_Cnt16Set)
    i.Bt_M0_Run                              0x0000024c   Section        0  bt.o(i.Bt_M0_Run)
    i.Bt_Mode0_EnableIrq                     0x00000264   Section        0  bt.o(i.Bt_Mode0_EnableIrq)
    i.Bt_Mode0_Init                          0x00000280   Section        0  bt.o(i.Bt_Mode0_Init)
    i.DE_Off                                 0x0000040c   Section        0  myuart.o(i.DE_Off)
    i.DE_On                                  0x00000418   Section        0  myuart.o(i.DE_On)
    i.DIO0_disableIRQ                        0x00000424   Section        0  mygpio.o(i.DIO0_disableIRQ)
    i.DIO0_enableIRQ                         0x00000432   Section        0  mygpio.o(i.DIO0_enableIRQ)
    i.EEPROM_init                            0x00000440   Section        0  myeeprom.o(i.EEPROM_init)
    i.EEPROM_readparameters                  0x000005dc   Section        0  myeeprom.o(i.EEPROM_readparameters)
    i.EEPROM_writeparameters                 0x0000067c   Section        0  myeeprom.o(i.EEPROM_writeparameters)
    i.EnableNvic                             0x00000800   Section        0  interrupts_hc32l136.o(i.EnableNvic)
    i.FlashInt                               0x00000880   Section        0  myeeprom.o(i.FlashInt)
    i.Flash_ClearIntFlag                     0x000008c4   Section        0  flash.o(i.Flash_ClearIntFlag)
    i.Flash_DisableIrq                       0x00000920   Section        0  flash.o(i.Flash_DisableIrq)
    i.Flash_GetIntFlag                       0x00000988   Section        0  flash.o(i.Flash_GetIntFlag)
    i.Flash_Init                             0x000009a8   Section        0  flash.o(i.Flash_Init)
    i.Flash_SectorErase                      0x00000b80   Section        0  flash.o(i.Flash_SectorErase)
    i.Flash_WriteHalfWord                    0x00000c0c   Section        0  flash.o(i.Flash_WriteHalfWord)
    i.Flash_WriteWord                        0x00000c9c   Section        0  flash.o(i.Flash_WriteWord)
    i.Gpio_ClearIrq                          0x00000d2c   Section        0  gpio.o(i.Gpio_ClearIrq)
    i.Gpio_ClrIO                             0x00000d44   Section        0  gpio.o(i.Gpio_ClrIO)
    i.Gpio_DisableIrq                        0x00000d5c   Section        0  gpio.o(i.Gpio_DisableIrq)
    i.Gpio_EnableIrq                         0x00000d68   Section        0  gpio.o(i.Gpio_EnableIrq)
    i.Gpio_GetInputIO                        0x00000d74   Section        0  gpio.o(i.Gpio_GetInputIO)
    i.Gpio_GetIrqStatus                      0x00000d88   Section        0  gpio.o(i.Gpio_GetIrqStatus)
    i.Gpio_Init                              0x00000d9c   Section        0  gpio.o(i.Gpio_Init)
    i.Gpio_SetAfMode                         0x00000e2c   Section        0  gpio.o(i.Gpio_SetAfMode)
    i.Gpio_SetIO                             0x00000e40   Section        0  gpio.o(i.Gpio_SetIO)
    i.Green_Off                              0x00000e58   Section        0  mygpio.o(i.Green_Off)
    i.Green_On                               0x00000e64   Section        0  mygpio.o(i.Green_On)
    i.HardFault_Handler                      0x00000e70   Section        0  interrupts_hc32l136.o(i.HardFault_Handler)
    i.IRQ000_Handler                         0x00000e7c   Section        0  interrupts_hc32l136.o(i.IRQ000_Handler)
    i.IRQ001_Handler                         0x00000e86   Section        0  interrupts_hc32l136.o(i.IRQ001_Handler)
    i.IRQ002_Handler                         0x00000e90   Section        0  interrupts_hc32l136.o(i.IRQ002_Handler)
    i.IRQ003_Handler                         0x00000e9c   Section        0  mygpio.o(i.IRQ003_Handler)
    i.IRQ004_Handler                         0x00000ec0   Section        0  interrupts_hc32l136.o(i.IRQ004_Handler)
    i.IRQ005_Handler                         0x00000eca   Section        0  interrupts_hc32l136.o(i.IRQ005_Handler)
    i.IRQ006_Handler                         0x00000ed4   Section        0  myuart.o(i.IRQ006_Handler)
    i.IRQ007_Handler                         0x00000f58   Section        0  interrupts_hc32l136.o(i.IRQ007_Handler)
    i.IRQ008_Handler                         0x00000f62   Section        0  interrupts_hc32l136.o(i.IRQ008_Handler)
    i.IRQ009_Handler                         0x00000f6c   Section        0  interrupts_hc32l136.o(i.IRQ009_Handler)
    i.IRQ010_Handler                         0x00000f76   Section        0  interrupts_hc32l136.o(i.IRQ010_Handler)
    i.IRQ011_Handler                         0x00000f80   Section        0  interrupts_hc32l136.o(i.IRQ011_Handler)
    i.IRQ012_Handler                         0x00000f8a   Section        0  interrupts_hc32l136.o(i.IRQ012_Handler)
    i.IRQ013_Handler                         0x00000f94   Section        0  interrupts_hc32l136.o(i.IRQ013_Handler)
    i.IRQ014_Handler                         0x00000fa0   Section        0  mytimers.o(i.IRQ014_Handler)
    i.IRQ015_Handler                         0x00000ffc   Section        0  interrupts_hc32l136.o(i.IRQ015_Handler)
    i.IRQ016_Handler                         0x00001006   Section        0  interrupts_hc32l136.o(i.IRQ016_Handler)
    i.IRQ017_Handler                         0x00001010   Section        0  interrupts_hc32l136.o(i.IRQ017_Handler)
    i.IRQ018_Handler                         0x0000101a   Section        0  interrupts_hc32l136.o(i.IRQ018_Handler)
    i.IRQ019_Handler                         0x00001024   Section        0  interrupts_hc32l136.o(i.IRQ019_Handler)
    i.IRQ020_Handler                         0x0000102e   Section        0  interrupts_hc32l136.o(i.IRQ020_Handler)
    i.IRQ021_Handler                         0x00001038   Section        0  interrupts_hc32l136.o(i.IRQ021_Handler)
    i.IRQ022_Handler                         0x00001042   Section        0  interrupts_hc32l136.o(i.IRQ022_Handler)
    i.IRQ023_Handler                         0x0000104c   Section        0  interrupts_hc32l136.o(i.IRQ023_Handler)
    i.IRQ024_Handler                         0x00001056   Section        0  interrupts_hc32l136.o(i.IRQ024_Handler)
    i.IRQ025_Handler                         0x00001060   Section        0  interrupts_hc32l136.o(i.IRQ025_Handler)
    i.IRQ026_Handler                         0x0000106a   Section        0  interrupts_hc32l136.o(i.IRQ026_Handler)
    i.IRQ027_Handler                         0x00001074   Section        0  interrupts_hc32l136.o(i.IRQ027_Handler)
    i.IRQ028_Handler                         0x0000107e   Section        0  interrupts_hc32l136.o(i.IRQ028_Handler)
    i.IRQ029_Handler                         0x00001088   Section        0  interrupts_hc32l136.o(i.IRQ029_Handler)
    i.IRQ030_Handler                         0x00001092   Section        0  interrupts_hc32l136.o(i.IRQ030_Handler)
    i.IRQ031_Handler                         0x0000109c   Section        0  interrupts_hc32l136.o(i.IRQ031_Handler)
    i.RF69_HWreset                           0x000010a6   Section        0  myspi.o(i.RF69_HWreset)
    i.RF69_calctemp                          0x000010f8   Section        0  rfm69.o(i.RF69_calctemp)
    i.RF69_clearFIFO                         0x00001128   Section        0  rfm69.o(i.RF69_clearFIFO)
    i.RF69_deselect                          0x00001134   Section        0  myspi.o(i.RF69_deselect)
    i.RF69_getRSSI                           0x00001140   Section        0  rfm69.o(i.RF69_getRSSI)
    i.RF69_getversion                        0x0000114c   Section        0  rfm69.o(i.RF69_getversion)
    i.RF69_init                              0x00001158   Section        0  rfm69.o(i.RF69_init)
    i.RF69_readreg                           0x0000128c   Section        0  rfm69.o(i.RF69_readreg)
    i.RF69_restartRX                         0x000012ac   Section        0  rfm69.o(i.RF69_restartRX)
    i.RF69_select                            0x000012e0   Section        0  myspi.o(i.RF69_select)
    i.RF69_sendpacket                        0x000012ec   Section        0  rfm69.o(i.RF69_sendpacket)
    i.RF69_setAFC                            0x00001330   Section        0  rfm69.o(i.RF69_setAFC)
    i.RF69_setAFCBW                          0x0000133c   Section        0  rfm69.o(i.RF69_setAFCBW)
    i.RF69_setAFClowbeta                     0x00001348   Section        0  rfm69.o(i.RF69_setAFClowbeta)
    i.RF69_setBrAddr                         0x00001354   Section        0  rfm69.o(i.RF69_setBrAddr)
    i.RF69_setDIOmapping                     0x00001360   Section        0  rfm69.o(i.RF69_setDIOmapping)
    i.RF69_setLNAgain                        0x00001376   Section        0  rfm69.o(i.RF69_setLNAgain)
    i.RF69_setNodeAddr                       0x00001382   Section        0  rfm69.o(i.RF69_setNodeAddr)
    i.RF69_setPAramp                         0x0000138e   Section        0  rfm69.o(i.RF69_setPAramp)
    i.RF69_setPacketConfig1                  0x0000139a   Section        0  rfm69.o(i.RF69_setPacketConfig1)
    i.RF69_setPacketConfig2                  0x000013a6   Section        0  rfm69.o(i.RF69_setPacketConfig2)
    i.RF69_setPayLen                         0x000013b2   Section        0  rfm69.o(i.RF69_setPayLen)
    i.RF69_setPreambleSize                   0x000013be   Section        0  rfm69.o(i.RF69_setPreambleSize)
    i.RF69_setRSSItr                         0x000013d4   Section        0  rfm69.o(i.RF69_setRSSItr)
    i.RF69_setRXBW                           0x000013e0   Section        0  rfm69.o(i.RF69_setRXBW)
    i.RF69_setRXtimeouts                     0x000013ec   Section        0  rfm69.o(i.RF69_setRXtimeouts)
    i.RF69_setSyncConfig                     0x00001402   Section        0  rfm69.o(i.RF69_setSyncConfig)
    i.RF69_setSyncValue                      0x00001410   Section        0  rfm69.o(i.RF69_setSyncValue)
    i.RF69_setbitrate                        0x00001430   Section        0  rfm69.o(i.RF69_setbitrate)
    i.RF69_setchannel                        0x00001454   Section        0  rfm69.o(i.RF69_setchannel)
    i.RF69_setdeviation                      0x000014e0   Section        0  rfm69.o(i.RF69_setdeviation)
    i.RF69_setmodulation                     0x00001504   Section        0  rfm69.o(i.RF69_setmodulation)
    i.RF69_setopmode                         0x00001510   Section        0  rfm69.o(i.RF69_setopmode)
    i.RF69_setpower                          0x00001534   Section        0  rfm69.o(i.RF69_setpower)
    i.RF69_startRSSI                         0x00001542   Section        0  rfm69.o(i.RF69_startRSSI)
    i.RF69_tempmeas                          0x0000154e   Section        0  rfm69.o(i.RF69_tempmeas)
    i.RF69_writereg                          0x0000156c   Section        0  rfm69.o(i.RF69_writereg)
    i.Red_Off                                0x0000158c   Section        0  mygpio.o(i.Red_Off)
    i.Red_On                                 0x00001598   Section        0  mygpio.o(i.Red_On)
    i.Spi_Init                               0x000015a4   Section        0  spi.o(i.Spi_Init)
    i.Spi_MasterTransfer                     0x000016b0   Section        0  spi.o(i.Spi_MasterTransfer)
    i.Spi_SetCS                              0x000016e4   Section        0  spi.o(i.Spi_SetCS)
    i.Sysctrl_ClkInit                        0x000016fc   Section        0  sysctrl.o(i.Sysctrl_ClkInit)
    i.Sysctrl_ClkSourceEnable                0x00001760   Section        0  sysctrl.o(i.Sysctrl_ClkSourceEnable)
    i.Sysctrl_GetHClkFreq                    0x00001830   Section        0  sysctrl.o(i.Sysctrl_GetHClkFreq)
    i.Sysctrl_GetPClkFreq                    0x0000196c   Section        0  sysctrl.o(i.Sysctrl_GetPClkFreq)
    i.Sysctrl_SetHCLKDiv                     0x00001984   Section        0  sysctrl.o(i.Sysctrl_SetHCLKDiv)
    i.Sysctrl_SetPCLKDiv                     0x000019a8   Section        0  sysctrl.o(i.Sysctrl_SetPCLKDiv)
    i.Sysctrl_SetPLLStableTime               0x000019cc   Section        0  sysctrl.o(i.Sysctrl_SetPLLStableTime)
    i.Sysctrl_SetPeripheralGate              0x000019ec   Section        0  sysctrl.o(i.Sysctrl_SetPeripheralGate)
    i.Sysctrl_SetRCHTrim                     0x00001a0c   Section        0  sysctrl.o(i.Sysctrl_SetRCHTrim)
    i.Sysctrl_SetRCLStableTime               0x00001a54   Section        0  sysctrl.o(i.Sysctrl_SetRCLStableTime)
    i.Sysctrl_SetRCLTrim                     0x00001a74   Section        0  sysctrl.o(i.Sysctrl_SetRCLTrim)
    i.Sysctrl_SetXTHStableTime               0x00001aa8   Section        0  sysctrl.o(i.Sysctrl_SetXTHStableTime)
    i.Sysctrl_SetXTLStableTime               0x00001ac4   Section        0  sysctrl.o(i.Sysctrl_SetXTLStableTime)
    i.Sysctrl_SysClkSwitch                   0x00001ae0   Section        0  sysctrl.o(i.Sysctrl_SysClkSwitch)
    i.Sysctrl_XTHDriverConfig                0x00001b08   Section        0  sysctrl.o(i.Sysctrl_XTHDriverConfig)
    i.Sysctrl_XTLDriverConfig                0x00001b24   Section        0  sysctrl.o(i.Sysctrl_XTLDriverConfig)
    i.SystemCoreClockUpdate                  0x00001b50   Section        0  system_hc32l136.o(i.SystemCoreClockUpdate)
    i.SystemInit                             0x00001b60   Section        0  system_hc32l136.o(i.SystemInit)
    i.UART_senddata                          0x00001b84   Section        0  main.o(i.UART_senddata)
    i.USART_SendBlock                        0x00001c44   Section        0  myuart.o(i.USART_SendBlock)
    i.USART_init                             0x00001c80   Section        0  myuart.o(i.USART_init)
    i.UartGetInternDataPtr                   0x00001d58   Section        0  uart.o(i.UartGetInternDataPtr)
    UartGetInternDataPtr                     0x00001d59   Thumb Code    38  uart.o(i.UartGetInternDataPtr)
    i.Uart_ClrIsr                            0x00001d84   Section        0  uart.o(i.Uart_ClrIsr)
    i.Uart_ClrStatus                         0x00001d94   Section        0  uart.o(i.Uart_ClrStatus)
    i.Uart_DisableIrq                        0x00001de2   Section        0  uart.o(i.Uart_DisableIrq)
    i.Uart_EnableFunc                        0x00001e42   Section        0  uart.o(i.Uart_EnableFunc)
    i.Uart_EnableIrq                         0x00001e96   Section        0  uart.o(i.Uart_EnableIrq)
    i.Uart_GetStatus                         0x00001ef4   Section        0  uart.o(i.Uart_GetStatus)
    i.Uart_Init                              0x00001f54   Section        0  uart.o(i.Uart_Init)
    i.Uart_SetBaud                           0x00001ff8   Section        0  uart.o(i.Uart_SetBaud)
    i.Uart_SetClkDiv                         0x00002008   Section        0  uart.o(i.Uart_SetClkDiv)
    i.Uart_SetMMDOrCk                        0x00002026   Section        0  uart.o(i.Uart_SetMMDOrCk)
    i.Uart_SetMode                           0x0000204a   Section        0  uart.o(i.Uart_SetMode)
    i.Uart_SetMultiMode                      0x0000206e   Section        0  uart.o(i.Uart_SetMultiMode)
    i.Uart_SetStopBit                        0x000020ac   Section        0  uart.o(i.Uart_SetStopBit)
    i._GpioEnableIrq                         0x000020dc   Section        0  gpio.o(i._GpioEnableIrq)
    _GpioEnableIrq                           0x000020dd   Thumb Code    88  gpio.o(i._GpioEnableIrq)
    i._SysctrlUnlock                         0x00002138   Section        0  sysctrl.o(i._SysctrlUnlock)
    _SysctrlUnlock                           0x00002139   Thumb Code    12  sysctrl.o(i._SysctrlUnlock)
    i.__ARM_common_switch8                   0x00002150   Section        0  testmode.o(i.__ARM_common_switch8)
    i.__NVIC_ClearPendingIRQ                 0x0000216c   Section        0  uart.o(i.__NVIC_ClearPendingIRQ)
    __NVIC_ClearPendingIRQ                   0x0000216d   Thumb Code    18  uart.o(i.__NVIC_ClearPendingIRQ)
    i.__NVIC_SetPriority                     0x00002184   Section        0  uart.o(i.__NVIC_SetPriority)
    __NVIC_SetPriority                       0x00002185   Thumb Code    60  uart.o(i.__NVIC_SetPriority)
    i.__scatterload_copy                     0x000021c8   Section       14  handlers.o(i.__scatterload_copy)
    i.__scatterload_null                     0x000021d6   Section        2  handlers.o(i.__scatterload_null)
    i.__scatterload_zeroinit                 0x000021d8   Section       14  handlers.o(i.__scatterload_zeroinit)
    i.cbUSART1_RXirq                         0x000021e8   Section        0  myuart.o(i.cbUSART1_RXirq)
    i.cbUSART1_RXtestirq                     0x0000221c   Section        0  testmode.o(i.cbUSART1_RXtestirq)
    i.checkDIO0                              0x0000226c   Section        0  myspi.o(i.checkDIO0)
    i.check_keys                             0x0000227c   Section        0  mytimers.o(i.check_keys)
    i.checkpacket                            0x00002304   Section        0  testmode.o(i.checkpacket)
    i.clearRxBuff                            0x00002348   Section        0  testmode.o(i.clearRxBuff)
    i.compTxCRC                              0x0000236c   Section        0  testmode.o(i.compTxCRC)
    i.comp_crc                               0x00002398   Section        0  testmode.o(i.comp_crc)
    i.convert                                0x000023c8   Section        0  main.o(i.convert)
    i.convert8                               0x0000240c   Section        0  main.o(i.convert8)
    i.ddl_memclr                             0x00002430   Section        0  ddl.o(i.ddl_memclr)
    i.delay_ms                               0x00002444   Section        0  mytimers.o(i.delay_ms)
    i.handlecommand                          0x00002458   Section        0  uart_commands.o(i.handlecommand)
    i.initIO                                 0x000027b4   Section        0  mygpio.o(i.initIO)
    i.initSPI                                0x00002856   Section        0  myspi.o(i.initSPI)
    i.initTIM0                               0x000028f2   Section        0  mytimers.o(i.initTIM0)
    i.main                                   0x00002970   Section        0  main.o(i.main)
    i.nocommand                              0x00002a24   Section        0  testmode.o(i.nocommand)
    i.rec_command                            0x00002a40   Section        0  testmode.o(i.rec_command)
    i.rec_headH                              0x00002a9c   Section        0  testmode.o(i.rec_headH)
    i.rec_headL                              0x00002acc   Section        0  testmode.o(i.rec_headL)
    i.rec_param                              0x00002b14   Section        0  testmode.o(i.rec_param)
    i.sendOK                                 0x00002b48   Section        0  uart_commands.o(i.sendOK)
    i.sendanswerpacket                       0x00002b5c   Section        0  main.o(i.sendanswerpacket)
    i.sendtestpacket                         0x00002c00   Section        0  main.o(i.sendtestpacket)
    i.sendtuningresponse                     0x00002ca0   Section        0  uart_commands.o(i.sendtuningresponse)
    i.spi_transfer                           0x00002ccc   Section        0  myspi.o(i.spi_transfer)
    i.switch_to_rx                           0x00002cd8   Section        0  main.o(i.switch_to_rx)
    i.switch_to_tx                           0x00002d00   Section        0  main.o(i.switch_to_tx)
    i.test_loop                              0x00002d18   Section        0  testmode.o(i.test_loop)
    i.user_loop                              0x00002d80   Section        0  main.o(i.user_loop)
    i.write_eeprom_halfw                     0x00002e7c   Section        0  myeeprom.o(i.write_eeprom_halfw)
    i.write_eeprom_word                      0x00002e84   Section        0  myeeprom.o(i.write_eeprom_word)
    .constdata                               0x00002e8c   Section        8  myeeprom.o(.constdata)
    .constdata                               0x00002e94   Section       28  uart_commands.o(.constdata)
    .constdata                               0x00002eb0   Section       24  sysctrl.o(.constdata)
    .data                                    0x20000000   Section       58  main.o(.data)
    .data                                    0x2000003a   Section        1  main.o(.data)
    .data                                    0x2000003c   Section        4  main.o(.data)
    .data                                    0x20000040   Section       68  myeeprom.o(.data)
    .data                                    0x20000084   Section       10  mytimers.o(.data)
    K0cnt                                    0x20000084   Data           1  mytimers.o(.data)
    K1cnt                                    0x20000085   Data           1  mytimers.o(.data)
    Tim0cnt                                  0x20000086   Data           1  mytimers.o(.data)
    k0                                       0x20000087   Data           1  mytimers.o(.data)
    k1                                       0x20000088   Data           1  mytimers.o(.data)
    pktimer                                  0x2000008a   Data           2  mytimers.o(.data)
    .data                                    0x2000008e   Section        3  myuart.o(.data)
    .data                                    0x20000091   Section        1  rfm69.o(.data)
    .data                                    0x20000092   Section        8  testmode.o(.data)
    temp                                     0x20000095   Data           1  testmode.o(.data)
    plen                                     0x20000096   Data           1  testmode.o(.data)
    rxstatus                                 0x20000097   Data           1  testmode.o(.data)
    rxcount                                  0x20000098   Data           1  testmode.o(.data)
    .data                                    0x2000009a   Section        1  uart_commands.o(.data)
    .data                                    0x2000009c   Section       12  bt.o(.data)
    pfnTim0Callback                          0x2000009c   Data           4  bt.o(.data)
    pfnTim1Callback                          0x200000a0   Data           4  bt.o(.data)
    pfnTim2Callback                          0x200000a4   Data           4  bt.o(.data)
    .data                                    0x200000a8   Section        4  flash.o(.data)
    pfnFlashCallback                         0x200000a8   Data           4  flash.o(.data)
    .data                                    0x200000ac   Section        8  spi.o(.data)
    pfnSpi0Callback                          0x200000ac   Data           4  spi.o(.data)
    pfnSpi1Callback                          0x200000b0   Data           4  spi.o(.data)
    .data                                    0x200000b4   Section       56  uart.o(.data)
    m_astcUartInstanceDataLut                0x200000b4   Data          56  uart.o(.data)
    .data                                    0x200000ec   Section        4  system_hc32l136.o(.data)
    .bss                                     0x200000f0   Section      256  myuart.o(.bss)
    .bss                                     0x200001f0   Section      148  rfm69.o(.bss)
    STACK                                    0x20000288   Section      512  startup_hc32l136.o(STACK)

    Global Symbols

    Symbol Name                              Value     Ov Type        Size  Object(Section)

    BuildAttributes$$THM_ISAv3M$S$PE$A:L22$X:L11$S22$IEEE1$IW$USESV6$~STKCKD$USESV7$~SHL$OSPACE$EBA8$MICROLIB$REQ8$PRES8$EABIv2 0x00000000   Number         0  anon$$obj.o ABSOLUTE
    __ARM_use_no_argv                        0x00000000   Number         0  main.o ABSOLUTE
    __Vectors                                0x00000000   Data           4  startup_hc32l136.o(RESET)
    __use_no_errno                           0x00000000   Number         0  useno.o ABSOLUTE
    __use_no_exception_handling              0x00000000   Number         0  useno.o ABSOLUTE
    __use_no_fp                              0x00000000   Number         0  useno.o ABSOLUTE
    __use_no_heap                            0x00000000   Number         0  useno.o ABSOLUTE
    __use_no_heap_region                     0x00000000   Number         0  useno.o ABSOLUTE
    __use_no_semihosting                     0x00000000   Number         0  useno.o ABSOLUTE
    __use_no_semihosting_swi                 0x00000000   Number         0  useno.o ABSOLUTE
    __use_no_signal_handling                 0x00000000   Number         0  useno.o ABSOLUTE
    Gpio_IRQHandler                           - Undefined Weak Reference
    Lcd_IRQHandler                            - Undefined Weak Reference
    __arm_fini_                               - Undefined Weak Reference
    __cpp_initialize__aeabi_                  - Undefined Weak Reference
    __cxa_finalize                            - Undefined Weak Reference
    __decompress                              - Undefined Weak Reference
    _clock_init                               - Undefined Weak Reference
    _microlib_exit                            - Undefined Weak Reference
    __Vectors_End                            0x000000c0   Data           0  startup_hc32l136.o(RESET)
    __Vectors_Size                           0x000000c0   Number         0  startup_hc32l136.o ABSOLUTE
    __main                                   0x000000c1   Thumb Code     0  entry.o(.ARM.Collect$$$$00000000)
    _main_stk                                0x000000c1   Thumb Code     0  entry2.o(.ARM.Collect$$$$00000001)
    _main_scatterload                        0x000000c5   Thumb Code     0  entry5.o(.ARM.Collect$$$$00000004)
    __main_after_scatterload                 0x000000c9   Thumb Code     0  entry5.o(.ARM.Collect$$$$00000004)
    _main_clock                              0x000000c9   Thumb Code     0  entry7b.o(.ARM.Collect$$$$00000008)
    _main_cpp_init                           0x000000c9   Thumb Code     0  entry8b.o(.ARM.Collect$$$$0000000A)
    _main_init                               0x000000c9   Thumb Code     0  entry9a.o(.ARM.Collect$$$$0000000B)
    __rt_lib_shutdown_fini                   0x000000d1   Thumb Code     0  entry12b.o(.ARM.Collect$$$$0000000E)
    __rt_final_cpp                           0x000000d5   Thumb Code     0  entry10a.o(.ARM.Collect$$$$0000000F)
    __rt_final_exit                          0x000000d5   Thumb Code     0  entry11a.o(.ARM.Collect$$$$00000011)
    Reset_Handler                            0x000000d9   Thumb Code    26  startup_hc32l136.o(.text)
    NMI_Handler                              0x000000f3   Thumb Code     2  startup_hc32l136.o(.text)
    SVC_Handler                              0x000000f7   Thumb Code     2  startup_hc32l136.o(.text)
    PendSV_Handler                           0x000000f9   Thumb Code     2  startup_hc32l136.o(.text)
    SysTick_Handler                          0x000000fb   Thumb Code     2  startup_hc32l136.o(.text)
    __aeabi_uidiv                            0x00000115   Thumb Code     0  uidiv.o(.text)
    __aeabi_uidivmod                         0x00000115   Thumb Code    44  uidiv.o(.text)
    __aeabi_idiv                             0x00000141   Thumb Code     0  idiv.o(.text)
    __aeabi_idivmod                          0x00000141   Thumb Code    40  idiv.o(.text)
    __aeabi_memcpy                           0x00000169   Thumb Code    36  memcpya.o(.text)
    __aeabi_memcpy4                          0x00000169   Thumb Code     0  memcpya.o(.text)
    __aeabi_memcpy8                          0x00000169   Thumb Code     0  memcpya.o(.text)
    __scatterload                            0x0000018d   Thumb Code    28  init.o(.text)
    __scatterload_rt2                        0x0000018d   Thumb Code     0  init.o(.text)
    Bt_ClearIntFlag                          0x000001b1   Thumb Code    20  bt.o(i.Bt_ClearIntFlag)
    Bt_GetIntFlag                            0x000001c9   Thumb Code    16  bt.o(i.Bt_GetIntFlag)
    Bt_M0_ARRSet                             0x000001dd   Thumb Code    42  bt.o(i.Bt_M0_ARRSet)
    Bt_M0_Cnt16Set                           0x00000215   Thumb Code    42  bt.o(i.Bt_M0_Cnt16Set)
    Bt_M0_Run                                0x0000024d   Thumb Code    20  bt.o(i.Bt_M0_Run)
    Bt_Mode0_EnableIrq                       0x00000265   Thumb Code    22  bt.o(i.Bt_Mode0_EnableIrq)
    Bt_Mode0_Init                            0x00000281   Thumb Code   378  bt.o(i.Bt_Mode0_Init)
    DE_Off                                   0x0000040d   Thumb Code    12  myuart.o(i.DE_Off)
    DE_On                                    0x00000419   Thumb Code    12  myuart.o(i.DE_On)
    DIO0_disableIRQ                          0x00000425   Thumb Code    14  mygpio.o(i.DIO0_disableIRQ)
    DIO0_enableIRQ                           0x00000433   Thumb Code    14  mygpio.o(i.DIO0_enableIRQ)
    EEPROM_init                              0x00000441   Thumb Code   374  myeeprom.o(i.EEPROM_init)
    EEPROM_readparameters                    0x000005dd   Thumb Code   156  myeeprom.o(i.EEPROM_readparameters)
    EEPROM_writeparameters                   0x0000067d   Thumb Code   378  myeeprom.o(i.EEPROM_writeparameters)
    EnableNvic                               0x00000801   Thumb Code   110  interrupts_hc32l136.o(i.EnableNvic)
    FlashInt                                 0x00000881   Thumb Code    64  myeeprom.o(i.FlashInt)
    Flash_ClearIntFlag                       0x000008c5   Thumb Code    78  flash.o(i.Flash_ClearIntFlag)
    Flash_DisableIrq                         0x00000921   Thumb Code    92  flash.o(i.Flash_DisableIrq)
    Flash_GetIntFlag                         0x00000989   Thumb Code    28  flash.o(i.Flash_GetIntFlag)
    Flash_Init                               0x000009a9   Thumb Code   446  flash.o(i.Flash_Init)
    Flash_SectorErase                        0x00000b81   Thumb Code   122  flash.o(i.Flash_SectorErase)
    Flash_WriteHalfWord                      0x00000c0d   Thumb Code   126  flash.o(i.Flash_WriteHalfWord)
    Flash_WriteWord                          0x00000c9d   Thumb Code   126  flash.o(i.Flash_WriteWord)
    Gpio_ClearIrq                            0x00000d2d   Thumb Code    18  gpio.o(i.Gpio_ClearIrq)
    Gpio_ClrIO                               0x00000d45   Thumb Code    18  gpio.o(i.Gpio_ClrIO)
    Gpio_DisableIrq                          0x00000d5d   Thumb Code    12  gpio.o(i.Gpio_DisableIrq)
    Gpio_EnableIrq                           0x00000d69   Thumb Code    12  gpio.o(i.Gpio_EnableIrq)
    Gpio_GetInputIO                          0x00000d75   Thumb Code    14  gpio.o(i.Gpio_GetInputIO)
    Gpio_GetIrqStatus                        0x00000d89   Thumb Code    14  gpio.o(i.Gpio_GetIrqStatus)
    Gpio_Init                                0x00000d9d   Thumb Code   132  gpio.o(i.Gpio_Init)
    Gpio_SetAfMode                           0x00000e2d   Thumb Code    14  gpio.o(i.Gpio_SetAfMode)
    Gpio_SetIO                               0x00000e41   Thumb Code    18  gpio.o(i.Gpio_SetIO)
    Green_Off                                0x00000e59   Thumb Code    12  mygpio.o(i.Green_Off)
    Green_On                                 0x00000e65   Thumb Code    12  mygpio.o(i.Green_On)
    HardFault_Handler                        0x00000e71   Thumb Code    12  interrupts_hc32l136.o(i.HardFault_Handler)
    IRQ000_Handler                           0x00000e7d   Thumb Code    10  interrupts_hc32l136.o(i.IRQ000_Handler)
    IRQ001_Handler                           0x00000e87   Thumb Code    10  interrupts_hc32l136.o(i.IRQ001_Handler)
    IRQ002_Handler                           0x00000e91   Thumb Code    10  interrupts_hc32l136.o(i.IRQ002_Handler)
    IRQ003_Handler                           0x00000e9d   Thumb Code    30  mygpio.o(i.IRQ003_Handler)
    IRQ004_Handler                           0x00000ec1   Thumb Code    10  interrupts_hc32l136.o(i.IRQ004_Handler)
    IRQ005_Handler                           0x00000ecb   Thumb Code    10  interrupts_hc32l136.o(i.IRQ005_Handler)
    IRQ006_Handler                           0x00000ed5   Thumb Code   118  myuart.o(i.IRQ006_Handler)
    IRQ007_Handler                           0x00000f59   Thumb Code    10  interrupts_hc32l136.o(i.IRQ007_Handler)
    IRQ008_Handler                           0x00000f63   Thumb Code    10  interrupts_hc32l136.o(i.IRQ008_Handler)
    IRQ009_Handler                           0x00000f6d   Thumb Code    10  interrupts_hc32l136.o(i.IRQ009_Handler)
    IRQ010_Handler                           0x00000f77   Thumb Code    10  interrupts_hc32l136.o(i.IRQ010_Handler)
    IRQ011_Handler                           0x00000f81   Thumb Code    10  interrupts_hc32l136.o(i.IRQ011_Handler)
    IRQ012_Handler                           0x00000f8b   Thumb Code    10  interrupts_hc32l136.o(i.IRQ012_Handler)
    IRQ013_Handler                           0x00000f95   Thumb Code    10  interrupts_hc32l136.o(i.IRQ013_Handler)
    IRQ014_Handler                           0x00000fa1   Thumb Code    74  mytimers.o(i.IRQ014_Handler)
    IRQ015_Handler                           0x00000ffd   Thumb Code    10  interrupts_hc32l136.o(i.IRQ015_Handler)
    IRQ016_Handler                           0x00001007   Thumb Code    10  interrupts_hc32l136.o(i.IRQ016_Handler)
    IRQ017_Handler                           0x00001011   Thumb Code    10  interrupts_hc32l136.o(i.IRQ017_Handler)
    IRQ018_Handler                           0x0000101b   Thumb Code    10  interrupts_hc32l136.o(i.IRQ018_Handler)
    IRQ019_Handler                           0x00001025   Thumb Code    10  interrupts_hc32l136.o(i.IRQ019_Handler)
    IRQ020_Handler                           0x0000102f   Thumb Code    10  interrupts_hc32l136.o(i.IRQ020_Handler)
    IRQ021_Handler                           0x00001039   Thumb Code    10  interrupts_hc32l136.o(i.IRQ021_Handler)
    IRQ022_Handler                           0x00001043   Thumb Code    10  interrupts_hc32l136.o(i.IRQ022_Handler)
    IRQ023_Handler                           0x0000104d   Thumb Code    10  interrupts_hc32l136.o(i.IRQ023_Handler)
    IRQ024_Handler                           0x00001057   Thumb Code    10  interrupts_hc32l136.o(i.IRQ024_Handler)
    IRQ025_Handler                           0x00001061   Thumb Code    10  interrupts_hc32l136.o(i.IRQ025_Handler)
    IRQ026_Handler                           0x0000106b   Thumb Code    10  interrupts_hc32l136.o(i.IRQ026_Handler)
    IRQ027_Handler                           0x00001075   Thumb Code    10  interrupts_hc32l136.o(i.IRQ027_Handler)
    IRQ028_Handler                           0x0000107f   Thumb Code    10  interrupts_hc32l136.o(i.IRQ028_Handler)
    IRQ029_Handler                           0x00001089   Thumb Code    10  interrupts_hc32l136.o(i.IRQ029_Handler)
    IRQ030_Handler                           0x00001093   Thumb Code    10  interrupts_hc32l136.o(i.IRQ030_Handler)
    IRQ031_Handler                           0x0000109d   Thumb Code    10  interrupts_hc32l136.o(i.IRQ031_Handler)
    RF69_HWreset                             0x000010a7   Thumb Code    80  myspi.o(i.RF69_HWreset)
    RF69_calctemp                            0x000010f9   Thumb Code    32  rfm69.o(i.RF69_calctemp)
    RF69_clearFIFO                           0x00001129   Thumb Code    12  rfm69.o(i.RF69_clearFIFO)
    RF69_deselect                            0x00001135   Thumb Code    12  myspi.o(i.RF69_deselect)
    RF69_getRSSI                             0x00001141   Thumb Code    12  rfm69.o(i.RF69_getRSSI)
    RF69_getversion                          0x0000114d   Thumb Code    10  rfm69.o(i.RF69_getversion)
    RF69_init                                0x00001159   Thumb Code   236  rfm69.o(i.RF69_init)
    RF69_readreg                             0x0000128d   Thumb Code    32  rfm69.o(i.RF69_readreg)
    RF69_restartRX                           0x000012ad   Thumb Code    48  rfm69.o(i.RF69_restartRX)
    RF69_select                              0x000012e1   Thumb Code    12  myspi.o(i.RF69_select)
    RF69_sendpacket                          0x000012ed   Thumb Code    62  rfm69.o(i.RF69_sendpacket)
    RF69_setAFC                              0x00001331   Thumb Code    12  rfm69.o(i.RF69_setAFC)
    RF69_setAFCBW                            0x0000133d   Thumb Code    12  rfm69.o(i.RF69_setAFCBW)
    RF69_setAFClowbeta                       0x00001349   Thumb Code    12  rfm69.o(i.RF69_setAFClowbeta)
    RF69_setBrAddr                           0x00001355   Thumb Code    12  rfm69.o(i.RF69_setBrAddr)
    RF69_setDIOmapping                       0x00001361   Thumb Code    22  rfm69.o(i.RF69_setDIOmapping)
    RF69_setLNAgain                          0x00001377   Thumb Code    12  rfm69.o(i.RF69_setLNAgain)
    RF69_setNodeAddr                         0x00001383   Thumb Code    12  rfm69.o(i.RF69_setNodeAddr)
    RF69_setPAramp                           0x0000138f   Thumb Code    12  rfm69.o(i.RF69_setPAramp)
    RF69_setPacketConfig1                    0x0000139b   Thumb Code    12  rfm69.o(i.RF69_setPacketConfig1)
    RF69_setPacketConfig2                    0x000013a7   Thumb Code    12  rfm69.o(i.RF69_setPacketConfig2)
    RF69_setPayLen                           0x000013b3   Thumb Code    12  rfm69.o(i.RF69_setPayLen)
    RF69_setPreambleSize                     0x000013bf   Thumb Code    22  rfm69.o(i.RF69_setPreambleSize)
    RF69_setRSSItr                           0x000013d5   Thumb Code    12  rfm69.o(i.RF69_setRSSItr)
    RF69_setRXBW                             0x000013e1   Thumb Code    12  rfm69.o(i.RF69_setRXBW)
    RF69_setRXtimeouts                       0x000013ed   Thumb Code    22  rfm69.o(i.RF69_setRXtimeouts)
    RF69_setSyncConfig                       0x00001403   Thumb Code    12  rfm69.o(i.RF69_setSyncConfig)
    RF69_setSyncValue                        0x00001411   Thumb Code    28  rfm69.o(i.RF69_setSyncValue)
    RF69_setbitrate                          0x00001431   Thumb Code    32  rfm69.o(i.RF69_setbitrate)
    RF69_setchannel                          0x00001455   Thumb Code   112  rfm69.o(i.RF69_setchannel)
    RF69_setdeviation                        0x000014e1   Thumb Code    32  rfm69.o(i.RF69_setdeviation)
    RF69_setmodulation                       0x00001505   Thumb Code    12  rfm69.o(i.RF69_setmodulation)
    RF69_setopmode                           0x00001511   Thumb Code    36  rfm69.o(i.RF69_setopmode)
    RF69_setpower                            0x00001535   Thumb Code    14  rfm69.o(i.RF69_setpower)
    RF69_startRSSI                           0x00001543   Thumb Code    12  rfm69.o(i.RF69_startRSSI)
    RF69_tempmeas                            0x0000154f   Thumb Code    30  rfm69.o(i.RF69_tempmeas)
    RF69_writereg                            0x0000156d   Thumb Code    32  rfm69.o(i.RF69_writereg)
    Red_Off                                  0x0000158d   Thumb Code    12  mygpio.o(i.Red_Off)
    Red_On                                   0x00001599   Thumb Code    12  mygpio.o(i.Red_On)
    Spi_Init                                 0x000015a5   Thumb Code   256  spi.o(i.Spi_Init)
    Spi_MasterTransfer                       0x000016b1   Thumb Code    44  spi.o(i.Spi_MasterTransfer)
    Spi_SetCS                                0x000016e5   Thumb Code    14  spi.o(i.Spi_SetCS)
    Sysctrl_ClkInit                          0x000016fd   Thumb Code   100  sysctrl.o(i.Sysctrl_ClkInit)
    Sysctrl_ClkSourceEnable                  0x00001761   Thumb Code   200  sysctrl.o(i.Sysctrl_ClkSourceEnable)
    Sysctrl_GetHClkFreq                      0x00001831   Thumb Code   298  sysctrl.o(i.Sysctrl_GetHClkFreq)
    Sysctrl_GetPClkFreq                      0x0000196d   Thumb Code    18  sysctrl.o(i.Sysctrl_GetPClkFreq)
    Sysctrl_SetHCLKDiv                       0x00001985   Thumb Code    32  sysctrl.o(i.Sysctrl_SetHCLKDiv)
    Sysctrl_SetPCLKDiv                       0x000019a9   Thumb Code    32  sysctrl.o(i.Sysctrl_SetPCLKDiv)
    Sysctrl_SetPLLStableTime                 0x000019cd   Thumb Code    26  sysctrl.o(i.Sysctrl_SetPLLStableTime)
    Sysctrl_SetPeripheralGate                0x000019ed   Thumb Code    28  sysctrl.o(i.Sysctrl_SetPeripheralGate)
    Sysctrl_SetRCHTrim                       0x00001a0d   Thumb Code    62  sysctrl.o(i.Sysctrl_SetRCHTrim)
    Sysctrl_SetRCLStableTime                 0x00001a55   Thumb Code    26  sysctrl.o(i.Sysctrl_SetRCLStableTime)
    Sysctrl_SetRCLTrim                       0x00001a75   Thumb Code    42  sysctrl.o(i.Sysctrl_SetRCLTrim)
    Sysctrl_SetXTHStableTime                 0x00001aa9   Thumb Code    24  sysctrl.o(i.Sysctrl_SetXTHStableTime)
    Sysctrl_SetXTLStableTime                 0x00001ac5   Thumb Code    24  sysctrl.o(i.Sysctrl_SetXTLStableTime)
    Sysctrl_SysClkSwitch                     0x00001ae1   Thumb Code    34  sysctrl.o(i.Sysctrl_SysClkSwitch)
    Sysctrl_XTHDriverConfig                  0x00001b09   Thumb Code    22  sysctrl.o(i.Sysctrl_XTHDriverConfig)
    Sysctrl_XTLDriverConfig                  0x00001b25   Thumb Code    38  sysctrl.o(i.Sysctrl_XTLDriverConfig)
    SystemCoreClockUpdate                    0x00001b51   Thumb Code    12  system_hc32l136.o(i.SystemCoreClockUpdate)
    SystemInit                               0x00001b61   Thumb Code    28  system_hc32l136.o(i.SystemInit)
    UART_senddata                            0x00001b85   Thumb Code   178  main.o(i.UART_senddata)
    USART_SendBlock                          0x00001c45   Thumb Code    50  myuart.o(i.USART_SendBlock)
    USART_init                               0x00001c81   Thumb Code   210  myuart.o(i.USART_init)
    Uart_ClrIsr                              0x00001d85   Thumb Code    16  uart.o(i.Uart_ClrIsr)
    Uart_ClrStatus                           0x00001d95   Thumb Code    78  uart.o(i.Uart_ClrStatus)
    Uart_DisableIrq                          0x00001de3   Thumb Code    96  uart.o(i.Uart_DisableIrq)
    Uart_EnableFunc                          0x00001e43   Thumb Code    84  uart.o(i.Uart_EnableFunc)
    Uart_EnableIrq                           0x00001e97   Thumb Code    94  uart.o(i.Uart_EnableIrq)
    Uart_GetStatus                           0x00001ef5   Thumb Code    94  uart.o(i.Uart_GetStatus)
    Uart_Init                                0x00001f55   Thumb Code   160  uart.o(i.Uart_Init)
    Uart_SetBaud                             0x00001ff9   Thumb Code    16  uart.o(i.Uart_SetBaud)
    Uart_SetClkDiv                           0x00002009   Thumb Code    30  uart.o(i.Uart_SetClkDiv)
    Uart_SetMMDOrCk                          0x00002027   Thumb Code    36  uart.o(i.Uart_SetMMDOrCk)
    Uart_SetMode                             0x0000204b   Thumb Code    36  uart.o(i.Uart_SetMode)
    Uart_SetMultiMode                        0x0000206f   Thumb Code    62  uart.o(i.Uart_SetMultiMode)
    Uart_SetStopBit                          0x000020ad   Thumb Code    46  uart.o(i.Uart_SetStopBit)
    __ARM_common_switch8                     0x00002151   Thumb Code    26  testmode.o(i.__ARM_common_switch8)
    __scatterload_copy                       0x000021c9   Thumb Code    14  handlers.o(i.__scatterload_copy)
    __scatterload_null                       0x000021d7   Thumb Code     2  handlers.o(i.__scatterload_null)
    __scatterload_zeroinit                   0x000021d9   Thumb Code    14  handlers.o(i.__scatterload_zeroinit)
    cbUSART1_RXirq                           0x000021e9   Thumb Code    42  myuart.o(i.cbUSART1_RXirq)
    cbUSART1_RXtestirq                       0x0000221d   Thumb Code    72  testmode.o(i.cbUSART1_RXtestirq)
    checkDIO0                                0x0000226d   Thumb Code    16  myspi.o(i.checkDIO0)
    check_keys                               0x0000227d   Thumb Code   128  mytimers.o(i.check_keys)
    checkpacket                              0x00002305   Thumb Code    56  testmode.o(i.checkpacket)
    clearRxBuff                              0x00002349   Thumb Code    20  testmode.o(i.clearRxBuff)
    compTxCRC                                0x0000236d   Thumb Code    34  testmode.o(i.compTxCRC)
    comp_crc                                 0x00002399   Thumb Code    42  testmode.o(i.comp_crc)
    convert                                  0x000023c9   Thumb Code    58  main.o(i.convert)
    convert8                                 0x0000240d   Thumb Code    32  main.o(i.convert8)
    ddl_memclr                               0x00002431   Thumb Code    18  ddl.o(i.ddl_memclr)
    delay_ms                                 0x00002445   Thumb Code    14  mytimers.o(i.delay_ms)
    handlecommand                            0x00002459   Thumb Code   724  uart_commands.o(i.handlecommand)
    initIO                                   0x000027b5   Thumb Code   162  mygpio.o(i.initIO)
    initSPI                                  0x00002857   Thumb Code   156  myspi.o(i.initSPI)
    initTIM0                                 0x000028f3   Thumb Code   126  mytimers.o(i.initTIM0)
    main                                     0x00002971   Thumb Code   168  main.o(i.main)
    nocommand                                0x00002a25   Thumb Code    18  testmode.o(i.nocommand)
    rec_command                              0x00002a41   Thumb Code    74  testmode.o(i.rec_command)
    rec_headH                                0x00002a9d   Thumb Code    36  testmode.o(i.rec_headH)
    rec_headL                                0x00002acd   Thumb Code    58  testmode.o(i.rec_headL)
    rec_param                                0x00002b15   Thumb Code    38  testmode.o(i.rec_param)
    sendOK                                   0x00002b49   Thumb Code    16  uart_commands.o(i.sendOK)
    sendanswerpacket                         0x00002b5d   Thumb Code   144  main.o(i.sendanswerpacket)
    sendtestpacket                           0x00002c01   Thumb Code   138  main.o(i.sendtestpacket)
    sendtuningresponse                       0x00002ca1   Thumb Code    36  uart_commands.o(i.sendtuningresponse)
    spi_transfer                             0x00002ccd   Thumb Code    12  myspi.o(i.spi_transfer)
    switch_to_rx                             0x00002cd9   Thumb Code    36  main.o(i.switch_to_rx)
    switch_to_tx                             0x00002d01   Thumb Code    22  main.o(i.switch_to_tx)
    test_loop                                0x00002d19   Thumb Code    90  testmode.o(i.test_loop)
    user_loop                                0x00002d81   Thumb Code   230  main.o(i.user_loop)
    write_eeprom_halfw                       0x00002e7d   Thumb Code     8  myeeprom.o(i.write_eeprom_halfw)
    write_eeprom_word                        0x00002e85   Thumb Code     8  myeeprom.o(i.write_eeprom_word)
    SYNC_INIT                                0x00002e8c   Data           8  myeeprom.o(.constdata)
    COMMANDLIST                              0x00002e94   Data          28  uart_commands.o(.constdata)
    Region$$Table$$Base                      0x00002ec8   Number         0  anon$$obj.o(Region$$Table)
    Region$$Table$$Limit                     0x00002ee8   Number         0  anon$$obj.o(Region$$Table)
    RF69_RXflag                              0x20000000   Data           1  main.o(.data)
    work_mode                                0x20000001   Data           1  main.o(.data)
    PacketFlag                               0x20000002   Data           1  main.o(.data)
    Periodic_Mode                            0x20000003   Data           1  main.o(.data)
    UARTtxflag                               0x20000004   Data           1  main.o(.data)
    PacketDelay                              0x20000005   Data           1  main.o(.data)
    Rssi                                     0x20000006   Data           1  main.o(.data)
    Crcok                                    0x20000007   Data           1  main.o(.data)
    RxLen                                    0x20000008   Data           1  main.o(.data)
    Key                                      0x20000009   Data           1  main.o(.data)
    PacketNumber                             0x2000000a   Data           2  main.o(.data)
    RF69_RXtimeout                           0x2000000c   Data           2  main.o(.data)
    c8                                       0x2000000e   Data           3  main.o(.data)
    packnum                                  0x20000011   Data           5  main.o(.data)
    TESTstring                               0x20000016   Data          36  main.o(.data)
    Temperature                              0x2000003a   Data           1  main.o(.data)
    DebugVar0                                0x2000003c   Data           4  main.o(.data)
    Channel                                  0x20000040   Data           1  myeeprom.o(.data)
    ModSetting                               0x20000041   Data           1  myeeprom.o(.data)
    TxPower                                  0x20000042   Data           1  myeeprom.o(.data)
    RbwDcc                                   0x20000043   Data           1  myeeprom.o(.data)
    Rbw                                      0x20000044   Data           1  myeeprom.o(.data)
    AfcDcc                                   0x20000045   Data           1  myeeprom.o(.data)
    Abw                                      0x20000046   Data           1  myeeprom.o(.data)
    AfcSetting                               0x20000047   Data           1  myeeprom.o(.data)
    LbOffset                                 0x20000048   Data           1  myeeprom.o(.data)
    RssiTr                                   0x20000049   Data           1  myeeprom.o(.data)
    Dagc                                     0x2000004a   Data           1  myeeprom.o(.data)
    LnaSetting                               0x2000004b   Data           1  myeeprom.o(.data)
    PkConfig1                                0x2000004c   Data           1  myeeprom.o(.data)
    PkConfig2                                0x2000004d   Data           1  myeeprom.o(.data)
    NdAddr                                   0x2000004e   Data           1  myeeprom.o(.data)
    PkDelay                                  0x2000004f   Data           1  myeeprom.o(.data)
    PkLen                                    0x20000050   Data           1  myeeprom.o(.data)
    RxTo                                     0x20000051   Data           1  myeeprom.o(.data)
    RssiTo                                   0x20000052   Data           1  myeeprom.o(.data)
    RxDelay                                  0x20000053   Data           1  myeeprom.o(.data)
    Tcal                                     0x20000054   Data           1  myeeprom.o(.data)
    TcalValue                                0x20000055   Data           1  myeeprom.o(.data)
    RF69To                                   0x20000056   Data           2  myeeprom.o(.data)
    Tslope                                   0x20000058   Data           2  myeeprom.o(.data)
    F_Base                                   0x2000005c   Data           4  myeeprom.o(.data)
    F_Step                                   0x20000060   Data           4  myeeprom.o(.data)
    F_Offset                                 0x20000064   Data           4  myeeprom.o(.data)
    BitRate                                  0x20000068   Data           4  myeeprom.o(.data)
    Deviation                                0x2000006c   Data           4  myeeprom.o(.data)
    PkCount                                  0x20000070   Data           4  myeeprom.o(.data)
    u32FlashTestFlag                         0x20000074   Data           4  myeeprom.o(.data)
    params                                   0x20000078   Data           4  myeeprom.o(.data)
    SyncWord                                 0x2000007c   Data           8  myeeprom.o(.data)
    TimingDelay                              0x2000008c   Data           2  mytimers.o(.data)
    TxCount                                  0x2000008e   Data           1  myuart.o(.data)
    TxPointer                                0x2000008f   Data           1  myuart.o(.data)
    RxPointer                                0x20000090   Data           1  myuart.o(.data)
    NodeAddr                                 0x20000091   Data           1  rfm69.o(.data)
    TestMode                                 0x20000092   Data           1  testmode.o(.data)
    FreqTest                                 0x20000093   Data           1  testmode.o(.data)
    Command                                  0x20000094   Data           1  testmode.o(.data)
    crc                                      0x20000099   Data           1  testmode.o(.data)
    CommandFlag                              0x2000009a   Data           1  uart_commands.o(.data)
    SystemCoreClock                          0x200000ec   Data           4  system_hc32l136.o(.data)
    TXbuffer                                 0x200000f0   Data         128  myuart.o(.bss)
    RXbuffer                                 0x20000170   Data         128  myuart.o(.bss)
    RF69_TXbuffer                            0x200001f0   Data          66  rfm69.o(.bss)
    RF69_RXbuffer                            0x20000232   Data          66  rfm69.o(.bss)
    RF69_AesKey                              0x20000274   Data          16  rfm69.o(.bss)
    __initial_sp                             0x20000488   Data           0  startup_hc32l136.o(STACK)



==============================================================================

Memory Map of the image

  Image Entry point : 0x000000c1

  Load Region LR_IROM1 (Base: 0x00000000, Size: 0x00002fd8, Max: 0x00010000, ABSOLUTE)

    Execution Region ER_IROM1 (Exec base: 0x00000000, Load base: 0x00000000, Size: 0x00002ee8, Max: 0x00010000, ABSOLUTE)

    Exec Addr    Load Addr    Size         Type   Attr      Idx    E Section Name        Object

    0x00000000   0x00000000   0x000000c0   Data   RO         5308    RESET               startup_hc32l136.o
    0x000000c0   0x000000c0   0x00000000   Code   RO         5313  * .ARM.Collect$$$$00000000  mc_p.l(entry.o)
    0x000000c0   0x000000c0   0x00000004   Code   RO         5324    .ARM.Collect$$$$00000001  mc_p.l(entry2.o)
    0x000000c4   0x000000c4   0x00000004   Code   RO         5327    .ARM.Collect$$$$00000004  mc_p.l(entry5.o)
    0x000000c8   0x000000c8   0x00000000   Code   RO         5329    .ARM.Collect$$$$00000008  mc_p.l(entry7b.o)
    0x000000c8   0x000000c8   0x00000000   Code   RO         5331    .ARM.Collect$$$$0000000A  mc_p.l(entry8b.o)
    0x000000c8   0x000000c8   0x00000008   Code   RO         5332    .ARM.Collect$$$$0000000B  mc_p.l(entry9a.o)
    0x000000d0   0x000000d0   0x00000004   Code   RO         5339    .ARM.Collect$$$$0000000E  mc_p.l(entry12b.o)
    0x000000d4   0x000000d4   0x00000000   Code   RO         5334    .ARM.Collect$$$$0000000F  mc_p.l(entry10a.o)
    0x000000d4   0x000000d4   0x00000000   Code   RO         5336    .ARM.Collect$$$$00000011  mc_p.l(entry11a.o)
    0x000000d4   0x000000d4   0x00000004   Code   RO         5325    .ARM.Collect$$$$00002712  mc_p.l(entry2.o)
    0x000000d8   0x000000d8   0x0000003c   Code   RO         5309    .text               startup_hc32l136.o
    0x00000114   0x00000114   0x0000002c   Code   RO         5316    .text               mc_p.l(uidiv.o)
    0x00000140   0x00000140   0x00000028   Code   RO         5318    .text               mc_p.l(idiv.o)
    0x00000168   0x00000168   0x00000024   Code   RO         5320    .text               mc_p.l(memcpya.o)
    0x0000018c   0x0000018c   0x00000024   Code   RO         5340    .text               mc_p.l(init.o)
    0x000001b0   0x000001b0   0x00000018   Code   RO         1682    i.Bt_ClearIntFlag   bt.o
    0x000001c8   0x000001c8   0x00000014   Code   RO         1683    i.Bt_GetIntFlag     bt.o
    0x000001dc   0x000001dc   0x00000038   Code   RO         1684    i.Bt_M0_ARRSet      bt.o
    0x00000214   0x00000214   0x00000038   Code   RO         1686    i.Bt_M0_Cnt16Set    bt.o
    0x0000024c   0x0000024c   0x00000018   Code   RO         1690    i.Bt_M0_Run         bt.o
    0x00000264   0x00000264   0x0000001c   Code   RO         1724    i.Bt_Mode0_EnableIrq  bt.o
    0x00000280   0x00000280   0x0000018c   Code   RO         1725    i.Bt_Mode0_Init     bt.o
    0x0000040c   0x0000040c   0x0000000c   Code   RO          412    i.DE_Off            myuart.o
    0x00000418   0x00000418   0x0000000c   Code   RO          413    i.DE_On             myuart.o
    0x00000424   0x00000424   0x0000000e   Code   RO          249    i.DIO0_disableIRQ   mygpio.o
    0x00000432   0x00000432   0x0000000e   Code   RO          250    i.DIO0_enableIRQ    mygpio.o
    0x00000440   0x00000440   0x0000019c   Code   RO          185    i.EEPROM_init       myeeprom.o
    0x000005dc   0x000005dc   0x000000a0   Code   RO          186    i.EEPROM_readparameters  myeeprom.o
    0x0000067c   0x0000067c   0x00000184   Code   RO          187    i.EEPROM_writeparameters  myeeprom.o
    0x00000800   0x00000800   0x00000080   Code   RO         5056    i.EnableNvic        interrupts_hc32l136.o
    0x00000880   0x00000880   0x00000044   Code   RO          188    i.FlashInt          myeeprom.o
    0x000008c4   0x000008c4   0x0000005c   Code   RO         2491    i.Flash_ClearIntFlag  flash.o
    0x00000920   0x00000920   0x00000068   Code   RO         2492    i.Flash_DisableIrq  flash.o
    0x00000988   0x00000988   0x00000020   Code   RO         2494    i.Flash_GetIntFlag  flash.o
    0x000009a8   0x000009a8   0x000001d8   Code   RO         2495    i.Flash_Init        flash.o
    0x00000b80   0x00000b80   0x0000008c   Code   RO         2497    i.Flash_SectorErase  flash.o
    0x00000c0c   0x00000c0c   0x00000090   Code   RO         2501    i.Flash_WriteHalfWord  flash.o
    0x00000c9c   0x00000c9c   0x00000090   Code   RO         2502    i.Flash_WriteWord   flash.o
    0x00000d2c   0x00000d2c   0x00000018   Code   RO         2593    i.Gpio_ClearIrq     gpio.o
    0x00000d44   0x00000d44   0x00000018   Code   RO         2594    i.Gpio_ClrIO        gpio.o
    0x00000d5c   0x00000d5c   0x0000000c   Code   RO         2596    i.Gpio_DisableIrq   gpio.o
    0x00000d68   0x00000d68   0x0000000c   Code   RO         2597    i.Gpio_EnableIrq    gpio.o
    0x00000d74   0x00000d74   0x00000014   Code   RO         2599    i.Gpio_GetInputIO   gpio.o
    0x00000d88   0x00000d88   0x00000014   Code   RO         2600    i.Gpio_GetIrqStatus  gpio.o
    0x00000d9c   0x00000d9c   0x00000090   Code   RO         2601    i.Gpio_Init         gpio.o
    0x00000e2c   0x00000e2c   0x00000014   Code   RO         2603    i.Gpio_SetAfMode    gpio.o
    0x00000e40   0x00000e40   0x00000018   Code   RO         2606    i.Gpio_SetIO        gpio.o
    0x00000e58   0x00000e58   0x0000000c   Code   RO          251    i.Green_Off         mygpio.o
    0x00000e64   0x00000e64   0x0000000c   Code   RO          252    i.Green_On          mygpio.o
    0x00000e70   0x00000e70   0x0000000c   Code   RO         5057    i.HardFault_Handler  interrupts_hc32l136.o
    0x00000e7c   0x00000e7c   0x0000000a   Code   RO         5058    i.IRQ000_Handler    interrupts_hc32l136.o
    0x00000e86   0x00000e86   0x0000000a   Code   RO         5059    i.IRQ001_Handler    interrupts_hc32l136.o
    0x00000e90   0x00000e90   0x0000000a   Code   RO         5060    i.IRQ002_Handler    interrupts_hc32l136.o
    0x00000e9a   0x00000e9a   0x00000002   PAD
    0x00000e9c   0x00000e9c   0x00000024   Code   RO          253    i.IRQ003_Handler    mygpio.o
    0x00000ec0   0x00000ec0   0x0000000a   Code   RO         5061    i.IRQ004_Handler    interrupts_hc32l136.o
    0x00000eca   0x00000eca   0x0000000a   Code   RO         5062    i.IRQ005_Handler    interrupts_hc32l136.o
    0x00000ed4   0x00000ed4   0x00000084   Code   RO          414    i.IRQ006_Handler    myuart.o
    0x00000f58   0x00000f58   0x0000000a   Code   RO         5063    i.IRQ007_Handler    interrupts_hc32l136.o
    0x00000f62   0x00000f62   0x0000000a   Code   RO         5064    i.IRQ008_Handler    interrupts_hc32l136.o
    0x00000f6c   0x00000f6c   0x0000000a   Code   RO         5065    i.IRQ009_Handler    interrupts_hc32l136.o
    0x00000f76   0x00000f76   0x0000000a   Code   RO         5066    i.IRQ010_Handler    interrupts_hc32l136.o
    0x00000f80   0x00000f80   0x0000000a   Code   RO         5067    i.IRQ011_Handler    interrupts_hc32l136.o
    0x00000f8a   0x00000f8a   0x0000000a   Code   RO         5068    i.IRQ012_Handler    interrupts_hc32l136.o
    0x00000f94   0x00000f94   0x0000000a   Code   RO         5069    i.IRQ013_Handler    interrupts_hc32l136.o
    0x00000f9e   0x00000f9e   0x00000002   PAD
    0x00000fa0   0x00000fa0   0x0000005c   Code   RO          367    i.IRQ014_Handler    mytimers.o
    0x00000ffc   0x00000ffc   0x0000000a   Code   RO         5070    i.IRQ015_Handler    interrupts_hc32l136.o
    0x00001006   0x00001006   0x0000000a   Code   RO         5071    i.IRQ016_Handler    interrupts_hc32l136.o
    0x00001010   0x00001010   0x0000000a   Code   RO         5072    i.IRQ017_Handler    interrupts_hc32l136.o
    0x0000101a   0x0000101a   0x0000000a   Code   RO         5073    i.IRQ018_Handler    interrupts_hc32l136.o
    0x00001024   0x00001024   0x0000000a   Code   RO         5074    i.IRQ019_Handler    interrupts_hc32l136.o
    0x0000102e   0x0000102e   0x0000000a   Code   RO         5075    i.IRQ020_Handler    interrupts_hc32l136.o
    0x00001038   0x00001038   0x0000000a   Code   RO         5076    i.IRQ021_Handler    interrupts_hc32l136.o
    0x00001042   0x00001042   0x0000000a   Code   RO         5077    i.IRQ022_Handler    interrupts_hc32l136.o
    0x0000104c   0x0000104c   0x0000000a   Code   RO         5078    i.IRQ023_Handler    interrupts_hc32l136.o
    0x00001056   0x00001056   0x0000000a   Code   RO         5079    i.IRQ024_Handler    interrupts_hc32l136.o
    0x00001060   0x00001060   0x0000000a   Code   RO         5080    i.IRQ025_Handler    interrupts_hc32l136.o
    0x0000106a   0x0000106a   0x0000000a   Code   RO         5081    i.IRQ026_Handler    interrupts_hc32l136.o
    0x00001074   0x00001074   0x0000000a   Code   RO         5082    i.IRQ027_Handler    interrupts_hc32l136.o
    0x0000107e   0x0000107e   0x0000000a   Code   RO         5083    i.IRQ028_Handler    interrupts_hc32l136.o
    0x00001088   0x00001088   0x0000000a   Code   RO         5084    i.IRQ029_Handler    interrupts_hc32l136.o
    0x00001092   0x00001092   0x0000000a   Code   RO         5085    i.IRQ030_Handler    interrupts_hc32l136.o
    0x0000109c   0x0000109c   0x0000000a   Code   RO         5086    i.IRQ031_Handler    interrupts_hc32l136.o
    0x000010a6   0x000010a6   0x00000050   Code   RO          313    i.RF69_HWreset      myspi.o
    0x000010f6   0x000010f6   0x00000002   PAD
    0x000010f8   0x000010f8   0x00000030   Code   RO          481    i.RF69_calctemp     rfm69.o
    0x00001128   0x00001128   0x0000000c   Code   RO          484    i.RF69_clearFIFO    rfm69.o
    0x00001134   0x00001134   0x0000000c   Code   RO          314    i.RF69_deselect     myspi.o
    0x00001140   0x00001140   0x0000000c   Code   RO          489    i.RF69_getRSSI      rfm69.o
    0x0000114c   0x0000114c   0x0000000a   Code   RO          491    i.RF69_getversion   rfm69.o
    0x00001156   0x00001156   0x00000002   PAD
    0x00001158   0x00001158   0x00000134   Code   RO          492    i.RF69_init         rfm69.o
    0x0000128c   0x0000128c   0x00000020   Code   RO          494    i.RF69_readreg      rfm69.o
    0x000012ac   0x000012ac   0x00000034   Code   RO          495    i.RF69_restartRX    rfm69.o
    0x000012e0   0x000012e0   0x0000000c   Code   RO          315    i.RF69_select       myspi.o
    0x000012ec   0x000012ec   0x00000044   Code   RO          496    i.RF69_sendpacket   rfm69.o
    0x00001330   0x00001330   0x0000000c   Code   RO          498    i.RF69_setAFC       rfm69.o
    0x0000133c   0x0000133c   0x0000000c   Code   RO          499    i.RF69_setAFCBW     rfm69.o
    0x00001348   0x00001348   0x0000000c   Code   RO          500    i.RF69_setAFClowbeta  rfm69.o
    0x00001354   0x00001354   0x0000000c   Code   RO          502    i.RF69_setBrAddr    rfm69.o
    0x00001360   0x00001360   0x00000016   Code   RO          503    i.RF69_setDIOmapping  rfm69.o
    0x00001376   0x00001376   0x0000000c   Code   RO          505    i.RF69_setLNAgain   rfm69.o
    0x00001382   0x00001382   0x0000000c   Code   RO          507    i.RF69_setNodeAddr  rfm69.o
    0x0000138e   0x0000138e   0x0000000c   Code   RO          508    i.RF69_setPAramp    rfm69.o
    0x0000139a   0x0000139a   0x0000000c   Code   RO          509    i.RF69_setPacketConfig1  rfm69.o
    0x000013a6   0x000013a6   0x0000000c   Code   RO          510    i.RF69_setPacketConfig2  rfm69.o
    0x000013b2   0x000013b2   0x0000000c   Code   RO          511    i.RF69_setPayLen    rfm69.o
    0x000013be   0x000013be   0x00000016   Code   RO          512    i.RF69_setPreambleSize  rfm69.o
    0x000013d4   0x000013d4   0x0000000c   Code   RO          513    i.RF69_setRSSItr    rfm69.o
    0x000013e0   0x000013e0   0x0000000c   Code   RO          514    i.RF69_setRXBW      rfm69.o
    0x000013ec   0x000013ec   0x00000016   Code   RO          515    i.RF69_setRXtimeouts  rfm69.o
    0x00001402   0x00001402   0x0000000c   Code   RO          516    i.RF69_setSyncConfig  rfm69.o
    0x0000140e   0x0000140e   0x00000002   PAD
    0x00001410   0x00001410   0x00000020   Code   RO          517    i.RF69_setSyncValue  rfm69.o
    0x00001430   0x00001430   0x00000024   Code   RO          518    i.RF69_setbitrate   rfm69.o
    0x00001454   0x00001454   0x0000008c   Code   RO          519    i.RF69_setchannel   rfm69.o
    0x000014e0   0x000014e0   0x00000024   Code   RO          520    i.RF69_setdeviation  rfm69.o
    0x00001504   0x00001504   0x0000000c   Code   RO          521    i.RF69_setmodulation  rfm69.o
    0x00001510   0x00001510   0x00000024   Code   RO          522    i.RF69_setopmode    rfm69.o
    0x00001534   0x00001534   0x0000000e   Code   RO          523    i.RF69_setpower     rfm69.o
    0x00001542   0x00001542   0x0000000c   Code   RO          525    i.RF69_startRSSI    rfm69.o
    0x0000154e   0x0000154e   0x0000001e   Code   RO          526    i.RF69_tempmeas     rfm69.o
    0x0000156c   0x0000156c   0x00000020   Code   RO          528    i.RF69_writereg     rfm69.o
    0x0000158c   0x0000158c   0x0000000c   Code   RO          254    i.Red_Off           mygpio.o
    0x00001598   0x00001598   0x0000000c   Code   RO          255    i.Red_On            mygpio.o
    0x000015a4   0x000015a4   0x0000010c   Code   RO         4041    i.Spi_Init          spi.o
    0x000016b0   0x000016b0   0x00000034   Code   RO         4042    i.Spi_MasterTransfer  spi.o
    0x000016e4   0x000016e4   0x00000018   Code   RO         4045    i.Spi_SetCS         spi.o
    0x000016fc   0x000016fc   0x00000064   Code   RO         4122    i.Sysctrl_ClkInit   sysctrl.o
    0x00001760   0x00001760   0x000000d0   Code   RO         4123    i.Sysctrl_ClkSourceEnable  sysctrl.o
    0x00001830   0x00001830   0x0000013c   Code   RO         4124    i.Sysctrl_GetHClkFreq  sysctrl.o
    0x0000196c   0x0000196c   0x00000018   Code   RO         4125    i.Sysctrl_GetPClkFreq  sysctrl.o
    0x00001984   0x00001984   0x00000024   Code   RO         4128    i.Sysctrl_SetHCLKDiv  sysctrl.o
    0x000019a8   0x000019a8   0x00000024   Code   RO         4129    i.Sysctrl_SetPCLKDiv  sysctrl.o
    0x000019cc   0x000019cc   0x00000020   Code   RO         4131    i.Sysctrl_SetPLLStableTime  sysctrl.o
    0x000019ec   0x000019ec   0x00000020   Code   RO         4132    i.Sysctrl_SetPeripheralGate  sysctrl.o
    0x00001a0c   0x00001a0c   0x00000048   Code   RO         4133    i.Sysctrl_SetRCHTrim  sysctrl.o
    0x00001a54   0x00001a54   0x00000020   Code   RO         4134    i.Sysctrl_SetRCLStableTime  sysctrl.o
    0x00001a74   0x00001a74   0x00000034   Code   RO         4135    i.Sysctrl_SetRCLTrim  sysctrl.o
    0x00001aa8   0x00001aa8   0x0000001c   Code   RO         4138    i.Sysctrl_SetXTHStableTime  sysctrl.o
    0x00001ac4   0x00001ac4   0x0000001c   Code   RO         4139    i.Sysctrl_SetXTLStableTime  sysctrl.o
    0x00001ae0   0x00001ae0   0x00000028   Code   RO         4140    i.Sysctrl_SysClkSwitch  sysctrl.o
    0x00001b08   0x00001b08   0x0000001c   Code   RO         4141    i.Sysctrl_XTHDriverConfig  sysctrl.o
    0x00001b24   0x00001b24   0x0000002c   Code   RO         4142    i.Sysctrl_XTLDriverConfig  sysctrl.o
    0x00001b50   0x00001b50   0x00000010   Code   RO         5263    i.SystemCoreClockUpdate  system_hc32l136.o
    0x00001b60   0x00001b60   0x00000024   Code   RO         5264    i.SystemInit        system_hc32l136.o
    0x00001b84   0x00001b84   0x000000c0   Code   RO            3    i.UART_senddata     main.o
    0x00001c44   0x00001c44   0x0000003c   Code   RO          415    i.USART_SendBlock   myuart.o
    0x00001c80   0x00001c80   0x000000d8   Code   RO          416    i.USART_init        myuart.o
    0x00001d58   0x00001d58   0x0000002c   Code   RO         4687    i.UartGetInternDataPtr  uart.o
    0x00001d84   0x00001d84   0x00000010   Code   RO         4689    i.Uart_ClrIsr       uart.o
    0x00001d94   0x00001d94   0x0000004e   Code   RO         4690    i.Uart_ClrStatus    uart.o
    0x00001de2   0x00001de2   0x00000060   Code   RO         4692    i.Uart_DisableIrq   uart.o
    0x00001e42   0x00001e42   0x00000054   Code   RO         4693    i.Uart_EnableFunc   uart.o
    0x00001e96   0x00001e96   0x0000005e   Code   RO         4694    i.Uart_EnableIrq    uart.o
    0x00001ef4   0x00001ef4   0x0000005e   Code   RO         4698    i.Uart_GetStatus    uart.o
    0x00001f52   0x00001f52   0x00000002   PAD
    0x00001f54   0x00001f54   0x000000a4   Code   RO         4700    i.Uart_Init         uart.o
    0x00001ff8   0x00001ff8   0x00000010   Code   RO         4703    i.Uart_SetBaud      uart.o
    0x00002008   0x00002008   0x0000001e   Code   RO         4704    i.Uart_SetClkDiv    uart.o
    0x00002026   0x00002026   0x00000024   Code   RO         4705    i.Uart_SetMMDOrCk   uart.o
    0x0000204a   0x0000204a   0x00000024   Code   RO         4706    i.Uart_SetMode      uart.o
    0x0000206e   0x0000206e   0x0000003e   Code   RO         4707    i.Uart_SetMultiMode  uart.o
    0x000020ac   0x000020ac   0x0000002e   Code   RO         4710    i.Uart_SetStopBit   uart.o
    0x000020da   0x000020da   0x00000002   PAD
    0x000020dc   0x000020dc   0x0000005c   Code   RO         2619    i._GpioEnableIrq    gpio.o
    0x00002138   0x00002138   0x00000018   Code   RO         4143    i._SysctrlUnlock    sysctrl.o
    0x00002150   0x00002150   0x0000001a   Code   RO          844    i.__ARM_common_switch8  testmode.o
    0x0000216a   0x0000216a   0x00000002   PAD
    0x0000216c   0x0000216c   0x00000018   Code   RO         4711    i.__NVIC_ClearPendingIRQ  uart.o
    0x00002184   0x00002184   0x00000044   Code   RO         4712    i.__NVIC_SetPriority  uart.o
    0x000021c8   0x000021c8   0x0000000e   Code   RO         5344    i.__scatterload_copy  mc_p.l(handlers.o)
    0x000021d6   0x000021d6   0x00000002   Code   RO         5345    i.__scatterload_null  mc_p.l(handlers.o)
    0x000021d8   0x000021d8   0x0000000e   Code   RO         5346    i.__scatterload_zeroinit  mc_p.l(handlers.o)
    0x000021e6   0x000021e6   0x00000002   PAD
    0x000021e8   0x000021e8   0x00000034   Code   RO          417    i.cbUSART1_RXirq    myuart.o
    0x0000221c   0x0000221c   0x00000050   Code   RO          768    i.cbUSART1_RXtestirq  testmode.o
    0x0000226c   0x0000226c   0x00000010   Code   RO          316    i.checkDIO0         myspi.o
    0x0000227c   0x0000227c   0x00000088   Code   RO          368    i.check_keys        mytimers.o
    0x00002304   0x00002304   0x00000044   Code   RO          769    i.checkpacket       testmode.o
    0x00002348   0x00002348   0x00000024   Code   RO          770    i.clearRxBuff       testmode.o
    0x0000236c   0x0000236c   0x0000002c   Code   RO          771    i.compTxCRC         testmode.o
    0x00002398   0x00002398   0x00000030   Code   RO          772    i.comp_crc          testmode.o
    0x000023c8   0x000023c8   0x00000044   Code   RO            4    i.convert           main.o
    0x0000240c   0x0000240c   0x00000024   Code   RO            5    i.convert8          main.o
    0x00002430   0x00002430   0x00000012   Code   RO         2113    i.ddl_memclr        ddl.o
    0x00002442   0x00002442   0x00000002   PAD
    0x00002444   0x00002444   0x00000014   Code   RO          369    i.delay_ms          mytimers.o
    0x00002458   0x00002458   0x0000035c   Code   RO          859    i.handlecommand     uart_commands.o
    0x000027b4   0x000027b4   0x000000a2   Code   RO          256    i.initIO            mygpio.o
    0x00002856   0x00002856   0x0000009c   Code   RO          317    i.initSPI           myspi.o
    0x000028f2   0x000028f2   0x0000007e   Code   RO          370    i.initTIM0          mytimers.o
    0x00002970   0x00002970   0x000000b4   Code   RO            6    i.main              main.o
    0x00002a24   0x00002a24   0x0000001c   Code   RO          773    i.nocommand         testmode.o
    0x00002a40   0x00002a40   0x0000005c   Code   RO          774    i.rec_command       testmode.o
    0x00002a9c   0x00002a9c   0x00000030   Code   RO          775    i.rec_headH         testmode.o
    0x00002acc   0x00002acc   0x00000048   Code   RO          776    i.rec_headL         testmode.o
    0x00002b14   0x00002b14   0x00000034   Code   RO          777    i.rec_param         testmode.o
    0x00002b48   0x00002b48   0x00000014   Code   RO          861    i.sendOK            uart_commands.o
    0x00002b5c   0x00002b5c   0x000000a4   Code   RO            7    i.sendanswerpacket  main.o
    0x00002c00   0x00002c00   0x000000a0   Code   RO            8    i.sendtestpacket    main.o
    0x00002ca0   0x00002ca0   0x0000002c   Code   RO          862    i.sendtuningresponse  uart_commands.o
    0x00002ccc   0x00002ccc   0x0000000c   Code   RO          318    i.spi_transfer      myspi.o
    0x00002cd8   0x00002cd8   0x00000028   Code   RO            9    i.switch_to_rx      main.o
    0x00002d00   0x00002d00   0x00000016   Code   RO           10    i.switch_to_tx      main.o
    0x00002d16   0x00002d16   0x00000002   PAD
    0x00002d18   0x00002d18   0x00000068   Code   RO          778    i.test_loop         testmode.o
    0x00002d80   0x00002d80   0x000000fc   Code   RO           11    i.user_loop         main.o
    0x00002e7c   0x00002e7c   0x00000008   Code   RO          189    i.write_eeprom_halfw  myeeprom.o
    0x00002e84   0x00002e84   0x00000008   Code   RO          190    i.write_eeprom_word  myeeprom.o
    0x00002e8c   0x00002e8c   0x00000008   Data   RO          191    .constdata          myeeprom.o
    0x00002e94   0x00002e94   0x0000001c   Data   RO          863    .constdata          uart_commands.o
    0x00002eb0   0x00002eb0   0x00000018   Data   RO         4144    .constdata          sysctrl.o
    0x00002ec8   0x00002ec8   0x00000020   Data   RO         5342    Region$$Table       anon$$obj.o


    Execution Region RW_IRAM1 (Exec base: 0x20000000, Load base: 0x00002ee8, Size: 0x00000488, Max: 0x00002000, ABSOLUTE)

    Exec Addr    Load Addr    Size         Type   Attr      Idx    E Section Name        Object

    0x20000000   0x00002ee8   0x0000003a   Data   RW           12    .data               main.o
    0x2000003a   0x00002f22   0x00000001   Data   RW           13    .data               main.o
    0x2000003b   0x00002f23   0x00000001   PAD
    0x2000003c   0x00002f24   0x00000004   Data   RW           14    .data               main.o
    0x20000040   0x00002f28   0x00000044   Data   RW          192    .data               myeeprom.o
    0x20000084   0x00002f6c   0x0000000a   Data   RW          371    .data               mytimers.o
    0x2000008e   0x00002f76   0x00000003   Data   RW          420    .data               myuart.o
    0x20000091   0x00002f79   0x00000001   Data   RW          530    .data               rfm69.o
    0x20000092   0x00002f7a   0x00000008   Data   RW          779    .data               testmode.o
    0x2000009a   0x00002f82   0x00000001   Data   RW          864    .data               uart_commands.o
    0x2000009b   0x00002f83   0x00000001   PAD
    0x2000009c   0x00002f84   0x0000000c   Data   RW         1733    .data               bt.o
    0x200000a8   0x00002f90   0x00000004   Data   RW         2503    .data               flash.o
    0x200000ac   0x00002f94   0x00000008   Data   RW         4046    .data               spi.o
    0x200000b4   0x00002f9c   0x00000038   Data   RW         4713    .data               uart.o
    0x200000ec   0x00002fd4   0x00000004   Data   RW         5265    .data               system_hc32l136.o
    0x200000f0        -       0x00000100   Zero   RW          419    .bss                myuart.o
    0x200001f0        -       0x00000094   Zero   RW          529    .bss                rfm69.o
    0x20000284   0x00002fd8   0x00000004   PAD
    0x20000288        -       0x00000200   Zero   RW         5306    STACK               startup_hc32l136.o


==============================================================================

Image component sizes


      Code (inc. data)   RO Data    RW Data    ZI Data      Debug   Object Name

         0          0          0          0          0       7852   adt.o
       604         64          0         12          0       4711   bt.o
        18          0          0          0          0        976   ddl.o
      1128        110          0          4          0       4524   flash.o
       392         52          0          0          0       5496   gpio.o
       430         18          0          0          0      21294   interrupts_hc32l136.o
      1114        108          0         63          0     142467   main.o
      1044         56          8         68          0       5745   myeeprom.o
       274          6          0          0          0       3499   mygpio.o
       288          0          0          0          0       2554   myspi.o
       374         32          0         10          0       2542   mytimers.o
       484         40          0          3        256       5244   myuart.o
      1144        138          0          1        148      15691   rfm69.o
       344         30          0          8          0       2384   spi.o
        60         22        192          0        512        580   startup_hc32l136.o
      1132        146         24          0          0      10427   sysctrl.o
        52         12          0          4          0       1495   system_hc32l136.o
       698        142          0          8          0       5848   testmode.o
       988         70          0         56          0      10848   uart.o
       924        166         28          1          0       2548   uart_commands.o

    ----------------------------------------------------------------------
     11512       1212        284        240        920     256725   Object Totals
         0          0         32          0          0          0   (incl. Generated)
        20          0          0          2          4          0   (incl. Padding)

    ----------------------------------------------------------------------

      Code (inc. data)   RO Data    RW Data    ZI Data      Debug   Library Member Name

         0          0          0          0          0          0   entry.o
         0          0          0          0          0          0   entry10a.o
         0          0          0          0          0          0   entry11a.o
         4          0          0          0          0          0   entry12b.o
         8          4          0          0          0          0   entry2.o
         4          0          0          0          0          0   entry5.o
         0          0          0          0          0          0   entry7b.o
         0          0          0          0          0          0   entry8b.o
         8          4          0          0          0          0   entry9a.o
        30          0          0          0          0          0   handlers.o
        40          0          0          0          0         72   idiv.o
        36          8          0          0          0         68   init.o
        36          0          0          0          0         60   memcpya.o
        44          0          0          0          0         72   uidiv.o

    ----------------------------------------------------------------------
       212         16          0          0          0        272   Library Totals
         2          0          0          0          0          0   (incl. Padding)

    ----------------------------------------------------------------------

      Code (inc. data)   RO Data    RW Data    ZI Data      Debug   Library Name

       210         16          0          0          0        272   mc_p.l

    ----------------------------------------------------------------------
       212         16          0          0          0        272   Library Totals

    ----------------------------------------------------------------------

==============================================================================


      Code (inc. data)   RO Data    RW Data    ZI Data      Debug   

     11724       1228        284        240        920     249273   Grand Totals
     11724       1228        284        240        920     249273   ELF Image Totals
     11724       1228        284        240          0          0   ROM Totals

==============================================================================

    Total RO  Size (Code + RO Data)                12008 (  11.73kB)
    Total RW  Size (RW Data + ZI Data)              1160 (   1.13kB)
    Total ROM Size (Code + RO Data + RW Data)      12248 (  11.96kB)

==============================================================================

