Component: ARM Compiler 5.06 update 7 (build 960) Tool: armlink [4d3601]

==============================================================================

Section Cross References

    main.o(i.UART_senddata) refers to mygpio.o(i.Green_On) for Green_On
    main.o(i.UART_senddata) refers to main.o(i.convert8) for convert8
    main.o(i.UART_senddata) refers to myuart.o(i.USART_SendBlock) for USART_SendBlock
    main.o(i.UART_senddata) refers to mytimers.o(i.delay_ms) for delay_ms
    main.o(i.UART_senddata) refers to mygpio.o(i.Green_Off) for Green_Off
    main.o(i.UART_senddata) refers to main.o(.data) for .data
    main.o(i.UART_senddata) refers to rfm69.o(.bss) for RF69_RXbuffer
    main.o(i.UART_senddata) refers to myuart.o(.bss) for TXbuffer
    main.o(i.convert) refers to aeabi_sdiv.o(.text) for __aeabi_uidivmod
    main.o(i.convert) refers to main.o(.data) for .data
    main.o(i.convert8) refers to aeabi_sdiv.o(.text) for __aeabi_uidivmod
    main.o(i.convert8) refers to main.o(.data) for .data
    main.o(i.main) refers to sysctrl.o(i.Sysctrl_SetRCHTrim) for Sysctrl_SetRCHTrim
    main.o(i.main) refers to sysctrl.o(i.Sysctrl_ClkInit) for Sysctrl_ClkInit
    main.o(i.main) refers to sysctrl.o(i.Sysctrl_SetRCLTrim) for Sysctrl_SetRCLTrim
    main.o(i.main) refers to sysctrl.o(i.Sysctrl_ClkSourceEnable) for Sysctrl_ClkSourceEnable
    main.o(i.main) refers to sysctrl.o(i.Sysctrl_SysClkSwitch) for Sysctrl_SysClkSwitch
    main.o(i.main) refers to myeeprom.o(i.EEPROM_init) for EEPROM_init
    main.o(i.main) refers to myeeprom.o(i.EEPROM_readparameters) for EEPROM_readparameters
    main.o(i.main) refers to mygpio.o(i.initIO) for initIO
    main.o(i.main) refers to mygpio.o(i.Green_On) for Green_On
    main.o(i.main) refers to myuart.o(i.USART_init) for USART_init
    main.o(i.main) refers to myspi.o(i.initSPI) for initSPI
    main.o(i.main) refers to mytimers.o(i.initTIM0) for initTIM0
    main.o(i.main) refers to mygpio.o(i.Green_Off) for Green_Off
    main.o(i.main) refers to mygpio.o(i.Red_On) for Red_On
    main.o(i.main) refers to mytimers.o(i.delay_ms) for delay_ms
    main.o(i.main) refers to rfm69.o(i.RF69_init) for RF69_init
    main.o(i.main) refers to mygpio.o(i.Red_Off) for Red_Off
    main.o(i.main) refers to rfm69.o(i.RF69_setchannel) for RF69_setchannel
    main.o(i.main) refers to gpio.o(i.Gpio_GetInputIO) for Gpio_GetInputIO
    main.o(i.main) refers to main.o(i.user_loop) for user_loop
    main.o(i.main) refers to testmode.o(i.test_loop) for test_loop
    main.o(i.main) refers to myeeprom.o(.data) for Channel
    main.o(i.main) refers to main.o(.data) for .data
    main.o(i.sendanswerpacket) refers to main.o(i.switch_to_tx) for switch_to_tx
    main.o(i.sendanswerpacket) refers to mygpio.o(i.Red_On) for Red_On
    main.o(i.sendanswerpacket) refers to mytimers.o(i.delay_ms) for delay_ms
    main.o(i.sendanswerpacket) refers to main.o(i.convert8) for convert8
    main.o(i.sendanswerpacket) refers to rfm69.o(i.RF69_sendpacket) for RF69_sendpacket
    main.o(i.sendanswerpacket) refers to rfm69.o(i.RF69_setopmode) for RF69_setopmode
    main.o(i.sendanswerpacket) refers to main.o(i.switch_to_rx) for switch_to_rx
    main.o(i.sendanswerpacket) refers to mygpio.o(i.Red_Off) for Red_Off
    main.o(i.sendanswerpacket) refers to main.o(.data) for .data
    main.o(i.sendanswerpacket) refers to rfm69.o(.bss) for RF69_RXbuffer
    main.o(i.sendanswerpacket) refers to myeeprom.o(.data) for PkLen
    main.o(i.sendanswerpacket) refers to rfm69.o(.data) for NodeAddr
    main.o(i.sendtestpacket) refers to main.o(i.switch_to_tx) for switch_to_tx
    main.o(i.sendtestpacket) refers to mygpio.o(i.Red_On) for Red_On
    main.o(i.sendtestpacket) refers to main.o(i.convert) for convert
    main.o(i.sendtestpacket) refers to mytimers.o(i.delay_ms) for delay_ms
    main.o(i.sendtestpacket) refers to rfm69.o(i.RF69_sendpacket) for RF69_sendpacket
    main.o(i.sendtestpacket) refers to rfm69.o(i.RF69_setopmode) for RF69_setopmode
    main.o(i.sendtestpacket) refers to main.o(i.switch_to_rx) for switch_to_rx
    main.o(i.sendtestpacket) refers to mygpio.o(i.Red_Off) for Red_Off
    main.o(i.sendtestpacket) refers to main.o(.data) for .data
    main.o(i.sendtestpacket) refers to rfm69.o(.bss) for RF69_TXbuffer
    main.o(i.sendtestpacket) refers to myeeprom.o(.data) for PkLen
    main.o(i.sendtestpacket) refers to rfm69.o(.data) for NodeAddr
    main.o(i.switch_to_rx) refers to mygpio.o(i.DIO0_enableIRQ) for DIO0_enableIRQ
    main.o(i.switch_to_rx) refers to rfm69.o(i.RF69_setopmode) for RF69_setopmode
    main.o(i.switch_to_rx) refers to rfm69.o(i.RF69_writereg) for RF69_writereg
    main.o(i.switch_to_rx) refers to mygpio.o(i.Red_Off) for Red_Off
    main.o(i.switch_to_rx) refers to main.o(.data) for .data
    main.o(i.switch_to_tx) refers to mygpio.o(i.DIO0_disableIRQ) for DIO0_disableIRQ
    main.o(i.switch_to_tx) refers to rfm69.o(i.RF69_setopmode) for RF69_setopmode
[...]
    .text                                    0x000001f6   Section      346  aeabi_sdiv.o(.text)
    .text                                    0x00000350   Section        0  heapauxi.o(.text)
    .text                                    0x00000356   Section        2  use_no_semi.o(.text)
    .text                                    0x00000358   Section       62  sys_stackheap_outer.o(.text)
    .text                                    0x00000396   Section        0  exit.o(.text)
    .text                                    0x000003a8   Section        8  libspace.o(.text)
    i.Bt_ClearIntFlag                        0x000003b0   Section        0  bt.o(i.Bt_ClearIntFlag)
    i.Bt_GetIntFlag                          0x000003c8   Section        0  bt.o(i.Bt_GetIntFlag)
    i.Bt_M0_ARRSet                           0x000003dc   Section        0  bt.o(i.Bt_M0_ARRSet)
    i.Bt_M0_Cnt16Set                         0x00000414   Section        0  bt.o(i.Bt_M0_Cnt16Set)
    i.Bt_M0_Run                              0x0000044c   Section        0  bt.o(i.Bt_M0_Run)
    i.Bt_Mode0_EnableIrq                     0x00000464   Section        0  bt.o(i.Bt_Mode0_EnableIrq)
    i.Bt_Mode0_Init                          0x00000480   Section        0  bt.o(i.Bt_Mode0_Init)
    i.DE_Off                                 0x0000060c   Section        0  myuart.o(i.DE_Off)
    i.DE_On                                  0x00000618   Section        0  myuart.o(i.DE_On)
    i.DIO0_disableIRQ                        0x00000624   Section        0  mygpio.o(i.DIO0_disableIRQ)
    i.DIO0_enableIRQ                         0x00000632   Section        0  mygpio.o(i.DIO0_enableIRQ)
    i.EEPROM_init                            0x00000640   Section        0  myeeprom.o(i.EEPROM_init)
    i.EEPROM_readparameters                  0x000007dc   Section        0  myeeprom.o(i.EEPROM_readparameters)
    i.EEPROM_writeparameters                 0x0000087c   Section        0  myeeprom.o(i.EEPROM_writeparameters)
    i.EnableNvic                             0x00000a00   Section        0  interrupts_hc32l136.o(i.EnableNvic)
    i.FlashInt                               0x00000a80   Section        0  myeeprom.o(i.FlashInt)
    i.Flash_ClearIntFlag                     0x00000ac4   Section        0  flash.o(i.Flash_ClearIntFlag)
    i.Flash_DisableIrq                       0x00000b20   Section        0  flash.o(i.Flash_DisableIrq)
    i.Flash_GetIntFlag                       0x00000b88   Section        0  flash.o(i.Flash_GetIntFlag)
    i.Flash_Init                             0x00000ba8   Section        0  flash.o(i.Flash_Init)
    i.Flash_SectorErase                      0x00000d80   Section        0  flash.o(i.Flash_SectorErase)
    i.Flash_WriteHalfWord                    0x00000e0c   Section        0  flash.o(i.Flash_WriteHalfWord)
    i.Flash_WriteWord                        0x00000e9c   Section        0  flash.o(i.Flash_WriteWord)
    i.Gpio_ClearIrq                          0x00000f2c   Section        0  gpio.o(i.Gpio_ClearIrq)
    i.Gpio_ClrIO                             0x00000f44   Section        0  gpio.o(i.Gpio_ClrIO)
    i.Gpio_DisableIrq                        0x00000f5c   Section        0  gpio.o(i.Gpio_DisableIrq)
    i.Gpio_EnableIrq                         0x00000f68   Section        0  gpio.o(i.Gpio_EnableIrq)
    i.Gpio_GetInputIO                        0x00000f74   Section        0  gpio.o(i.Gpio_GetInputIO)
    i.Gpio_GetIrqStatus                      0x00000f88   Section        0  gpio.o(i.Gpio_GetIrqStatus)
    i.Gpio_Init                              0x00000f9c   Section        0  gpio.o(i.Gpio_Init)
    i.Gpio_SetAfMode                         0x0000102c   Section        0  gpio.o(i.Gpio_SetAfMode)
    i.Gpio_SetIO                             0x00001040   Section        0  gpio.o(i.Gpio_SetIO)
    i.Green_Off                              0x00001058   Section        0  mygpio.o(i.Green_Off)
    i.Green_On                               0x00001064   Section        0  mygpio.o(i.Green_On)
    i.HardFault_Handler                      0x00001070   Section        0  interrupts_hc32l136.o(i.HardFault_Handler)
    i.IRQ000_Handler                         0x0000107c   Section        0  interrupts_hc32l136.o(i.IRQ000_Handler)
    i.IRQ001_Handler                         0x00001086   Section        0  interrupts_hc32l136.o(i.IRQ001_Handler)
    i.IRQ002_Handler                         0x00001090   Section        0  interrupts_hc32l136.o(i.IRQ002_Handler)
    i.IRQ003_Handler                         0x0000109c   Section        0  mygpio.o(i.IRQ003_Handler)
    i.IRQ004_Handler                         0x000010c0   Section        0  interrupts_hc32l136.o(i.IRQ004_Handler)
    i.IRQ005_Handler                         0x000010ca   Section        0  interrupts_hc32l136.o(i.IRQ005_Handler)
    i.IRQ006_Handler                         0x000010d4   Section        0  myuart.o(i.IRQ006_Handler)
    i.IRQ007_Handler                         0x00001158   Section        0  interrupts_hc32l136.o(i.IRQ007_Handler)
    i.IRQ008_Handler                         0x00001162   Section        0  interrupts_hc32l136.o(i.IRQ008_Handler)
    i.IRQ009_Handler                         0x0000116c   Section        0  interrupts_hc32l136.o(i.IRQ009_Handler)
    i.IRQ010_Handler                         0x00001176   Section        0  interrupts_hc32l136.o(i.IRQ010_Handler)
    i.IRQ011_Handler                         0x00001180   Section        0  interrupts_hc32l136.o(i.IRQ011_Handler)
    i.IRQ012_Handler                         0x0000118a   Section        0  interrupts_hc32l136.o(i.IRQ012_Handler)
    i.IRQ013_Handler                         0x00001194   Section        0  interrupts_hc32l136.o(i.IRQ013_Handler)
    i.IRQ014_Handler                         0x000011a0   Section        0  mytimers.o(i.IRQ014_Handler)
    i.IRQ015_Handler                         0x000011fc   Section        0  interrupts_hc32l136.o(i.IRQ015_Handler)
    i.IRQ016_Handler                         0x00001206   Section        0  interrupts_hc32l136.o(i.IRQ016_Handler)
    i.IRQ017_Handler                         0x00001210   Section        0  interrupts_hc32l136.o(i.IRQ017_Handler)
    i.IRQ018_Handler                         0x0000121a   Section        0  interrupts_hc32l136.o(i.IRQ018_Handler)
    i.IRQ019_Handler                         0x00001224   Section        0  interrupts_hc32l136.o(i.IRQ019_Handler)
    i.IRQ020_Handler                         0x0000122e   Section        0  interrupts_hc32l136.o(i.IRQ020_Handler)
    i.IRQ021_Handler                         0x00001238   Section        0  interrupts_hc32l136.o(i.IRQ021_Handler)
    i.IRQ022_Handler                         0x00001242   Section        0  interrupts_hc32l136.o(i.IRQ022_Handler)
    i.IRQ023_Handler                         0x0000124c   Section        0  interrupts_hc32l136.o(i.IRQ023_Handler)
    i.IRQ024_Handler                         0x00001256   Section        0  interrupts_hc32l136.o(i.IRQ024_Handler)
    i.IRQ025_Handler                         0x00001260   Section        0  interrupts_hc32l136.o(i.IRQ025_Handler)
    i.IRQ026_Handler                         0x0000126a   Section        0  interrupts_hc32l136.o(i.IRQ026_Handler)
    i.IRQ027_Handler                         0x00001274   Section        0  interrupts_hc32l136.o(i.IRQ027_Handler)
    i.IRQ028_Handler                         0x0000127e   Section        0  interrupts_hc32l136.o(i.IRQ028_Handler)
    i.IRQ029_Handler                         0x00001288   Section        0  interrupts_hc32l136.o(i.IRQ029_Handler)
    i.IRQ030_Handler                         0x00001292   Section        0  interrupts_hc32l136.o(i.IRQ030_Handler)
    i.IRQ031_Handler                         0x0000129c   Section        0  interrupts_hc32l136.o(i.IRQ031_Handler)
    i.RF69_HWreset                           0x000012a6   Section        0  myspi.o(i.RF69_HWreset)
    i.RF69_calctemp                          0x000012f8   Section        0  rfm69.o(i.RF69_calctemp)
    i.RF69_clearFIFO                         0x00001328   Section        0  rfm69.o(i.RF69_clearFIFO)
    i.RF69_deselect                          0x00001334   Section        0  myspi.o(i.RF69_deselect)
    i.RF69_getRSSI                           0x00001340   Section        0  rfm69.o(i.RF69_getRSSI)
    i.RF69_getversion                        0x0000134c   Section        0  rfm69.o(i.RF69_getversion)
    i.RF69_init                              0x00001358   Section        0  rfm69.o(i.RF69_init)
    i.RF69_readreg                           0x0000148c   Section        0  rfm69.o(i.RF69_readreg)
    i.RF69_restartRX                         0x000014ac   Section        0  rfm69.o(i.RF69_restartRX)
    i.RF69_select                            0x000014e0   Section        0  myspi.o(i.RF69_select)
    i.RF69_sendpacket                        0x000014ec   Section        0  rfm69.o(i.RF69_sendpacket)
    i.RF69_setAFC                            0x00001530   Section        0  rfm69.o(i.RF69_setAFC)
    i.RF69_setAFCBW                          0x0000153c   Section        0  rfm69.o(i.RF69_setAFCBW)
    i.RF69_setAFClowbeta                     0x00001548   Section        0  rfm69.o(i.RF69_setAFClowbeta)
    i.RF69_setBrAddr                         0x00001554   Section        0  rfm69.o(i.RF69_setBrAddr)
    i.RF69_setDIOmapping                     0x00001560   Section        0  rfm69.o(i.RF69_setDIOmapping)
    i.RF69_setLNAgain                        0x00001576   Section        0  rfm69.o(i.RF69_setLNAgain)
    i.RF69_setNodeAddr                       0x00001582   Section        0  rfm69.o(i.RF69_setNodeAddr)
    i.RF69_setPAramp                         0x0000158e   Section        0  rfm69.o(i.RF69_setPAramp)
    i.RF69_setPacketConfig1                  0x0000159a   Section        0  rfm69.o(i.RF69_setPacketConfig1)
    i.RF69_setPacketConfig2                  0x000015a6   Section        0  rfm69.o(i.RF69_setPacketConfig2)
    i.RF69_setPayLen                         0x000015b2   Section        0  rfm69.o(i.RF69_setPayLen)
    i.RF69_setPreambleSize                   0x000015be   Section        0  rfm69.o(i.RF69_setPreambleSize)
    i.RF69_setRSSItr                         0x000015d4   Section        0  rfm69.o(i.RF69_setRSSItr)
    i.RF69_setRXBW                           0x000015e0   Section        0  rfm69.o(i.RF69_setRXBW)
    i.RF69_setRXtimeouts                     0x000015ec   Section        0  rfm69.o(i.RF69_setRXtimeouts)
    i.RF69_setSyncConfig                     0x00001602   Section        0  rfm69.o(i.RF69_setSyncConfig)
    i.RF69_setSyncValue                      0x00001610   Section        0  rfm69.o(i.RF69_setSyncValue)
    i.RF69_setbitrate                        0x00001630   Section        0  rfm69.o(i.RF69_setbitrate)
    i.RF69_setchannel                        0x00001654   Section        0  rfm69.o(i.RF69_setchannel)
    i.RF69_setdeviation                      0x000016e0   Section        0  rfm69.o(i.RF69_setdeviation)
    i.RF69_setmodulation                     0x00001704   Section        0  rfm69.o(i.RF69_setmodulation)
    i.RF69_setopmode                         0x00001710   Section        0  rfm69.o(i.RF69_setopmode)
    i.RF69_setpower                          0x00001734   Section        0  rfm69.o(i.RF69_setpower)
    i.RF69_startRSSI                         0x00001742   Section        0  rfm69.o(i.RF69_startRSSI)
    i.RF69_tempmeas                          0x0000174e   Section        0  rfm69.o(i.RF69_tempmeas)
    i.RF69_writereg                          0x0000176c   Section        0  rfm69.o(i.RF69_writereg)
    i.Red_Off                                0x0000178c   Section        0  mygpio.o(i.Red_Off)
    i.Red_On                                 0x00001798   Section        0  mygpio.o(i.Red_On)
    i.Spi_Init                               0x000017a4   Section        0  spi.o(i.Spi_Init)
    i.Spi_MasterTransfer                     0x000018b0   Section        0  spi.o(i.Spi_MasterTransfer)
    i.Spi_SetCS                              0x000018e4   Section        0  spi.o(i.Spi_SetCS)
    i.Sysctrl_ClkInit                        0x000018fc   Section        0  sysctrl.o(i.Sysctrl_ClkInit)
    i.Sysctrl_ClkSourceEnable                0x00001960   Section        0  sysctrl.o(i.Sysctrl_ClkSourceEnable)
    i.Sysctrl_GetHClkFreq                    0x00001a30   Section        0  sysctrl.o(i.Sysctrl_GetHClkFreq)
    i.Sysctrl_GetPClkFreq                    0x00001b6c   Section        0  sysctrl.o(i.Sysctrl_GetPClkFreq)
    i.Sysctrl_SetHCLKDiv                     0x00001b84   Section        0  sysctrl.o(i.Sysctrl_SetHCLKDiv)
    i.Sysctrl_SetPCLKDiv                     0x00001ba8   Section        0  sysctrl.o(i.Sysctrl_SetPCLKDiv)
    i.Sysctrl_SetPLLStableTime               0x00001bcc   Section        0  sysctrl.o(i.Sysctrl_SetPLLStableTime)
    i.Sysctrl_SetPeripheralGate              0x00001bec   Section        0  sysctrl.o(i.Sysctrl_SetPeripheralGate)
    i.Sysctrl_SetRCHTrim                     0x00001c0c   Section        0  sysctrl.o(i.Sysctrl_SetRCHTrim)
    i.Sysctrl_SetRCLStableTime               0x00001c54   Section        0  sysctrl.o(i.Sysctrl_SetRCLStableTime)
    i.Sysctrl_SetRCLTrim                     0x00001c74   Section        0  sysctrl.o(i.Sysctrl_SetRCLTrim)
    i.Sysctrl_SetXTHStableTime               0x00001ca8   Section        0  sysctrl.o(i.Sysctrl_SetXTHStableTime)
    i.Sysctrl_SetXTLStableTime               0x00001cc4   Section        0  sysctrl.o(i.Sysctrl_SetXTLStableTime)
    i.Sysctrl_SysClkSwitch                   0x00001ce0   Section        0  sysctrl.o(i.Sysctrl_SysClkSwitch)
    i.Sysctrl_XTHDriverConfig                0x00001d08   Section        0  sysctrl.o(i.Sysctrl_XTHDriverConfig)
    i.Sysctrl_XTLDriverConfig                0x00001d24   Section        0  sysctrl.o(i.Sysctrl_XTLDriverConfig)
    i.SystemCoreClockUpdate                  0x00001d50   Section        0  system_hc32l136.o(i.SystemCoreClockUpdate)
    i.SystemInit                             0x00001d60   Section        0  system_hc32l136.o(i.SystemInit)
    i.UART_senddata                          0x00001d84   Section        0  main.o(i.UART_senddata)
    i.USART_SendBlock                        0x00001e44   Section        0  myuart.o(i.USART_SendBlock)
    i.USART_init                             0x00001e80   Section        0  myuart.o(i.USART_init)
    i.UartGetInternDataPtr                   0x00001f58   Section        0  uart.o(i.UartGetInternDataPtr)
    UartGetInternDataPtr                     0x00001f59   Thumb Code    38  uart.o(i.UartGetInternDataPtr)
    i.Uart_ClrIsr                            0x00001f84   Section        0  uart.o(i.Uart_ClrIsr)
    i.Uart_ClrStatus                         0x00001f94   Section        0  uart.o(i.Uart_ClrStatus)
    i.Uart_DisableIrq                        0x00001fe2   Section        0  uart.o(i.Uart_DisableIrq)
    i.Uart_EnableFunc                        0x00002042   Section        0  uart.o(i.Uart_EnableFunc)
    i.Uart_EnableIrq                         0x00002096   Section        0  uart.o(i.Uart_EnableIrq)
    i.Uart_GetStatus                         0x000020f4   Section        0  uart.o(i.Uart_GetStatus)
    i.Uart_Init                              0x00002154   Section        0  uart.o(i.Uart_Init)
    i.Uart_SetBaud                           0x000021f8   Section        0  uart.o(i.Uart_SetBaud)
    i.Uart_SetClkDiv                         0x00002208   Section        0  uart.o(i.Uart_SetClkDiv)
    i.Uart_SetMMDOrCk                        0x00002226   Section        0  uart.o(i.Uart_SetMMDOrCk)
    i.Uart_SetMode                           0x0000224a   Section        0  uart.o(i.Uart_SetMode)
    i.Uart_SetMultiMode                      0x0000226e   Section        0  uart.o(i.Uart_SetMultiMode)
    i.Uart_SetStopBit                        0x000022ac   Section        0  uart.o(i.Uart_SetStopBit)
    i._GpioEnableIrq                         0x000022dc   Section        0  gpio.o(i._GpioEnableIrq)
    _GpioEnableIrq                           0x000022dd   Thumb Code    88  gpio.o(i._GpioEnableIrq)
    i._SysctrlUnlock                         0x00002338   Section        0  sysctrl.o(i._SysctrlUnlock)
    _SysctrlUnlock                           0x00002339   Thumb Code    12  sysctrl.o(i._SysctrlUnlock)
    i.__ARM_common_switch8                   0x00002350   Section        0  testmode.o(i.__ARM_common_switch8)
    i.__NVIC_ClearPendingIRQ                 0x0000236c   Section        0  uart.o(i.__NVIC_ClearPendingIRQ)
    __NVIC_ClearPendingIRQ                   0x0000236d   Thumb Code    18  uart.o(i.__NVIC_ClearPendingIRQ)
    i.__NVIC_SetPriority                     0x00002384   Section        0  uart.o(i.__NVIC_SetPriority)
    __NVIC_SetPriority                       0x00002385   Thumb Code    60  uart.o(i.__NVIC_SetPriority)
    i._sys_exit                              0x000023c8   Section        0  ddl.o(i._sys_exit)
    i.cbUSART1_RXirq                         0x000023cc   Section        0  myuart.o(i.cbUSART1_RXirq)
    i.cbUSART1_RXtestirq                     0x00002400   Section        0  testmode.o(i.cbUSART1_RXtestirq)
    i.checkDIO0                              0x00002450   Section        0  myspi.o(i.checkDIO0)
    i.check_keys                             0x00002460   Section        0  mytimers.o(i.check_keys)
    i.checkpacket                            0x000024e8   Section        0  testmode.o(i.checkpacket)
    i.clearRxBuff                            0x0000252c   Section        0  testmode.o(i.clearRxBuff)
    i.compTxCRC                              0x00002550   Section        0  testmode.o(i.compTxCRC)
    i.comp_crc                               0x0000257c   Section        0  testmode.o(i.comp_crc)
    i.convert                                0x000025ac   Section        0  main.o(i.convert)
    i.convert8                               0x000025f0   Section        0  main.o(i.convert8)
    i.ddl_memclr                             0x00002614   Section        0  ddl.o(i.ddl_memclr)
    i.delay_ms                               0x00002628   Section        0  mytimers.o(i.delay_ms)
    i.handlecommand                          0x0000263c   Section        0  uart_commands.o(i.handlecommand)
    i.initIO                                 0x00002998   Section        0  mygpio.o(i.initIO)
    i.initSPI                                0x00002a3a   Section        0  myspi.o(i.initSPI)
    i.initTIM0                               0x00002ad6   Section        0  mytimers.o(i.initTIM0)
    i.main                                   0x00002b54   Section        0  main.o(i.main)
    i.nocommand                              0x00002c08   Section        0  testmode.o(i.nocommand)
    i.rec_command                            0x00002c24   Section        0  testmode.o(i.rec_command)
    i.rec_headH                              0x00002c80   Section        0  testmode.o(i.rec_headH)
    i.rec_headL                              0x00002cb0   Section        0  testmode.o(i.rec_headL)
    i.rec_param                              0x00002cf8   Section        0  testmode.o(i.rec_param)
    i.sendOK                                 0x00002d2c   Section        0  uart_commands.o(i.sendOK)
    i.sendanswerpacket                       0x00002d40   Section        0  main.o(i.sendanswerpacket)
    i.sendtestpacket                         0x00002de4   Section        0  main.o(i.sendtestpacket)
    i.sendtuningresponse                     0x00002e84   Section        0  uart_commands.o(i.sendtuningresponse)
    i.spi_transfer                           0x00002eb0   Section        0  myspi.o(i.spi_transfer)
    i.switch_to_rx                           0x00002ebc   Section        0  main.o(i.switch_to_rx)
    i.switch_to_tx                           0x00002ee4   Section        0  main.o(i.switch_to_tx)
    i.test_loop                              0x00002efc   Section        0  testmode.o(i.test_loop)
    i.user_loop                              0x00002f64   Section        0  main.o(i.user_loop)
    i.write_eeprom_halfw                     0x00003060   Section        0  myeeprom.o(i.write_eeprom_halfw)
    i.write_eeprom_word                      0x00003068   Section        0  myeeprom.o(i.write_eeprom_word)
    .constdata                               0x00003070   Section        8  myeeprom.o(.constdata)
    .constdata                               0x00003078   Section       28  uart_commands.o(.constdata)
    .constdata                               0x00003094   Section       24  sysctrl.o(.constdata)
    .data                                    0x20000000   Section       58  main.o(.data)
    .data                                    0x2000003a   Section        1  main.o(.data)
    .data                                    0x2000003c   Section        4  main.o(.data)
    .data                                    0x20000040   Section       68  myeeprom.o(.data)
    .data                                    0x20000084   Section       10  mytimers.o(.data)
    K0cnt                                    0x20000084   Data           1  mytimers.o(.data)
    K1cnt                                    0x20000085   Data           1  mytimers.o(.data)
    Tim0cnt                                  0x20000086   Data           1  mytimers.o(.data)
    k0                                       0x20000087   Data           1  mytimers.o(.data)
    k1                                       0x20000088   Data           1  mytimers.o(.data)
    pktimer                                  0x2000008a   Data           2  mytimers.o(.data)
    .data                                    0x2000008e   Section        3  myuart.o(.data)
    .data                                    0x20000091   Section        1  rfm69.o(.data)
    .data                                    0x20000092   Section        8  testmode.o(.data)
    temp                                     0x20000095   Data           1  testmode.o(.data)
    plen                                     0x20000096   Data           1  testmode.o(.data)
    rxstatus                                 0x20000097   Data           1  testmode.o(.data)
    rxcount                                  0x20000098   Data           1  testmode.o(.data)
    .data                                    0x2000009a   Section        1  uart_commands.o(.data)
    .data                                    0x2000009c   Section       12  bt.o(.data)
    pfnTim0Callback                          0x2000009c   Data           4  bt.o(.data)
    pfnTim1Callback                          0x200000a0   Data           4  bt.o(.data)
    pfnTim2Callback                          0x200000a4   Data           4  bt.o(.data)
    .data                                    0x200000a8   Section        4  flash.o(.data)
    pfnFlashCallback                         0x200000a8   Data           4  flash.o(.data)
    .data                                    0x200000ac   Section        8  spi.o(.data)
    pfnSpi0Callback                          0x200000ac   Data           4  spi.o(.data)
    pfnSpi1Callback                          0x200000b0   Data           4  spi.o(.data)
    .data                                    0x200000b4   Section       56  uart.o(.data)
    m_astcUartInstanceDataLut                0x200000b4   Data          56  uart.o(.data)
    .data                                    0x200000ec   Section        4  system_hc32l136.o(.data)
    .bss                                     0x200000f0   Section      256  myuart.o(.bss)
    .bss                                     0x200001f0   Section      148  rfm69.o(.bss)
    .bss                                     0x20000284   Section       96  libspace.o(.bss)
    HEAP                                     0x200002e8   Section      512  startup_hc32l136.o(HEAP)
    Heap_Mem                                 0x200002e8   Data         512  startup_hc32l136.o(HEAP)
    STACK                                    0x200004e8   Section      512  startup_hc32l136.o(STACK)
    Stack_Mem                                0x200004e8   Data         512  startup_hc32l136.o(STACK)
    __initial_sp                             0x200006e8   Data           0  startup_hc32l136.o(STACK)

    Global Symbols

    Symbol Name                              Value     Ov Type        Size  Object(Section)

    BuildAttributes$$THM_ISAv3M$S$PE$A:L22$X:L11$S22$IEEE1$IW$USESV6$~STKCKD$USESV7$~SHL$OSPACE$ROPI$EBA8$UX$STANDARDLIB$REQ8$PRES8$EABIv2 0x00000000   Number         0  anon$$obj.o ABSOLUTE
    __ARM_use_no_argv                        0x00000000   Number         0  main.o ABSOLUTE
    __Vectors                                0x00000000   Data           4  startup_hc32l136.o(RESET)
    Gpio_IRQHandler                           - Undefined Weak Reference
    Lcd_IRQHandler                            - Undefined Weak Reference
    __ARM_exceptions_init                     - Undefined Weak Reference
    __alloca_initialize                       - Undefined Weak Reference
    __arm_fini_                               - Undefined Weak Reference
    __arm_preinit_                            - Undefined Weak Reference
    __cpp_initialize__aeabi_                  - Undefined Weak Reference
    __cxa_finalize                            - Undefined Weak Reference
    __rt_locale                               - Undefined Weak Reference
    __sigvec_lookup                           - Undefined Weak Reference
    _atexit_init                              - Undefined Weak Reference
    _call_atexit_fns                          - Undefined Weak Reference
    _clock_init                               - Undefined Weak Reference
    _fp_trap_init                             - Undefined Weak Reference
    _fp_trap_shutdown                         - Undefined Weak Reference
    _get_lc_collate                           - Undefined Weak Reference
    _get_lc_ctype                             - Undefined Weak Reference
    _get_lc_monetary                          - Undefined Weak Reference
    _get_lc_numeric                           - Undefined Weak Reference
    _get_lc_time                              - Undefined Weak Reference
    _getenv_init                              - Undefined Weak Reference
    _handle_redirection                       - Undefined Weak Reference
    _init_alloc                               - Undefined Weak Reference
    _init_user_alloc                          - Undefined Weak Reference
    _initio                                   - Undefined Weak Reference
    _rand_init                                - Undefined Weak Reference
    _signal_finish                            - Undefined Weak Reference
    _signal_init                              - Undefined Weak Reference
    _terminate_alloc                          - Undefined Weak Reference
    _terminate_user_alloc                     - Undefined Weak Reference
    _terminateio                              - Undefined Weak Reference
    __Vectors_End                            0x000000c0   Data           0  startup_hc32l136.o(RESET)
    __Vectors_Size                           0x000000c0   Number         0  startup_hc32l136.o ABSOLUTE
    __main                                   0x000000c1   Thumb Code     8  __main.o(!!!main)
    __scatterload                            0x000000c9   Thumb Code     0  __scatter.o(!!!scatter)
    __scatterload_rt2                        0x000000c9   Thumb Code    52  __scatter.o(!!!scatter)
    __scatterload_rt2_thumb_only             0x000000c9   Thumb Code     0  __scatter.o(!!!scatter)
    __scatterload_null                       0x000000d9   Thumb Code     0  __scatter.o(!!!scatter)
    __scatterload_copy                       0x00000105   Thumb Code    26  __scatter_copy.o(!!handler_copy)
    __scatterload_zeroinit                   0x00000121   Thumb Code    28  __scatter_zi.o(!!handler_zi)
    __rt_lib_init                            0x0000013d   Thumb Code     0  libinit.o(.ARM.Collect$$libinit$$00000000)
    __rt_lib_init_alloca_1                   0x0000013f   Thumb Code     0  libinit2.o(.ARM.Collect$$libinit$$0000002E)
    __rt_lib_init_argv_1                     0x0000013f   Thumb Code     0  libinit2.o(.ARM.Collect$$libinit$$0000002C)
    __rt_lib_init_atexit_1                   0x0000013f   Thumb Code     0  libinit2.o(.ARM.Collect$$libinit$$0000001B)
    __rt_lib_init_clock_1                    0x0000013f   Thumb Code     0  libinit2.o(.ARM.Collect$$libinit$$00000021)
    __rt_lib_init_cpp_1                      0x0000013f   Thumb Code     0  libinit2.o(.ARM.Collect$$libinit$$00000032)
    __rt_lib_init_exceptions_1               0x0000013f   Thumb Code     0  libinit2.o(.ARM.Collect$$libinit$$00000030)
    __rt_lib_init_fp_1                       0x0000013f   Thumb Code     0  libinit2.o(.ARM.Collect$$libinit$$00000002)
    __rt_lib_init_fp_trap_1                  0x0000013f   Thumb Code     0  libinit2.o(.ARM.Collect$$libinit$$0000001F)
    __rt_lib_init_getenv_1                   0x0000013f   Thumb Code     0  libinit2.o(.ARM.Collect$$libinit$$00000023)
    __rt_lib_init_heap_1                     0x0000013f   Thumb Code     0  libinit2.o(.ARM.Collect$$libinit$$0000000A)
    __rt_lib_init_lc_collate_1               0x0000013f   Thumb Code     0  libinit2.o(.ARM.Collect$$libinit$$00000011)
    __rt_lib_init_lc_ctype_1                 0x0000013f   Thumb Code     0  libinit2.o(.ARM.Collect$$libinit$$00000013)
    __rt_lib_init_lc_monetary_1              0x0000013f   Thumb Code     0  libinit2.o(.ARM.Collect$$libinit$$00000015)
    __rt_lib_init_lc_numeric_1               0x0000013f   Thumb Code     0  libinit2.o(.ARM.Collect$$libinit$$00000017)
    __rt_lib_init_lc_time_1                  0x0000013f   Thumb Code     0  libinit2.o(.ARM.Collect$$libinit$$00000019)
    __rt_lib_init_preinit_1                  0x0000013f   Thumb Code     0  libinit2.o(.ARM.Collect$$libinit$$00000004)
    __rt_lib_init_rand_1                     0x0000013f   Thumb Code     0  libinit2.o(.ARM.Collect$$libinit$$0000000E)
    __rt_lib_init_return                     0x0000013f   Thumb Code     0  libinit2.o(.ARM.Collect$$libinit$$00000033)
    __rt_lib_init_signal_1                   0x0000013f   Thumb Code     0  libinit2.o(.ARM.Collect$$libinit$$0000001D)
    __rt_lib_init_stdio_1                    0x0000013f   Thumb Code     0  libinit2.o(.ARM.Collect$$libinit$$00000025)
    __rt_lib_init_user_alloc_1               0x0000013f   Thumb Code     0  libinit2.o(.ARM.Collect$$libinit$$0000000C)
    __rt_lib_shutdown                        0x00000141   Thumb Code     0  libshutdown.o(.ARM.Collect$$libshutdown$$00000000)
    __rt_lib_shutdown_cpp_1                  0x00000143   Thumb Code     0  libshutdown2.o(.ARM.Collect$$libshutdown$$00000004)
    __rt_lib_shutdown_fini_1                 0x00000143   Thumb Code     0  libshutdown2.o(.ARM.Collect$$libshutdown$$00000002)
    __rt_lib_shutdown_fp_trap_1              0x00000143   Thumb Code     0  libshutdown2.o(.ARM.Collect$$libshutdown$$00000009)
    __rt_lib_shutdown_heap_1                 0x00000143   Thumb Code     0  libshutdown2.o(.ARM.Collect$$libshutdown$$00000011)
    __rt_lib_shutdown_return                 0x00000143   Thumb Code     0  libshutdown2.o(.ARM.Collect$$libshutdown$$00000012)
    __rt_lib_shutdown_signal_1               0x00000143   Thumb Code     0  libshutdown2.o(.ARM.Collect$$libshutdown$$0000000C)
    __rt_lib_shutdown_stdio_1                0x00000143   Thumb Code     0  libshutdown2.o(.ARM.Collect$$libshutdown$$00000006)
    __rt_lib_shutdown_user_alloc_1           0x00000143   Thumb Code     0  libshutdown2.o(.ARM.Collect$$libshutdown$$0000000E)
    __rt_entry                               0x00000145   Thumb Code     0  __rtentry.o(.ARM.Collect$$rtentry$$00000000)
    __rt_entry_presh_1                       0x00000145   Thumb Code     0  __rtentry2.o(.ARM.Collect$$rtentry$$00000002)
    __rt_entry_sh                            0x00000145   Thumb Code     0  __rtentry4.o(.ARM.Collect$$rtentry$$00000004)
    __rt_entry_li                            0x0000014b   Thumb Code     0  __rtentry2.o(.ARM.Collect$$rtentry$$0000000A)
    __rt_entry_postsh_1                      0x0000014b   Thumb Code     0  __rtentry2.o(.ARM.Collect$$rtentry$$00000009)
    __rt_entry_main                          0x0000014f   Thumb Code     0  __rtentry2.o(.ARM.Collect$$rtentry$$0000000D)
    __rt_entry_postli_1                      0x0000014f   Thumb Code     0  __rtentry2.o(.ARM.Collect$$rtentry$$0000000C)
    __rt_exit                                0x00000157   Thumb Code     0  rtexit.o(.ARM.Collect$$rtexit$$00000000)
    __rt_exit_ls                             0x00000159   Thumb Code     0  rtexit2.o(.ARM.Collect$$rtexit$$00000003)
    __rt_exit_prels_1                        0x00000159   Thumb Code     0  rtexit2.o(.ARM.Collect$$rtexit$$00000002)
    __rt_exit_exit                           0x0000015d   Thumb Code     0  rtexit2.o(.ARM.Collect$$rtexit$$00000004)
    __aeabi_memcpy4                          0x00000165   Thumb Code    56  rt_memcpy.o(.emb_text)
    __aeabi_memcpy8                          0x00000165   Thumb Code     0  rt_memcpy.o(.emb_text)
    Reset_Handler                            0x0000019d   Thumb Code    26  startup_hc32l136.o(.text)
    NMI_Handler                              0x000001b7   Thumb Code     2  startup_hc32l136.o(.text)
    SVC_Handler                              0x000001bb   Thumb Code     2  startup_hc32l136.o(.text)
    PendSV_Handler                           0x000001bd   Thumb Code     2  startup_hc32l136.o(.text)
    SysTick_Handler                          0x000001bf   Thumb Code     2  startup_hc32l136.o(.text)
    __user_initial_stackheap                 0x000001c5   Thumb Code     0  startup_hc32l136.o(.text)
    __use_no_semihosting                     0x000001f5   Thumb Code     2  use_no_semi_2.o(.text)
    __aeabi_uidiv                            0x000001f7   Thumb Code     0  aeabi_sdiv.o(.text)
    __aeabi_uidivmod                         0x000001f7   Thumb Code    20  aeabi_sdiv.o(.text)
    __aeabi_idiv                             0x0000020b   Thumb Code     0  aeabi_sdiv.o(.text)
    __aeabi_idivmod                          0x0000020b   Thumb Code   326  aeabi_sdiv.o(.text)
    __use_two_region_memory                  0x00000351   Thumb Code     2  heapauxi.o(.text)
    __rt_heap_escrow$2region                 0x00000353   Thumb Code     2  heapauxi.o(.text)
    __rt_heap_expand$2region                 0x00000355   Thumb Code     2  heapauxi.o(.text)
    __I$use$semihosting                      0x00000357   Thumb Code     0  use_no_semi.o(.text)
    __use_no_semihosting_swi                 0x00000357   Thumb Code     2  use_no_semi.o(.text)
    __user_setup_stackheap                   0x00000359   Thumb Code    62  sys_stackheap_outer.o(.text)
    exit                                     0x00000397   Thumb Code    16  exit.o(.text)
    __user_libspace                          0x000003a9   Thumb Code     8  libspace.o(.text)
    __user_perproc_libspace                  0x000003a9   Thumb Code     0  libspace.o(.text)
    __user_perthread_libspace                0x000003a9   Thumb Code     0  libspace.o(.text)
    Bt_ClearIntFlag                          0x000003b1   Thumb Code    20  bt.o(i.Bt_ClearIntFlag)
    Bt_GetIntFlag                            0x000003c9   Thumb Code    16  bt.o(i.Bt_GetIntFlag)
    Bt_M0_ARRSet                             0x000003dd   Thumb Code    42  bt.o(i.Bt_M0_ARRSet)
    Bt_M0_Cnt16Set                           0x00000415   Thumb Code    42  bt.o(i.Bt_M0_Cnt16Set)
    Bt_M0_Run                                0x0000044d   Thumb Code    20  bt.o(i.Bt_M0_Run)
    Bt_Mode0_EnableIrq                       0x00000465   Thumb Code    22  bt.o(i.Bt_Mode0_EnableIrq)
    Bt_Mode0_Init                            0x00000481   Thumb Code   378  bt.o(i.Bt_Mode0_Init)
    DE_Off                                   0x0000060d   Thumb Code    12  myuart.o(i.DE_Off)
    DE_On                                    0x00000619   Thumb Code    12  myuart.o(i.DE_On)
    DIO0_disableIRQ                          0x00000625   Thumb Code    14  mygpio.o(i.DIO0_disableIRQ)
    DIO0_enableIRQ                           0x00000633   Thumb Code    14  mygpio.o(i.DIO0_enableIRQ)
    EEPROM_init                              0x00000641   Thumb Code   374  myeeprom.o(i.EEPROM_init)
    EEPROM_readparameters                    0x000007dd   Thumb Code   156  myeeprom.o(i.EEPROM_readparameters)
    EEPROM_writeparameters                   0x0000087d   Thumb Code   378  myeeprom.o(i.EEPROM_writeparameters)
    EnableNvic                               0x00000a01   Thumb Code   110  interrupts_hc32l136.o(i.EnableNvic)
    FlashInt                                 0x00000a81   Thumb Code    64  myeeprom.o(i.FlashInt)
    Flash_ClearIntFlag                       0x00000ac5   Thumb Code    78  flash.o(i.Flash_ClearIntFlag)
    Flash_DisableIrq                         0x00000b21   Thumb Code    92  flash.o(i.Flash_DisableIrq)
    Flash_GetIntFlag                         0x00000b89   Thumb Code    28  flash.o(i.Flash_GetIntFlag)
    Flash_Init                               0x00000ba9   Thumb Code   446  flash.o(i.Flash_Init)
    Flash_SectorErase                        0x00000d81   Thumb Code   122  flash.o(i.Flash_SectorErase)
    Flash_WriteHalfWord                      0x00000e0d   Thumb Code   126  flash.o(i.Flash_WriteHalfWord)
    Flash_WriteWord                          0x00000e9d   Thumb Code   126  flash.o(i.Flash_WriteWord)
    Gpio_ClearIrq                            0x00000f2d   Thumb Code    18  gpio.o(i.Gpio_ClearIrq)
    Gpio_ClrIO                               0x00000f45   Thumb Code    18  gpio.o(i.Gpio_ClrIO)
    Gpio_DisableIrq                          0x00000f5d   Thumb Code    12  gpio.o(i.Gpio_DisableIrq)
    Gpio_EnableIrq                           0x00000f69   Thumb Code    12  gpio.o(i.Gpio_EnableIrq)
    Gpio_GetInputIO                          0x00000f75   Thumb Code    14  gpio.o(i.Gpio_GetInputIO)
    Gpio_GetIrqStatus                        0x00000f89   Thumb Code    14  gpio.o(i.Gpio_GetIrqStatus)
    Gpio_Init                                0x00000f9d   Thumb Code   132  gpio.o(i.Gpio_Init)
    Gpio_SetAfMode                           0x0000102d   Thumb Code    14  gpio.o(i.Gpio_SetAfMode)
    Gpio_SetIO                               0x00001041   Thumb Code    18  gpio.o(i.Gpio_SetIO)
    Green_Off                                0x00001059   Thumb Code    12  mygpio.o(i.Green_Off)
    Green_On                                 0x00001065   Thumb Code    12  mygpio.o(i.Green_On)
    HardFault_Handler                        0x00001071   Thumb Code    12  interrupts_hc32l136.o(i.HardFault_Handler)
    IRQ000_Handler                           0x0000107d   Thumb Code    10  interrupts_hc32l136.o(i.IRQ000_Handler)
    IRQ001_Handler                           0x00001087   Thumb Code    10  interrupts_hc32l136.o(i.IRQ001_Handler)
    IRQ002_Handler                           0x00001091   Thumb Code    10  interrupts_hc32l136.o(i.IRQ002_Handler)
    IRQ003_Handler                           0x0000109d   Thumb Code    30  mygpio.o(i.IRQ003_Handler)
    IRQ004_Handler                           0x000010c1   Thumb Code    10  interrupts_hc32l136.o(i.IRQ004_Handler)
    IRQ005_Handler                           0x000010cb   Thumb Code    10  interrupts_hc32l136.o(i.IRQ005_Handler)
    IRQ006_Handler                           0x000010d5   Thumb Code   118  myuart.o(i.IRQ006_Handler)
    IRQ007_Handler                           0x00001159   Thumb Code    10  interrupts_hc32l136.o(i.IRQ007_Handler)
    IRQ008_Handler                           0x00001163   Thumb Code    10  interrupts_hc32l136.o(i.IRQ008_Handler)
    IRQ009_Handler                           0x0000116d   Thumb Code    10  interrupts_hc32l136.o(i.IRQ009_Handler)
    IRQ010_Handler                           0x00001177   Thumb Code    10  interrupts_hc32l136.o(i.IRQ010_Handler)
    IRQ011_Handler                           0x00001181   Thumb Code    10  interrupts_hc32l136.o(i.IRQ011_Handler)
    IRQ012_Handler                           0x0000118b   Thumb Code    10  interrupts_hc32l136.o(i.IRQ012_Handler)
    IRQ013_Handler                           0x00001195   Thumb Code    10  interrupts_hc32l136.o(i.IRQ013_Handler)
    IRQ014_Handler                           0x000011a1   Thumb Code    74  mytimers.o(i.IRQ014_Handler)
    IRQ015_Handler                           0x000011fd   Thumb Code    10  interrupts_hc32l136.o(i.IRQ015_Handler)
    IRQ016_Handler                           0x00001207   Thumb Code    10  interrupts_hc32l136.o(i.IRQ016_Handler)
    IRQ017_Handler                           0x00001211   Thumb Code    10  interrupts_hc32l136.o(i.IRQ017_Handler)
    IRQ018_Handler                           0x0000121b   Thumb Code    10  interrupts_hc32l136.o(i.IRQ018_Handler)
    IRQ019_Handler                           0x00001225   Thumb Code    10  interrupts_hc32l136.o(i.IRQ019_Handler)
    IRQ020_Handler                           0x0000122f   Thumb Code    10  interrupts_hc32l136.o(i.IRQ020_Handler)
    IRQ021_Handler                           0x00001239   Thumb Code    10  interrupts_hc32l136.o(i.IRQ021_Handler)
    IRQ022_Handler                           0x00001243   Thumb Code    10  interrupts_hc32l136.o(i.IRQ022_Handler)
    IRQ023_Handler                           0x0000124d   Thumb Code    10  interrupts_hc32l136.o(i.IRQ023_Handler)
    IRQ024_Handler                           0x00001257   Thumb Code    10  interrupts_hc32l136.o(i.IRQ024_Handler)
    IRQ025_Handler                           0x00001261   Thumb Code    10  interrupts_hc32l136.o(i.IRQ025_Handler)
    IRQ026_Handler                           0x0000126b   Thumb Code    10  interrupts_hc32l136.o(i.IRQ026_Handler)
    IRQ027_Handler                           0x00001275   Thumb Code    10  interrupts_hc32l136.o(i.IRQ027_Handler)
    IRQ028_Handler                           0x0000127f   Thumb Code    10  interrupts_hc32l136.o(i.IRQ028_Handler)
    IRQ029_Handler                           0x00001289   Thumb Code    10  interrupts_hc32l136.o(i.IRQ029_Handler)
    IRQ030_Handler                           0x00001293   Thumb Code    10  interrupts_hc32l136.o(i.IRQ030_Handler)
    IRQ031_Handler                           0x0000129d   Thumb Code    10  interrupts_hc32l136.o(i.IRQ031_Handler)
    RF69_HWreset                             0x000012a7   Thumb Code    80  myspi.o(i.RF69_HWreset)
    RF69_calctemp                            0x000012f9   Thumb Code    32  rfm69.o(i.RF69_calctemp)
    RF69_clearFIFO                           0x00001329   Thumb Code    12  rfm69.o(i.RF69_clearFIFO)
    RF69_deselect                            0x00001335   Thumb Code    12  myspi.o(i.RF69_deselect)
    RF69_getRSSI                             0x00001341   Thumb Code    12  rfm69.o(i.RF69_getRSSI)
    RF69_getversion                          0x0000134d   Thumb Code    10  rfm69.o(i.RF69_getversion)
    RF69_init                                0x00001359   Thumb Code   236  rfm69.o(i.RF69_init)
    RF69_readreg                             0x0000148d   Thumb Code    32  rfm69.o(i.RF69_readreg)
    RF69_restartRX                           0x000014ad   Thumb Code    48  rfm69.o(i.RF69_restartRX)
    RF69_select                              0x000014e1   Thumb Code    12  myspi.o(i.RF69_select)
    RF69_sendpacket                          0x000014ed   Thumb Code    62  rfm69.o(i.RF69_sendpacket)
    RF69_setAFC                              0x00001531   Thumb Code    12  rfm69.o(i.RF69_setAFC)
    RF69_setAFCBW                            0x0000153d   Thumb Code    12  rfm69.o(i.RF69_setAFCBW)
    RF69_setAFClowbeta                       0x00001549   Thumb Code    12  rfm69.o(i.RF69_setAFClowbeta)
    RF69_setBrAddr                           0x00001555   Thumb Code    12  rfm69.o(i.RF69_setBrAddr)
    RF69_setDIOmapping                       0x00001561   Thumb Code    22  rfm69.o(i.RF69_setDIOmapping)
    RF69_setLNAgain                          0x00001577   Thumb Code    12  rfm69.o(i.RF69_setLNAgain)
    RF69_setNodeAddr                         0x00001583   Thumb Code    12  rfm69.o(i.RF69_setNodeAddr)
    RF69_setPAramp                           0x0000158f   Thumb Code    12  rfm69.o(i.RF69_setPAramp)
    RF69_setPacketConfig1                    0x0000159b   Thumb Code    12  rfm69.o(i.RF69_setPacketConfig1)
    RF69_setPacketConfig2                    0x000015a7   Thumb Code    12  rfm69.o(i.RF69_setPacketConfig2)
    RF69_setPayLen                           0x000015b3   Thumb Code    12  rfm69.o(i.RF69_setPayLen)
    RF69_setPreambleSize                     0x000015bf   Thumb Code    22  rfm69.o(i.RF69_setPreambleSize)
    RF69_setRSSItr                           0x000015d5   Thumb Code    12  rfm69.o(i.RF69_setRSSItr)
    RF69_setRXBW                             0x000015e1   Thumb Code    12  rfm69.o(i.RF69_setRXBW)
    RF69_setRXtimeouts                       0x000015ed   Thumb Code    22  rfm69.o(i.RF69_setRXtimeouts)
    RF69_setSyncConfig                       0x00001603   Thumb Code    12  rfm69.o(i.RF69_setSyncConfig)
    RF69_setSyncValue                        0x00001611   Thumb Code    28  rfm69.o(i.RF69_setSyncValue)
    RF69_setbitrate                          0x00001631   Thumb Code    32  rfm69.o(i.RF69_setbitrate)
    RF69_setchannel                          0x00001655   Thumb Code   112  rfm69.o(i.RF69_setchannel)
    RF69_setdeviation                        0x000016e1   Thumb Code    32  rfm69.o(i.RF69_setdeviation)
    RF69_setmodulation                       0x00001705   Thumb Code    12  rfm69.o(i.RF69_setmodulation)
    RF69_setopmode                           0x00001711   Thumb Code    36  rfm69.o(i.RF69_setopmode)
    RF69_setpower                            0x00001735   Thumb Code    14  rfm69.o(i.RF69_setpower)
    RF69_startRSSI                           0x00001743   Thumb Code    12  rfm69.o(i.RF69_startRSSI)
    RF69_tempmeas                            0x0000174f   Thumb Code    30  rfm69.o(i.RF69_tempmeas)
    RF69_writereg                            0x0000176d   Thumb Code    32  rfm69.o(i.RF69_writereg)
    Red_Off                                  0x0000178d   Thumb Code    12  mygpio.o(i.Red_Off)
    Red_On                                   0x00001799   Thumb Code    12  mygpio.o(i.Red_On)
    Spi_Init                                 0x000017a5   Thumb Code   256  spi.o(i.Spi_Init)
    Spi_MasterTransfer                       0x000018b1   Thumb Code    44  spi.o(i.Spi_MasterTransfer)
    Spi_SetCS                                0x000018e5   Thumb Code    14  spi.o(i.Spi_SetCS)
    Sysctrl_ClkInit                          0x000018fd   Thumb Code   100  sysctrl.o(i.Sysctrl_ClkInit)
    Sysctrl_ClkSourceEnable                  0x00001961   Thumb Code   200  sysctrl.o(i.Sysctrl_ClkSourceEnable)
    Sysctrl_GetHClkFreq                      0x00001a31   Thumb Code   298  sysctrl.o(i.Sysctrl_GetHClkFreq)
    Sysctrl_GetPClkFreq                      0x00001b6d   Thumb Code    18  sysctrl.o(i.Sysctrl_GetPClkFreq)
    Sysctrl_SetHCLKDiv                       0x00001b85   Thumb Code    32  sysctrl.o(i.Sysctrl_SetHCLKDiv)
    Sysctrl_SetPCLKDiv                       0x00001ba9   Thumb Code    32  sysctrl.o(i.Sysctrl_SetPCLKDiv)
    Sysctrl_SetPLLStableTime                 0x00001bcd   Thumb Code    26  sysctrl.o(i.Sysctrl_SetPLLStableTime)
    Sysctrl_SetPeripheralGate                0x00001bed   Thumb Code    28  sysctrl.o(i.Sysctrl_SetPeripheralGate)
    Sysctrl_SetRCHTrim                       0x00001c0d   Thumb Code    62  sysctrl.o(i.Sysctrl_SetRCHTrim)
    Sysctrl_SetRCLStableTime                 0x00001c55   Thumb Code    26  sysctrl.o(i.Sysctrl_SetRCLStableTime)
    Sysctrl_SetRCLTrim                       0x00001c75   Thumb Code    42  sysctrl.o(i.Sysctrl_SetRCLTrim)
    Sysctrl_SetXTHStableTime                 0x00001ca9   Thumb Code    24  sysctrl.o(i.Sysctrl_SetXTHStableTime)
    Sysctrl_SetXTLStableTime                 0x00001cc5   Thumb Code    24  sysctrl.o(i.Sysctrl_SetXTLStableTime)
    Sysctrl_SysClkSwitch                     0x00001ce1   Thumb Code    34  sysctrl.o(i.Sysctrl_SysClkSwitch)
    Sysctrl_XTHDriverConfig                  0x00001d09   Thumb Code    22  sysctrl.o(i.Sysctrl_XTHDriverConfig)
    Sysctrl_XTLDriverConfig                  0x00001d25   Thumb Code    38  sysctrl.o(i.Sysctrl_XTLDriverConfig)
    SystemCoreClockUpdate                    0x00001d51   Thumb Code    12  system_hc32l136.o(i.SystemCoreClockUpdate)
    SystemInit                               0x00001d61   Thumb Code    28  system_hc32l136.o(i.SystemInit)
    UART_senddata                            0x00001d85   Thumb Code   178  main.o(i.UART_senddata)
    USART_SendBlock                          0x00001e45   Thumb Code    50  myuart.o(i.USART_SendBlock)
    USART_init                               0x00001e81   Thumb Code   210  myuart.o(i.USART_init)
    Uart_ClrIsr                              0x00001f85   Thumb Code    16  uart.o(i.Uart_ClrIsr)
    Uart_ClrStatus                           0x00001f95   Thumb Code    78  uart.o(i.Uart_ClrStatus)
    Uart_DisableIrq                          0x00001fe3   Thumb Code    96  uart.o(i.Uart_DisableIrq)
    Uart_EnableFunc                          0x00002043   Thumb Code    84  uart.o(i.Uart_EnableFunc)
    Uart_EnableIrq                           0x00002097   Thumb Code    94  uart.o(i.Uart_EnableIrq)
    Uart_GetStatus                           0x000020f5   Thumb Code    94  uart.o(i.Uart_GetStatus)
    Uart_Init                                0x00002155   Thumb Code   160  uart.o(i.Uart_Init)
    Uart_SetBaud                             0x000021f9   Thumb Code    16  uart.o(i.Uart_SetBaud)
    Uart_SetClkDiv                           0x00002209   Thumb Code    30  uart.o(i.Uart_SetClkDiv)
    Uart_SetMMDOrCk                          0x00002227   Thumb Code    36  uart.o(i.Uart_SetMMDOrCk)
    Uart_SetMode                             0x0000224b   Thumb Code    36  uart.o(i.Uart_SetMode)
    Uart_SetMultiMode                        0x0000226f   Thumb Code    62  uart.o(i.Uart_SetMultiMode)
    Uart_SetStopBit                          0x000022ad   Thumb Code    46  uart.o(i.Uart_SetStopBit)
    __ARM_common_switch8                     0x00002351   Thumb Code    26  testmode.o(i.__ARM_common_switch8)
    _sys_exit                                0x000023c9   Thumb Code     2  ddl.o(i._sys_exit)
    cbUSART1_RXirq                           0x000023cd   Thumb Code    42  myuart.o(i.cbUSART1_RXirq)
    cbUSART1_RXtestirq                       0x00002401   Thumb Code    72  testmode.o(i.cbUSART1_RXtestirq)
    checkDIO0                                0x00002451   Thumb Code    16  myspi.o(i.checkDIO0)
    check_keys                               0x00002461   Thumb Code   128  mytimers.o(i.check_keys)
    checkpacket                              0x000024e9   Thumb Code    56  testmode.o(i.checkpacket)
    clearRxBuff                              0x0000252d   Thumb Code    20  testmode.o(i.clearRxBuff)
    compTxCRC                                0x00002551   Thumb Code    34  testmode.o(i.compTxCRC)
    comp_crc                                 0x0000257d   Thumb Code    42  testmode.o(i.comp_crc)
    convert                                  0x000025ad   Thumb Code    58  main.o(i.convert)
    convert8                                 0x000025f1   Thumb Code    32  main.o(i.convert8)
    ddl_memclr                               0x00002615   Thumb Code    18  ddl.o(i.ddl_memclr)
    delay_ms                                 0x00002629   Thumb Code    14  mytimers.o(i.delay_ms)
    handlecommand                            0x0000263d   Thumb Code   724  uart_commands.o(i.handlecommand)
    initIO                                   0x00002999   Thumb Code   162  mygpio.o(i.initIO)
    initSPI                                  0x00002a3b   Thumb Code   156  myspi.o(i.initSPI)
    initTIM0                                 0x00002ad7   Thumb Code   126  mytimers.o(i.initTIM0)
    main                                     0x00002b55   Thumb Code   168  main.o(i.main)
    nocommand                                0x00002c09   Thumb Code    18  testmode.o(i.nocommand)
    rec_command                              0x00002c25   Thumb Code    74  testmode.o(i.rec_command)
    rec_headH                                0x00002c81   Thumb Code    36  testmode.o(i.rec_headH)
    rec_headL                                0x00002cb1   Thumb Code    58  testmode.o(i.rec_headL)
    rec_param                                0x00002cf9   Thumb Code    38  testmode.o(i.rec_param)
    sendOK                                   0x00002d2d   Thumb Code    16  uart_commands.o(i.sendOK)
    sendanswerpacket                         0x00002d41   Thumb Code   144  main.o(i.sendanswerpacket)
    sendtestpacket                           0x00002de5   Thumb Code   138  main.o(i.sendtestpacket)
    sendtuningresponse                       0x00002e85   Thumb Code    36  uart_commands.o(i.sendtuningresponse)
    spi_transfer                             0x00002eb1   Thumb Code    12  myspi.o(i.spi_transfer)
    switch_to_rx                             0x00002ebd   Thumb Code    36  main.o(i.switch_to_rx)
    switch_to_tx                             0x00002ee5   Thumb Code    22  main.o(i.switch_to_tx)
    test_loop                                0x00002efd   Thumb Code    90  testmode.o(i.test_loop)
    user_loop                                0x00002f65   Thumb Code   230  main.o(i.user_loop)
    write_eeprom_halfw                       0x00003061   Thumb Code     8  myeeprom.o(i.write_eeprom_halfw)
    write_eeprom_word                        0x00003069   Thumb Code     8  myeeprom.o(i.write_eeprom_word)
    SYNC_INIT                                0x00003070   Data           8  myeeprom.o(.constdata)
    COMMANDLIST                              0x00003078   Data          28  uart_commands.o(.constdata)
    Region$$Table$$Base                      0x000030ac   Number         0  anon$$obj.o(Region$$Table)
    Region$$Table$$Limit                     0x000030cc   Number         0  anon$$obj.o(Region$$Table)
    RF69_RXflag                              0x20000000   Data           1  main.o(.data)
    work_mode                                0x20000001   Data           1  main.o(.data)
    PacketFlag                               0x20000002   Data           1  main.o(.data)
    Periodic_Mode                            0x20000003   Data           1  main.o(.data)
    UARTtxflag                               0x20000004   Data           1  main.o(.data)
    PacketDelay                              0x20000005   Data           1  main.o(.data)
    Rssi                                     0x20000006   Data           1  main.o(.data)
    Crcok                                    0x20000007   Data           1  main.o(.data)
    RxLen                                    0x20000008   Data           1  main.o(.data)
    Key                                      0x20000009   Data           1  main.o(.data)
    PacketNumber                             0x2000000a   Data           2  main.o(.data)
    RF69_RXtimeout                           0x2000000c   Data           2  main.o(.data)
    c8                                       0x2000000e   Data           3  main.o(.data)
    packnum                                  0x20000011   Data           5  main.o(.data)
    TESTstring                               0x20000016   Data          36  main.o(.data)
    Temperature                              0x2000003a   Data           1  main.o(.data)
    DebugVar0                                0x2000003c   Data           4  main.o(.data)
    Channel                                  0x20000040   Data           1  myeeprom.o(.data)
    ModSetting                               0x20000041   Data           1  myeeprom.o(.data)
    TxPower                                  0x20000042   Data           1  myeeprom.o(.data)
    RbwDcc                                   0x20000043   Data           1  myeeprom.o(.data)
    Rbw                                      0x20000044   Data           1  myeeprom.o(.data)
    AfcDcc                                   0x20000045   Data           1  myeeprom.o(.data)
    Abw                                      0x20000046   Data           1  myeeprom.o(.data)
    AfcSetting                               0x20000047   Data           1  myeeprom.o(.data)
    LbOffset                                 0x20000048   Data           1  myeeprom.o(.data)
    RssiTr                                   0x20000049   Data           1  myeeprom.o(.data)
    Dagc                                     0x2000004a   Data           1  myeeprom.o(.data)
    LnaSetting                               0x2000004b   Data           1  myeeprom.o(.data)
    PkConfig1                                0x2000004c   Data           1  myeeprom.o(.data)
    PkConfig2                                0x2000004d   Data           1  myeeprom.o(.data)
    NdAddr                                   0x2000004e   Data           1  myeeprom.o(.data)
    PkDelay                                  0x2000004f   Data           1  myeeprom.o(.data)
    PkLen                                    0x20000050   Data           1  myeeprom.o(.data)
    RxTo                                     0x20000051   Data           1  myeeprom.o(.data)
    RssiTo                                   0x20000052   Data           1  myeeprom.o(.data)
    RxDelay                                  0x20000053   Data           1  myeeprom.o(.data)
    Tcal                                     0x20000054   Data           1  myeeprom.o(.data)
    TcalValue                                0x20000055   Data           1  myeeprom.o(.data)
    RF69To                                   0x20000056   Data           2  myeeprom.o(.data)
    Tslope                                   0x20000058   Data           2  myeeprom.o(.data)
    F_Base                                   0x2000005c   Data           4  myeeprom.o(.data)
    F_Step                                   0x20000060   Data           4  myeeprom.o(.data)
    F_Offset                                 0x20000064   Data           4  myeeprom.o(.data)
    BitRate                                  0x20000068   Data           4  myeeprom.o(.data)
    Deviation                                0x2000006c   Data           4  myeeprom.o(.data)
    PkCount                                  0x20000070   Data           4  myeeprom.o(.data)
    u32FlashTestFlag                         0x20000074   Data           4  myeeprom.o(.data)
    params                                   0x20000078   Data           4  myeeprom.o(.data)
    SyncWord                                 0x2000007c   Data           8  myeeprom.o(.data)
    TimingDelay                              0x2000008c   Data           2  mytimers.o(.data)
    TxCount                                  0x2000008e   Data           1  myuart.o(.data)
    TxPointer                                0x2000008f   Data           1  myuart.o(.data)
    RxPointer                                0x20000090   Data           1  myuart.o(.data)
    NodeAddr                                 0x20000091   Data           1  rfm69.o(.data)
    TestMode                                 0x20000092   Data           1  testmode.o(.data)
    FreqTest                                 0x20000093   Data           1  testmode.o(.data)
    Command                                  0x20000094   Data           1  testmode.o(.data)
    crc                                      0x20000099   Data           1  testmode.o(.data)
    CommandFlag                              0x2000009a   Data           1  uart_commands.o(.data)
    SystemCoreClock                          0x200000ec   Data           4  system_hc32l136.o(.data)
    TXbuffer                                 0x200000f0   Data         128  myuart.o(.bss)
    RXbuffer                                 0x20000170   Data         128  myuart.o(.bss)
    RF69_TXbuffer                            0x200001f0   Data          66  rfm69.o(.bss)
    RF69_RXbuffer                            0x20000232   Data          66  rfm69.o(.bss)
    RF69_AesKey                              0x20000274   Data          16  rfm69.o(.bss)
    __libspace_start                         0x20000284   Data          96  libspace.o(.bss)
    __temporary_stack_top$libspace           0x200002e4   Data           0  libspace.o(.bss)



==============================================================================

Memory Map of the image

  Image Entry point : 0x000000c1

  Load Region LR_IROM1 (Base: 0x00000000, Size: 0x000031bc, Max: 0x00010000, ABSOLUTE)

    Execution Region ER_IROM1 (Exec base: 0x00000000, Load base: 0x00000000, Size: 0x000030cc, Max: 0x00010000, ABSOLUTE)

    Exec Addr    Load Addr    Size         Type   Attr      Idx    E Section Name        Object

    0x00000000   0x00000000   0x000000c0   Data   RO         5308    RESET               startup_hc32l136.o
    0x000000c0   0x000000c0   0x00000008   Code   RO         5327  * !!!main             c_p.l(__main.o)
    0x000000c8   0x000000c8   0x0000003c   Code   RO         5494    !!!scatter          c_p.l(__scatter.o)
    0x00000104   0x00000104   0x0000001a   Code   RO         5496    !!handler_copy      c_p.l(__scatter_copy.o)
    0x0000011e   0x0000011e   0x00000002   PAD
    0x00000120   0x00000120   0x0000001c   Code   RO         5498    !!handler_zi        c_p.l(__scatter_zi.o)
    0x0000013c   0x0000013c   0x00000002   Code   RO         5367    .ARM.Collect$$libinit$$00000000  c_p.l(libinit.o)
    0x0000013e   0x0000013e   0x00000000   Code   RO         5381    .ARM.Collect$$libinit$$00000002  c_p.l(libinit2.o)
    0x0000013e   0x0000013e   0x00000000   Code   RO         5383    .ARM.Collect$$libinit$$00000004  c_p.l(libinit2.o)
    0x0000013e   0x0000013e   0x00000000   Code   RO         5386    .ARM.Collect$$libinit$$0000000A  c_p.l(libinit2.o)
    0x0000013e   0x0000013e   0x00000000   Code   RO         5388    .ARM.Collect$$libinit$$0000000C  c_p.l(libinit2.o)
    0x0000013e   0x0000013e   0x00000000   Code   RO         5390    .ARM.Collect$$libinit$$0000000E  c_p.l(libinit2.o)
    0x0000013e   0x0000013e   0x00000000   Code   RO         5393    .ARM.Collect$$libinit$$00000011  c_p.l(libinit2.o)
    0x0000013e   0x0000013e   0x00000000   Code   RO         5395    .ARM.Collect$$libinit$$00000013  c_p.l(libinit2.o)
    0x0000013e   0x0000013e   0x00000000   Code   RO         5397    .ARM.Collect$$libinit$$00000015  c_p.l(libinit2.o)
    0x0000013e   0x0000013e   0x00000000   Code   RO         5399    .ARM.Collect$$libinit$$00000017  c_p.l(libinit2.o)
    0x0000013e   0x0000013e   0x00000000   Code   RO         5401    .ARM.Collect$$libinit$$00000019  c_p.l(libinit2.o)
    0x0000013e   0x0000013e   0x00000000   Code   RO         5403    .ARM.Collect$$libinit$$0000001B  c_p.l(libinit2.o)
    0x0000013e   0x0000013e   0x00000000   Code   RO         5405    .ARM.Collect$$libinit$$0000001D  c_p.l(libinit2.o)
    0x0000013e   0x0000013e   0x00000000   Code   RO         5407    .ARM.Collect$$libinit$$0000001F  c_p.l(libinit2.o)
    0x0000013e   0x0000013e   0x00000000   Code   RO         5409    .ARM.Collect$$libinit$$00000021  c_p.l(libinit2.o)
    0x0000013e   0x0000013e   0x00000000   Code   RO         5411    .ARM.Collect$$libinit$$00000023  c_p.l(libinit2.o)
    0x0000013e   0x0000013e   0x00000000   Code   RO         5413    .ARM.Collect$$libinit$$00000025  c_p.l(libinit2.o)
    0x0000013e   0x0000013e   0x00000000   Code   RO         5417    .ARM.Collect$$libinit$$0000002C  c_p.l(libinit2.o)
    0x0000013e   0x0000013e   0x00000000   Code   RO         5419    .ARM.Collect$$libinit$$0000002E  c_p.l(libinit2.o)
    0x0000013e   0x0000013e   0x00000000   Code   RO         5421    .ARM.Collect$$libinit$$00000030  c_p.l(libinit2.o)
    0x0000013e   0x0000013e   0x00000000   Code   RO         5423    .ARM.Collect$$libinit$$00000032  c_p.l(libinit2.o)
    0x0000013e   0x0000013e   0x00000002   Code   RO         5424    .ARM.Collect$$libinit$$00000033  c_p.l(libinit2.o)
    0x00000140   0x00000140   0x00000002   Code   RO         5448    .ARM.Collect$$libshutdown$$00000000  c_p.l(libshutdown.o)
    0x00000142   0x00000142   0x00000000   Code   RO         5474    .ARM.Collect$$libshutdown$$00000002  c_p.l(libshutdown2.o)
    0x00000142   0x00000142   0x00000000   Code   RO         5476    .ARM.Collect$$libshutdown$$00000004  c_p.l(libshutdown2.o)
    0x00000142   0x00000142   0x00000000   Code   RO         5478    .ARM.Collect$$libshutdown$$00000006  c_p.l(libshutdown2.o)
    0x00000142   0x00000142   0x00000000   Code   RO         5481    .ARM.Collect$$libshutdown$$00000009  c_p.l(libshutdown2.o)
    0x00000142   0x00000142   0x00000000   Code   RO         5484    .ARM.Collect$$libshutdown$$0000000C  c_p.l(libshutdown2.o)
    0x00000142   0x00000142   0x00000000   Code   RO         5486    .ARM.Collect$$libshutdown$$0000000E  c_p.l(libshutdown2.o)
    0x00000142   0x00000142   0x00000000   Code   RO         5489    .ARM.Collect$$libshutdown$$00000011  c_p.l(libshutdown2.o)
    0x00000142   0x00000142   0x00000002   Code   RO         5490    .ARM.Collect$$libshutdown$$00000012  c_p.l(libshutdown2.o)
    0x00000144   0x00000144   0x00000000   Code   RO         5331    .ARM.Collect$$rtentry$$00000000  c_p.l(__rtentry.o)
    0x00000144   0x00000144   0x00000000   Code   RO         5337    .ARM.Collect$$rtentry$$00000002  c_p.l(__rtentry2.o)
    0x00000144   0x00000144   0x00000006   Code   RO         5349    .ARM.Collect$$rtentry$$00000004  c_p.l(__rtentry4.o)
    0x0000014a   0x0000014a   0x00000000   Code   RO         5339    .ARM.Collect$$rtentry$$00000009  c_p.l(__rtentry2.o)
    0x0000014a   0x0000014a   0x00000004   Code   RO         5340    .ARM.Collect$$rtentry$$0000000A  c_p.l(__rtentry2.o)
    0x0000014e   0x0000014e   0x00000000   Code   RO         5342    .ARM.Collect$$rtentry$$0000000C  c_p.l(__rtentry2.o)
    0x0000014e   0x0000014e   0x00000008   Code   RO         5343    .ARM.Collect$$rtentry$$0000000D  c_p.l(__rtentry2.o)
    0x00000156   0x00000156   0x00000002   Code   RO         5372    .ARM.Collect$$rtexit$$00000000  c_p.l(rtexit.o)
    0x00000158   0x00000158   0x00000000   Code   RO         5426    .ARM.Collect$$rtexit$$00000002  c_p.l(rtexit2.o)
    0x00000158   0x00000158   0x00000004   Code   RO         5427    .ARM.Collect$$rtexit$$00000003  c_p.l(rtexit2.o)
    0x0000015c   0x0000015c   0x00000006   Code   RO         5428    .ARM.Collect$$rtexit$$00000004  c_p.l(rtexit2.o)
    0x00000162   0x00000162   0x00000002   PAD
    0x00000164   0x00000164   0x00000038   Code   RO         5317    .emb_text           c_p.l(rt_memcpy.o)
    0x0000019c   0x0000019c   0x00000058   Code   RO         5309    .text               startup_hc32l136.o
    0x000001f4   0x000001f4   0x00000002   Code   RO         5315    .text               c_p.l(use_no_semi_2.o)
    0x000001f6   0x000001f6   0x0000015a   Code   RO         5321    .text               c_p.l(aeabi_sdiv.o)
    0x00000350   0x00000350   0x00000006   Code   RO         5325    .text               c_p.l(heapauxi.o)
    0x00000356   0x00000356   0x00000002   Code   RO         5329    .text               c_p.l(use_no_semi.o)
    0x00000358   0x00000358   0x0000003e   Code   RO         5353    .text               c_p.l(sys_stackheap_outer.o)
    0x00000396   0x00000396   0x00000010   Code   RO         5356    .text               c_p.l(exit.o)
    0x000003a6   0x000003a6   0x00000002   PAD
    0x000003a8   0x000003a8   0x00000008   Code   RO         5368    .text               c_p.l(libspace.o)
    0x000003b0   0x000003b0   0x00000018   Code   RO         1682    i.Bt_ClearIntFlag   bt.o
    0x000003c8   0x000003c8   0x00000014   Code   RO         1683    i.Bt_GetIntFlag     bt.o
    0x000003dc   0x000003dc   0x00000038   Code   RO         1684    i.Bt_M0_ARRSet      bt.o
    0x00000414   0x00000414   0x00000038   Code   RO         1686    i.Bt_M0_Cnt16Set    bt.o
    0x0000044c   0x0000044c   0x00000018   Code   RO         1690    i.Bt_M0_Run         bt.o
    0x00000464   0x00000464   0x0000001c   Code   RO         1724    i.Bt_Mode0_EnableIrq  bt.o
    0x00000480   0x00000480   0x0000018c   Code   RO         1725    i.Bt_Mode0_Init     bt.o
    0x0000060c   0x0000060c   0x0000000c   Code   RO          412    i.DE_Off            myuart.o
    0x00000618   0x00000618   0x0000000c   Code   RO          413    i.DE_On             myuart.o
    0x00000624   0x00000624   0x0000000e   Code   RO          249    i.DIO0_disableIRQ   mygpio.o
    0x00000632   0x00000632   0x0000000e   Code   RO          250    i.DIO0_enableIRQ    mygpio.o
    0x00000640   0x00000640   0x0000019c   Code   RO          185    i.EEPROM_init       myeeprom.o
    0x000007dc   0x000007dc   0x000000a0   Code   RO          186    i.EEPROM_readparameters  myeeprom.o
    0x0000087c   0x0000087c   0x00000184   Code   RO          187    i.EEPROM_writeparameters  myeeprom.o
    0x00000a00   0x00000a00   0x00000080   Code   RO         5056    i.EnableNvic        interrupts_hc32l136.o
    0x00000a80   0x00000a80   0x00000044   Code   RO          188    i.FlashInt          myeeprom.o
    0x00000ac4   0x00000ac4   0x0000005c   Code   RO         2491    i.Flash_ClearIntFlag  flash.o
    0x00000b20   0x00000b20   0x00000068   Code   RO         2492    i.Flash_DisableIrq  flash.o
    0x00000b88   0x00000b88   0x00000020   Code   RO         2494    i.Flash_GetIntFlag  flash.o
    0x00000ba8   0x00000ba8   0x000001d8   Code   RO         2495    i.Flash_Init        flash.o
    0x00000d80   0x00000d80   0x0000008c   Code   RO         2497    i.Flash_SectorErase  flash.o
    0x00000e0c   0x00000e0c   0x00000090   Code   RO         2501    i.Flash_WriteHalfWord  flash.o
    0x00000e9c   0x00000e9c   0x00000090   Code   RO         2502    i.Flash_WriteWord   flash.o
    0x00000f2c   0x00000f2c   0x00000018   Code   RO         2593    i.Gpio_ClearIrq     gpio.o
    0x00000f44   0x00000f44   0x00000018   Code   RO         2594    i.Gpio_ClrIO        gpio.o
    0x00000f5c   0x00000f5c   0x0000000c   Code   RO         2596    i.Gpio_DisableIrq   gpio.o
    0x00000f68   0x00000f68   0x0000000c   Code   RO         2597    i.Gpio_EnableIrq    gpio.o
    0x00000f74   0x00000f74   0x00000014   Code   RO         2599    i.Gpio_GetInputIO   gpio.o
    0x00000f88   0x00000f88   0x00000014   Code   RO         2600    i.Gpio_GetIrqStatus  gpio.o
    0x00000f9c   0x00000f9c   0x00000090   Code   RO         2601    i.Gpio_Init         gpio.o
    0x0000102c   0x0000102c   0x00000014   Code   RO         2603    i.Gpio_SetAfMode    gpio.o
    0x00001040   0x00001040   0x00000018   Code   RO         2606    i.Gpio_SetIO        gpio.o
    0x00001058   0x00001058   0x0000000c   Code   RO          251    i.Green_Off         mygpio.o
    0x00001064   0x00001064   0x0000000c   Code   RO          252    i.Green_On          mygpio.o
    0x00001070   0x00001070   0x0000000c   Code   RO         5057    i.HardFault_Handler  interrupts_hc32l136.o
    0x0000107c   0x0000107c   0x0000000a   Code   RO         5058    i.IRQ000_Handler    interrupts_hc32l136.o
    0x00001086   0x00001086   0x0000000a   Code   RO         5059    i.IRQ001_Handler    interrupts_hc32l136.o
    0x00001090   0x00001090   0x0000000a   Code   RO         5060    i.IRQ002_Handler    interrupts_hc32l136.o
    0x0000109a   0x0000109a   0x00000002   PAD
    0x0000109c   0x0000109c   0x00000024   Code   RO          253    i.IRQ003_Handler    mygpio.o
    0x000010c0   0x000010c0   0x0000000a   Code   RO         5061    i.IRQ004_Handler    interrupts_hc32l136.o
    0x000010ca   0x000010ca   0x0000000a   Code   RO         5062    i.IRQ005_Handler    interrupts_hc32l136.o
    0x000010d4   0x000010d4   0x00000084   Code   RO          414    i.IRQ006_Handler    myuart.o
    0x00001158   0x00001158   0x0000000a   Code   RO         5063    i.IRQ007_Handler    interrupts_hc32l136.o
    0x00001162   0x00001162   0x0000000a   Code   RO         5064    i.IRQ008_Handler    interrupts_hc32l136.o
    0x0000116c   0x0000116c   0x0000000a   Code   RO         5065    i.IRQ009_Handler    interrupts_hc32l136.o
    0x00001176   0x00001176   0x0000000a   Code   RO         5066    i.IRQ010_Handler    interrupts_hc32l136.o
    0x00001180   0x00001180   0x0000000a   Code   RO         5067    i.IRQ011_Handler    interrupts_hc32l136.o
    0x0000118a   0x0000118a   0x0000000a   Code   RO         5068    i.IRQ012_Handler    interrupts_hc32l136.o
    0x00001194   0x00001194   0x0000000a   Code   RO         5069    i.IRQ013_Handler    interrupts_hc32l136.o
    0x0000119e   0x0000119e   0x00000002   PAD
    0x000011a0   0x000011a0   0x0000005c   Code   RO          367    i.IRQ014_Handler    mytimers.o
    0x000011fc   0x000011fc   0x0000000a   Code   RO         5070    i.IRQ015_Handler    interrupts_hc32l136.o
    0x00001206   0x00001206   0x0000000a   Code   RO         5071    i.IRQ016_Handler    interrupts_hc32l136.o
    0x00001210   0x00001210   0x0000000a   Code   RO         5072    i.IRQ017_Handler    interrupts_hc32l136.o
    0x0000121a   0x0000121a   0x0000000a   Code   RO         5073    i.IRQ018_Handler    interrupts_hc32l136.o
    0x00001224   0x00001224   0x0000000a   Code   RO         5074    i.IRQ019_Handler    interrupts_hc32l136.o
    0x0000122e   0x0000122e   0x0000000a   Code   RO         5075    i.IRQ020_Handler    interrupts_hc32l136.o
    0x00001238   0x00001238   0x0000000a   Code   RO         5076    i.IRQ021_Handler    interrupts_hc32l136.o
    0x00001242   0x00001242   0x0000000a   Code   RO         5077    i.IRQ022_Handler    interrupts_hc32l136.o
    0x0000124c   0x0000124c   0x0000000a   Code   RO         5078    i.IRQ023_Handler    interrupts_hc32l136.o
    0x00001256   0x00001256   0x0000000a   Code   RO         5079    i.IRQ024_Handler    interrupts_hc32l136.o
    0x00001260   0x00001260   0x0000000a   Code   RO         5080    i.IRQ025_Handler    interrupts_hc32l136.o
    0x0000126a   0x0000126a   0x0000000a   Code   RO         5081    i.IRQ026_Handler    interrupts_hc32l136.o
    0x00001274   0x00001274   0x0000000a   Code   RO         5082    i.IRQ027_Handler    interrupts_hc32l136.o
    0x0000127e   0x0000127e   0x0000000a   Code   RO         5083    i.IRQ028_Handler    interrupts_hc32l136.o
    0x00001288   0x00001288   0x0000000a   Code   RO         5084    i.IRQ029_Handler    interrupts_hc32l136.o
    0x00001292   0x00001292   0x0000000a   Code   RO         5085    i.IRQ030_Handler    interrupts_hc32l136.o
    0x0000129c   0x0000129c   0x0000000a   Code   RO         5086    i.IRQ031_Handler    interrupts_hc32l136.o
    0x000012a6   0x000012a6   0x00000050   Code   RO          313    i.RF69_HWreset      myspi.o
    0x000012f6   0x000012f6   0x00000002   PAD
    0x000012f8   0x000012f8   0x00000030   Code   RO          481    i.RF69_calctemp     rfm69.o
    0x00001328   0x00001328   0x0000000c   Code   RO          484    i.RF69_clearFIFO    rfm69.o
    0x00001334   0x00001334   0x0000000c   Code   RO          314    i.RF69_deselect     myspi.o
    0x00001340   0x00001340   0x0000000c   Code   RO          489    i.RF69_getRSSI      rfm69.o
    0x0000134c   0x0000134c   0x0000000a   Code   RO          491    i.RF69_getversion   rfm69.o
    0x00001356   0x00001356   0x00000002   PAD
    0x00001358   0x00001358   0x00000134   Code   RO          492    i.RF69_init         rfm69.o
    0x0000148c   0x0000148c   0x00000020   Code   RO          494    i.RF69_readreg      rfm69.o
    0x000014ac   0x000014ac   0x00000034   Code   RO          495    i.RF69_restartRX    rfm69.o
    0x000014e0   0x000014e0   0x0000000c   Code   RO          315    i.RF69_select       myspi.o
    0x000014ec   0x000014ec   0x00000044   Code   RO          496    i.RF69_sendpacket   rfm69.o
    0x00001530   0x00001530   0x0000000c   Code   RO          498    i.RF69_setAFC       rfm69.o
    0x0000153c   0x0000153c   0x0000000c   Code   RO          499    i.RF69_setAFCBW     rfm69.o
    0x00001548   0x00001548   0x0000000c   Code   RO          500    i.RF69_setAFClowbeta  rfm69.o
    0x00001554   0x00001554   0x0000000c   Code   RO          502    i.RF69_setBrAddr    rfm69.o
    0x00001560   0x00001560   0x00000016   Code   RO          503    i.RF69_setDIOmapping  rfm69.o
    0x00001576   0x00001576   0x0000000c   Code   RO          505    i.RF69_setLNAgain   rfm69.o
    0x00001582   0x00001582   0x0000000c   Code   RO          507    i.RF69_setNodeAddr  rfm69.o
    0x0000158e   0x0000158e   0x0000000c   Code   RO          508    i.RF69_setPAramp    rfm69.o
    0x0000159a   0x0000159a   0x0000000c   Code   RO          509    i.RF69_setPacketConfig1  rfm69.o
    0x000015a6   0x000015a6   0x0000000c   Code   RO          510    i.RF69_setPacketConfig2  rfm69.o
    0x000015b2   0x000015b2   0x0000000c   Code   RO          511    i.RF69_setPayLen    rfm69.o
    0x000015be   0x000015be   0x00000016   Code   RO          512    i.RF69_setPreambleSize  rfm69.o
    0x000015d4   0x000015d4   0x0000000c   Code   RO          513    i.RF69_setRSSItr    rfm69.o
    0x000015e0   0x000015e0   0x0000000c   Code   RO          514    i.RF69_setRXBW      rfm69.o
    0x000015ec   0x000015ec   0x00000016   Code   RO          515    i.RF69_setRXtimeouts  rfm69.o
    0x00001602   0x00001602   0x0000000c   Code   RO          516    i.RF69_setSyncConfig  rfm69.o
    0x0000160e   0x0000160e   0x00000002   PAD
    0x00001610   0x00001610   0x00000020   Code   RO          517    i.RF69_setSyncValue  rfm69.o
    0x00001630   0x00001630   0x00000024   Code   RO          518    i.RF69_setbitrate   rfm69.o
    0x00001654   0x00001654   0x0000008c   Code   RO          519    i.RF69_setchannel   rfm69.o
    0x000016e0   0x000016e0   0x00000024   Code   RO          520    i.RF69_setdeviation  rfm69.o
    0x00001704   0x00001704   0x0000000c   Code   RO          521    i.RF69_setmodulation  rfm69.o
    0x00001710   0x00001710   0x00000024   Code   RO          522    i.RF69_setopmode    rfm69.o
    0x00001734   0x00001734   0x0000000e   Code   RO          523    i.RF69_setpower     rfm69.o
    0x00001742   0x00001742   0x0000000c   Code   RO          525    i.RF69_startRSSI    rfm69.o
    0x0000174e   0x0000174e   0x0000001e   Code   RO          526    i.RF69_tempmeas     rfm69.o
    0x0000176c   0x0000176c   0x00000020   Code   RO          528    i.RF69_writereg     rfm69.o
    0x0000178c   0x0000178c   0x0000000c   Code   RO          254    i.Red_Off           mygpio.o
    0x00001798   0x00001798   0x0000000c   Code   RO          255    i.Red_On            mygpio.o
    0x000017a4   0x000017a4   0x0000010c   Code   RO         4041    i.Spi_Init          spi.o
    0x000018b0   0x000018b0   0x00000034   Code   RO         4042    i.Spi_MasterTransfer  spi.o
    0x000018e4   0x000018e4   0x00000018   Code   RO         4045    i.Spi_SetCS         spi.o
    0x000018fc   0x000018fc   0x00000064   Code   RO         4122    i.Sysctrl_ClkInit   sysctrl.o
    0x00001960   0x00001960   0x000000d0   Code   RO         4123    i.Sysctrl_ClkSourceEnable  sysctrl.o
    0x00001a30   0x00001a30   0x0000013c   Code   RO         4124    i.Sysctrl_GetHClkFreq  sysctrl.o
    0x00001b6c   0x00001b6c   0x00000018   Code   RO         4125    i.Sysctrl_GetPClkFreq  sysctrl.o
    0x00001b84   0x00001b84   0x00000024   Code   RO         4128    i.Sysctrl_SetHCLKDiv  sysctrl.o
    0x00001ba8   0x00001ba8   0x00000024   Code   RO         4129    i.Sysctrl_SetPCLKDiv  sysctrl.o
    0x00001bcc   0x00001bcc   0x00000020   Code   RO         4131    i.Sysctrl_SetPLLStableTime  sysctrl.o
    0x00001bec   0x00001bec   0x00000020   Code   RO         4132    i.Sysctrl_SetPeripheralGate  sysctrl.o
    0x00001c0c   0x00001c0c   0x00000048   Code   RO         4133    i.Sysctrl_SetRCHTrim  sysctrl.o
    0x00001c54   0x00001c54   0x00000020   Code   RO         4134    i.Sysctrl_SetRCLStableTime  sysctrl.o
    0x00001c74   0x00001c74   0x00000034   Code   RO         4135    i.Sysctrl_SetRCLTrim  sysctrl.o
    0x00001ca8   0x00001ca8   0x0000001c   Code   RO         4138    i.Sysctrl_SetXTHStableTime  sysctrl.o
    0x00001cc4   0x00001cc4   0x0000001c   Code   RO         4139    i.Sysctrl_SetXTLStableTime  sysctrl.o
    0x00001ce0   0x00001ce0   0x00000028   Code   RO         4140    i.Sysctrl_SysClkSwitch  sysctrl.o
    0x00001d08   0x00001d08   0x0000001c   Code   RO         4141    i.Sysctrl_XTHDriverConfig  sysctrl.o
    0x00001d24   0x00001d24   0x0000002c   Code   RO         4142    i.Sysctrl_XTLDriverConfig  sysctrl.o
    0x00001d50   0x00001d50   0x00000010   Code   RO         5263    i.SystemCoreClockUpdate  system_hc32l136.o
    0x00001d60   0x00001d60   0x00000024   Code   RO         5264    i.SystemInit        system_hc32l136.o
    0x00001d84   0x00001d84   0x000000c0   Code   RO            3    i.UART_senddata     main.o
    0x00001e44   0x00001e44   0x0000003c   Code   RO          415    i.USART_SendBlock   myuart.o
    0x00001e80   0x00001e80   0x000000d8   Code   RO          416    i.USART_init        myuart.o
    0x00001f58   0x00001f58   0x0000002c   Code   RO         4687    i.UartGetInternDataPtr  uart.o
    0x00001f84   0x00001f84   0x00000010   Code   RO         4689    i.Uart_ClrIsr       uart.o
    0x00001f94   0x00001f94   0x0000004e   Code   RO         4690    i.Uart_ClrStatus    uart.o
    0x00001fe2   0x00001fe2   0x00000060   Code   RO         4692    i.Uart_DisableIrq   uart.o
    0x00002042   0x00002042   0x00000054   Code   RO         4693    i.Uart_EnableFunc   uart.o
    0x00002096   0x00002096   0x0000005e   Code   RO         4694    i.Uart_EnableIrq    uart.o
    0x000020f4   0x000020f4   0x0000005e   Code   RO         4698    i.Uart_GetStatus    uart.o
    0x00002152   0x00002152   0x00000002   PAD
    0x00002154   0x00002154   0x000000a4   Code   RO         4700    i.Uart_Init         uart.o
    0x000021f8   0x000021f8   0x00000010   Code   RO         4703    i.Uart_SetBaud      uart.o
    0x00002208   0x00002208   0x0000001e   Code   RO         4704    i.Uart_SetClkDiv    uart.o
    0x00002226   0x00002226   0x00000024   Code   RO         4705    i.Uart_SetMMDOrCk   uart.o
    0x0000224a   0x0000224a   0x00000024   Code   RO         4706    i.Uart_SetMode      uart.o
    0x0000226e   0x0000226e   0x0000003e   Code   RO         4707    i.Uart_SetMultiMode  uart.o
    0x000022ac   0x000022ac   0x0000002e   Code   RO         4710    i.Uart_SetStopBit   uart.o
    0x000022da   0x000022da   0x00000002   PAD
    0x000022dc   0x000022dc   0x0000005c   Code   RO         2619    i._GpioEnableIrq    gpio.o
    0x00002338   0x00002338   0x00000018   Code   RO         4143    i._SysctrlUnlock    sysctrl.o
    0x00002350   0x00002350   0x0000001a   Code   RO          844    i.__ARM_common_switch8  testmode.o
    0x0000236a   0x0000236a   0x00000002   PAD
    0x0000236c   0x0000236c   0x00000018   Code   RO         4711    i.__NVIC_ClearPendingIRQ  uart.o
    0x00002384   0x00002384   0x00000044   Code   RO         4712    i.__NVIC_SetPriority  uart.o
    0x000023c8   0x000023c8   0x00000002   Code   RO         2111    i._sys_exit         ddl.o
    0x000023ca   0x000023ca   0x00000002   PAD
    0x000023cc   0x000023cc   0x00000034   Code   RO          417    i.cbUSART1_RXirq    myuart.o
    0x00002400   0x00002400   0x00000050   Code   RO          768    i.cbUSART1_RXtestirq  testmode.o
    0x00002450   0x00002450   0x00000010   Code   RO          316    i.checkDIO0         myspi.o
    0x00002460   0x00002460   0x00000088   Code   RO          368    i.check_keys        mytimers.o
    0x000024e8   0x000024e8   0x00000044   Code   RO          769    i.checkpacket       testmode.o
    0x0000252c   0x0000252c   0x00000024   Code   RO          770    i.clearRxBuff       testmode.o
    0x00002550   0x00002550   0x0000002c   Code   RO          771    i.compTxCRC         testmode.o
    0x0000257c   0x0000257c   0x00000030   Code   RO          772    i.comp_crc          testmode.o
    0x000025ac   0x000025ac   0x00000044   Code   RO            4    i.convert           main.o
    0x000025f0   0x000025f0   0x00000024   Code   RO            5    i.convert8          main.o
    0x00002614   0x00002614   0x00000012   Code   RO         2113    i.ddl_memclr        ddl.o
    0x00002626   0x00002626   0x00000002   PAD
    0x00002628   0x00002628   0x00000014   Code   RO          369    i.delay_ms          mytimers.o
    0x0000263c   0x0000263c   0x0000035c   Code   RO          859    i.handlecommand     uart_commands.o
    0x00002998   0x00002998   0x000000a2   Code   RO          256    i.initIO            mygpio.o
    0x00002a3a   0x00002a3a   0x0000009c   Code   RO          317    i.initSPI           myspi.o
    0x00002ad6   0x00002ad6   0x0000007e   Code   RO          370    i.initTIM0          mytimers.o
    0x00002b54   0x00002b54   0x000000b4   Code   RO            6    i.main              main.o
    0x00002c08   0x00002c08   0x0000001c   Code   RO          773    i.nocommand         testmode.o
    0x00002c24   0x00002c24   0x0000005c   Code   RO          774    i.rec_command       testmode.o
    0x00002c80   0x00002c80   0x00000030   Code   RO          775    i.rec_headH         testmode.o
    0x00002cb0   0x00002cb0   0x00000048   Code   RO          776    i.rec_headL         testmode.o
    0x00002cf8   0x00002cf8   0x00000034   Code   RO          777    i.rec_param         testmode.o
    0x00002d2c   0x00002d2c   0x00000014   Code   RO          861    i.sendOK            uart_commands.o
    0x00002d40   0x00002d40   0x000000a4   Code   RO            7    i.sendanswerpacket  main.o
    0x00002de4   0x00002de4   0x000000a0   Code   RO            8    i.sendtestpacket    main.o
    0x00002e84   0x00002e84   0x0000002c   Code   RO          862    i.sendtuningresponse  uart_commands.o
    0x00002eb0   0x00002eb0   0x0000000c   Code   RO          318    i.spi_transfer      myspi.o
    0x00002ebc   0x00002ebc   0x00000028   Code   RO            9    i.switch_to_rx      main.o
    0x00002ee4   0x00002ee4   0x00000016   Code   RO           10    i.switch_to_tx      main.o
    0x00002efa   0x00002efa   0x00000002   PAD
    0x00002efc   0x00002efc   0x00000068   Code   RO          778    i.test_loop         testmode.o
    0x00002f64   0x00002f64   0x000000fc   Code   RO           11    i.user_loop         main.o
    0x00003060   0x00003060   0x00000008   Code   RO          189    i.write_eeprom_halfw  myeeprom.o
    0x00003068   0x00003068   0x00000008   Code   RO          190    i.write_eeprom_word  myeeprom.o
    0x00003070   0x00003070   0x00000008   Data   RO          191    .constdata          myeeprom.o
    0x00003078   0x00003078   0x0000001c   Data   RO          863    .constdata          uart_commands.o
    0x00003094   0x00003094   0x00000018   Data   RO         4144    .constdata          sysctrl.o
    0x000030ac   0x000030ac   0x00000020   Data   RO         5492    Region$$Table       anon$$obj.o


    Execution Region RW_IRAM1 (Exec base: 0x20000000, Load base: 0x000030cc, Size: 0x000006e8, Max: 0x00002000, ABSOLUTE)

    Exec Addr    Load Addr    Size         Type   Attr      Idx    E Section Name        Object

    0x20000000   0x000030cc   0x0000003a   Data   RW           12    .data               main.o
    0x2000003a   0x00003106   0x00000001   Data   RW           13    .data               main.o
    0x2000003b   0x00003107   0x00000001   PAD
    0x2000003c   0x00003108   0x00000004   Data   RW           14    .data               main.o
    0x20000040   0x0000310c   0x00000044   Data   RW          192    .data               myeeprom.o
    0x20000084   0x00003150   0x0000000a   Data   RW          371    .data               mytimers.o
    0x2000008e   0x0000315a   0x00000003   Data   RW          420    .data               myuart.o
    0x20000091   0x0000315d   0x00000001   Data   RW          530    .data               rfm69.o
    0x20000092   0x0000315e   0x00000008   Data   RW          779    .data               testmode.o
    0x2000009a   0x00003166   0x00000001   Data   RW          864    .data               uart_commands.o
    0x2000009b   0x00003167   0x00000001   PAD
    0x2000009c   0x00003168   0x0000000c   Data   RW         1733    .data               bt.o
    0x200000a8   0x00003174   0x00000004   Data   RW         2503    .data               flash.o
    0x200000ac   0x00003178   0x00000008   Data   RW         4046    .data               spi.o
    0x200000b4   0x00003180   0x00000038   Data   RW         4713    .data               uart.o
    0x200000ec   0x000031b8   0x00000004   Data   RW         5265    .data               system_hc32l136.o
    0x200000f0        -       0x00000100   Zero   RW          419    .bss                myuart.o
    0x200001f0        -       0x00000094   Zero   RW          529    .bss                rfm69.o
    0x20000284        -       0x00000060   Zero   RW         5369    .bss                c_p.l(libspace.o)
    0x200002e4   0x000031bc   0x00000004   PAD
    0x200002e8        -       0x00000200   Zero   RW         5307    HEAP                startup_hc32l136.o
    0x200004e8        -       0x00000200   Zero   RW         5306    STACK               startup_hc32l136.o


==============================================================================

Image component sizes


      Code (inc. data)   RO Data    RW Data    ZI Data      Debug   Object Name

         0          0          0          0          0       7852   adt.o
       604         64          0         12          0       4915   bt.o
        20          0          0          0          0       1400   ddl.o
      1128        110          0          4          0       4700   flash.o
       392         52          0          0          0       5732   gpio.o
       430         18          0          0          0      22034   interrupts_hc32l136.o
      1114        108          0         63          0     142895   main.o
      1044         56          8         68          0       5953   myeeprom.o
       274          6          0          0          0       3687   mygpio.o
       288          0          0          0          0       2686   myspi.o
       374         32          0         10          0       2670   mytimers.o
       484         40          0          3        256       5440   myuart.o
      1144        138          0          1        148      16455   rfm69.o
       344         30          0          8          0       2492   spi.o
        88         40        192          0       1024        620   startup_hc32l136.o
      1132        146         24          0          0      10803   sysctrl.o
        52         12          0          4          0       1583   system_hc32l136.o
       698        142          0          8          0       6136   testmode.o
       988         70          0         56          0      11240   uart.o
       924        166         28          1          0       2652   uart_commands.o

    ----------------------------------------------------------------------
     11544       1230        284        240       1428     261945   Object Totals
         0          0         32          0          0          0   (incl. Generated)
        22          0          0          2          0          0   (incl. Padding)

    ----------------------------------------------------------------------

      Code (inc. data)   RO Data    RW Data    ZI Data      Debug   Library Member Name

         8          0          0          0          0         68   __main.o
         0          0          0          0          0          0   __rtentry.o
        12          0          0          0          0          0   __rtentry2.o
         6          0          0          0          0          0   __rtentry4.o
        60          8          0          0          0          0   __scatter.o
        26          0          0          0          0          0   __scatter_copy.o
        28          0          0          0          0          0   __scatter_zi.o
       346          0          0          0          0         92   aeabi_sdiv.o
        16          0          0          0          0         68   exit.o
         6          0          0          0          0        136   heapauxi.o
         2          0          0          0          0          0   libinit.o
         2          0          0          0          0          0   libinit2.o
         2          0          0          0          0          0   libshutdown.o
         2          0          0          0          0          0   libshutdown2.o
         8          4          0          0         96         68   libspace.o
        56          0          0          0          0         68   rt_memcpy.o
         2          0          0          0          0          0   rtexit.o
        10          0          0          0          0          0   rtexit2.o
        62          0          0          0          0         80   sys_stackheap_outer.o
         2          0          0          0          0         68   use_no_semi.o
         2          0          0          0          0         68   use_no_semi_2.o

    ----------------------------------------------------------------------
       664         12          0          0        100        716   Library Totals
         6          0          0          0          4          0   (incl. Padding)

    ----------------------------------------------------------------------

      Code (inc. data)   RO Data    RW Data    ZI Data      Debug   Library Name

       658         12          0          0         96        716   c_p.l

    ----------------------------------------------------------------------
       664         12          0          0        100        716   Library Totals

    ----------------------------------------------------------------------

==============================================================================


      Code (inc. data)   RO Data    RW Data    ZI Data      Debug   

     12208       1242        284        240       1528     254669   Grand Totals
     12208       1242        284        240       1528     254669   ELF Image Totals
     12208       1242        284        240          0          0   ROM Totals

==============================================================================

    Total RO  Size (Code + RO Data)                12492 (  12.20kB)
    Total RW  Size (RW Data + ZI Data)              1768 (   1.73kB)
    Total ROM Size (Code + RO Data + RW Data)      12732 (  12.43kB)

==============================================================================

